Archive member included to satisfy reference by file (symbol)

C:/Users/ACER/SimplicityStudio/SDKs/simplicity_sdk_2//platform/radio/rail_lib/autogen/librail_release/librail_efr32xg26_gcc_release.a(rail_rx.o)
                              ./simplicity_sdk_2025.6.0/platform/service/legacy_hal/src/base-replacement.o (symbol from plugin) (RAIL_GetRadioEntropy)
C:/Users/ACER/SimplicityStudio/SDKs/simplicity_sdk_2//platform/radio/rail_lib/autogen/librail_release/librail_efr32xg26_gcc_release.a(rail_tx.o)
                              ./simplicity_sdk_2025.6.0/platform/radio/rail_lib/plugin/pa-conversions/pa_conversions_efr32.o (symbol from plugin) (RAIL_SetTxPowerDbm)
C:/Users/ACER/SimplicityStudio/SDKs/simplicity_sdk_2//platform/radio/rail_lib/autogen/librail_release/librail_efr32xg26_gcc_release.a(rail_data.o)
                              C:/Users/ACER/SimplicityStudio/SDKs/simplicity_sdk_2//platform/radio/rail_lib/autogen/librail_release/librail_efr32xg26_gcc_release.a(rail_rx.o) (sli_rail_f66fab2bd9ca95e764ec1163bf5d8b5d)
C:/Users/ACER/SimplicityStudio/SDKs/simplicity_sdk_2//platform/radio/rail_lib/autogen/librail_release/librail_efr32xg26_gcc_release.a(rail_pti.o)
                              ./simplicity_sdk_2025.6.0/platform/radio/rail_lib/plugin/rail_util_pti/sl_rail_util_pti.o (symbol from plugin) (sl_rail_config_pti)
C:/Users/ACER/SimplicityStudio/SDKs/simplicity_sdk_2//platform/radio/rail_lib/autogen/librail_release/librail_efr32xg26_gcc_release.a(rail_timer.o)
                              ./simplicity_sdk_2025.6.0/platform/service/legacy_hal/src/base-replacement.o (symbol from plugin) (RAIL_DelayUs)
C:/Users/ACER/SimplicityStudio/SDKs/simplicity_sdk_2//platform/radio/rail_lib/autogen/librail_release/librail_efr32xg26_gcc_release.a(rail_features.o)
                              ./simplicity_sdk_2025.6.0/platform/radio/rail_lib/plugin/pa-conversions/pa_conversions_efr32.o (symbol from plugin) (RAIL_SupportsTxPowerModeAlt)
C:/Users/ACER/SimplicityStudio/SDKs/simplicity_sdk_2//platform/radio/rail_lib/autogen/librail_release/librail_efr32xg26_gcc_release.a(tmrdrv.o)
                              C:/Users/ACER/SimplicityStudio/SDKs/simplicity_sdk_2//platform/radio/rail_lib/autogen/librail_release/librail_efr32xg26_gcc_release.a(rail_timer.o) (sli_rail_03a02e949ccb07bdf2c116a95bc1063d)
C:/Users/ACER/SimplicityStudio/SDKs/simplicity_sdk_2//platform/radio/rail_lib/autogen/librail_release/librail_efr32xg26_gcc_release.a(tmrdrv_config.o)
                              C:/Users/ACER/SimplicityStudio/SDKs/simplicity_sdk_2//platform/radio/rail_lib/autogen/librail_release/librail_efr32xg26_gcc_release.a(tmrdrv.o) (sli_rail_47ca1afb9bdf7beb1cf53c552f662e9e)
C:/Users/ACER/SimplicityStudio/SDKs/simplicity_sdk_2//platform/radio/rail_lib/autogen/librail_release/librail_efr32xg26_gcc_release.a(pa_auto_mode.o)
                              C:/Users/ACER/SimplicityStudio/SDKs/simplicity_sdk_2//platform/radio/rail_lib/autogen/librail_release/librail_efr32xg26_gcc_release.a(rail_tx.o) (RAILCb_PaAutoModeDecision)
C:/Users/ACER/SimplicityStudio/SDKs/simplicity_sdk_2//platform/radio/rail_lib/autogen/librail_release/librail_efr32xg26_gcc_release.a(rail_ieee802154.o)
                              ./simplicity_sdk_2025.6.0/protocol/zigbee/app/framework/cli/core-cli.o (symbol from plugin) (sl_rail_ieee802154_get_phy_id)
C:/Users/ACER/SimplicityStudio/SDKs/simplicity_sdk_2//platform/radio/rail_lib/autogen/librail_release/librail_efr32xg26_gcc_release.a(rail_ble.o)
                              C:/Users/ACER/SimplicityStudio/SDKs/simplicity_sdk_2//platform/radio/rail_lib/autogen/librail_release/librail_efr32xg26_gcc_release.a(rail_tx.o) (sl_rail_ble_is_enabled)
C:/Users/ACER/SimplicityStudio/SDKs/simplicity_sdk_2//platform/radio/rail_lib/autogen/librail_release/librail_efr32xg26_gcc_release.a(rail_power_manager.o)
                              ./simplicity_sdk_2025.6.0/platform/radio/rail_lib/plugin/rail_util_power_manager_init/sl_rail_util_power_manager_init.o (symbol from plugin) (sl_rail_init_power_manager)
C:/Users/ACER/SimplicityStudio/SDKs/simplicity_sdk_2//platform/radio/rail_lib/autogen/librail_release/librail_efr32xg26_gcc_release.a(rail_user_sequencer.o)
                              ./simplicity_sdk_2025.6.0/platform/radio/rail_lib/plugin/rail_util_sequencer/sl_rail_util_sequencer.o (symbol from plugin) (sl_rail_load_sequencer_image_0)
C:/Users/ACER/SimplicityStudio/SDKs/simplicity_sdk_2//platform/radio/rail_lib/autogen/librail_release/librail_efr32xg26_gcc_release.a(rail_rf_hal.o)
                              C:/Users/ACER/SimplicityStudio/SDKs/simplicity_sdk_2//platform/radio/rail_lib/autogen/librail_release/librail_efr32xg26_gcc_release.a(rail_tx.o) (sli_rail_02e31caf3f8d0fb9ac9f09c35501b4e4)
C:/Users/ACER/SimplicityStudio/SDKs/simplicity_sdk_2//platform/radio/rail_lib/autogen/librail_release/librail_efr32xg26_gcc_release.a(rfhal_rac.o)
[...]
Memory Configuration

Name             Origin             Length             Attributes
FLASH            0x08006000         0x00318000         xr
RAM              0x20000004         0x0007fffc         xrw
BOOTLOADER_RESET_REGION 0x20000000         0x00000004         xrw
*default*        0x00000000         0xffffffff

Linker script and memory map

LOAD d:/si/developer/toolchains/gnu_arm/12.2.rel1_2023.7/bin/../lib/gcc/arm-none-eabi/12.2.1/thumb/v8-m.main+fp/hard/crti.o
LOAD d:/si/developer/toolchains/gnu_arm/12.2.rel1_2023.7/bin/../lib/gcc/arm-none-eabi/12.2.1/thumb/v8-m.main+fp/hard/crtbegin.o
LOAD d:/si/developer/toolchains/gnu_arm/12.2.rel1_2023.7/bin/../lib/gcc/arm-none-eabi/12.2.1/thumb/v8-m.main+fp/hard/crt0.o
START GROUP
LOAD ./autogen/sl_board_default_init.o
LOAD C:\Users\ACER\AppData\Local\Temp\ccwfKXoA.ltrans0.ltrans.o
LOAD C:\Users\ACER\AppData\Local\Temp\ccwfKXoA.ltrans1.ltrans.o
LOAD C:\Users\ACER\AppData\Local\Temp\ccwfKXoA.ltrans2.ltrans.o
LOAD C:\Users\ACER\AppData\Local\Temp\ccwfKXoA.ltrans3.ltrans.o
LOAD C:\Users\ACER\AppData\Local\Temp\ccwfKXoA.ltrans4.ltrans.o
LOAD C:\Users\ACER\AppData\Local\Temp\ccwfKXoA.ltrans5.ltrans.o
LOAD C:\Users\ACER\AppData\Local\Temp\ccZXGB3Y.debug.temp.o
LOAD C:\Users\ACER\AppData\Local\Temp\ccczvYJE.debug.temp.o
LOAD C:\Users\ACER\AppData\Local\Temp\ccNoDWMk.debug.temp.o
LOAD C:\Users\ACER\AppData\Local\Temp\ccGHxuU0.debug.temp.o
LOAD C:\Users\ACER\AppData\Local\Temp\ccz0r21G.debug.temp.o
LOAD C:\Users\ACER\AppData\Local\Temp\ccQppZWm.debug.temp.o
LOAD C:\Users\ACER\AppData\Local\Temp\cclayeW2.debug.temp.o
LOAD C:\Users\ACER\AppData\Local\Temp\ccQUGtVI.debug.temp.o
LOAD C:\Users\ACER\AppData\Local\Temp\ccdBPE6n.debug.temp.o
LOAD C:\Users\ACER\AppData\Local\Temp\ccSKKpm3.debug.temp.o
LOAD C:\Users\ACER\AppData\Local\Temp\ccxUFaCI.debug.temp.o
LOAD C:\Users\ACER\AppData\Local\Temp\cckEfcEn.debug.temp.o
LOAD C:\Users\ACER\AppData\Local\Temp\cc5cCnJ2.debug.temp.o
LOAD C:\Users\ACER\AppData\Local\Temp\ccQLYyOH.debug.temp.o
LOAD C:\Users\ACER\AppData\Local\Temp\ccRekbYm.debug.temp.o
LOAD C:\Users\ACER\AppData\Local\Temp\ccivMxu2.debug.temp.o
LOAD C:\Users\ACER\AppData\Local\Temp\ccZFdl5H.debug.temp.o
LOAD C:\Users\ACER\AppData\Local\Temp\ccGQE8Fn.debug.temp.o
LOAD C:\Users\ACER\AppData\Local\Temp\ccBe3422.debug.temp.o
LOAD C:\Users\ACER\AppData\Local\Temp\ccUQIzvI.debug.temp.o
LOAD C:\Users\ACER\AppData\Local\Temp\ccdto4Xn.debug.temp.o
LOAD C:\Users\ACER\AppData\Local\Temp\ccwJGEC2.debug.temp.o
LOAD C:\Users\ACER\AppData\Local\Temp\cc3kaxlH.debug.temp.o
LOAD C:\Users\ACER\AppData\Local\Temp\ccIwiGQl.debug.temp.o
LOAD C:\Users\ACER\AppData\Local\Temp\ccnIqPl0.debug.temp.o
LOAD C:\Users\ACER\AppData\Local\Temp\ccik4xVE.debug.temp.o
LOAD C:\Users\ACER\AppData\Local\Temp\ccdWHgvj.debug.temp.o
LOAD C:\Users\ACER\AppData\Local\Temp\ccwMEArY.debug.temp.o
LOAD C:\Users\ACER\AppData\Local\Temp\ccPuF4qD.debug.temp.o
LOAD C:\Users\ACER\AppData\Local\Temp\cc8cGyqi.debug.temp.o
LOAD C:\Users\ACER\AppData\Local\Temp\ccxs4icX.debug.temp.o
LOAD C:\Users\ACER\AppData\Local\Temp\ccgewD2B.debug.temp.o
LOAD C:\Users\ACER\AppData\Local\Temp\ccZZXXSg.debug.temp.o
LOAD C:\Users\ACER\AppData\Local\Temp\ccyE8dVU.debug.temp.o
LOAD C:\Users\ACER\AppData\Local\Temp\ccj7JU1y.debug.temp.o
LOAD C:\Users\ACER\AppData\Local\Temp\cc4zlB8c.debug.temp.o
LOAD C:\Users\ACER\AppData\Local\Temp\ccbAcy2Q.debug.temp.o
LOAD C:\Users\ACER\AppData\Local\Temp\ccyu2V0u.debug.temp.o
LOAD C:\Users\ACER\AppData\Local\Temp\ccVoSjZ8.debug.temp.o
LOAD C:\Users\ACER\AppData\Local\Temp\ccI6OrkN.debug.temp.o
LOAD C:\Users\ACER\AppData\Local\Temp\ccLIK0Jr.debug.temp.o
LOAD C:\Users\ACER\AppData\Local\Temp\ccOkGz95.debug.temp.o
LOAD C:\Users\ACER\AppData\Local\Temp\ccXXsglK.debug.temp.o
LOAD C:\Users\ACER\AppData\Local\Temp\cc6AfXwo.debug.temp.o
LOAD C:\Users\ACER\AppData\Local\Temp\ccfCCWL2.debug.temp.o
LOAD C:\Users\ACER\AppData\Local\Temp\ccstRGTK.debug.temp.o
LOAD C:\Users\ACER\AppData\Local\Temp\ccFk6q1s.debug.temp.o
LOAD C:\Users\ACER\AppData\Local\Temp\cc8zNtdb.debug.temp.o
LOAD C:\Users\ACER\AppData\Local\Temp\ccBPuwpT.debug.temp.o
LOAD C:\Users\ACER\AppData\Local\Temp\ccaCzPnB.debug.temp.o
LOAD C:\Users\ACER\AppData\Local\Temp\cc1RqIqj.debug.temp.o
LOAD C:\Users\ACER\AppData\Local\Temp\ccS7hBt1.debug.temp.o
LOAD C:\Users\ACER\AppData\Local\Temp\cc7Bs5SJ.debug.temp.o
LOAD C:\Users\ACER\AppData\Local\Temp\ccQXc0ns.debug.temp.o
LOAD C:\Users\ACER\AppData\Local\Temp\ccHTBbFa.debug.temp.o
LOAD C:\Users\ACER\AppData\Local\Temp\ccyP0mWS.debug.temp.o
LOAD C:\Users\ACER\AppData\Local\Temp\ccJht8hB.debug.temp.o
LOAD C:\Users\ACER\AppData\Local\Temp\ccUnOfUi.debug.temp.o
LOAD C:\Users\ACER\AppData\Local\Temp\ccbTANl0.debug.temp.o
LOAD C:\Users\ACER\AppData\Local\Temp\ccSbu59H.debug.temp.o
LOAD C:\Users\ACER\AppData\Local\Temp\ccVpdWOp.debug.temp.o
LOAD C:\Users\ACER\AppData\Local\Temp\ccoz7qL6.debug.temp.o
LOAD C:\Users\ACER\AppData\Local\Temp\cc7C0mMN.debug.temp.o
LOAD C:\Users\ACER\AppData\Local\Temp\cccCJRDu.debug.temp.o
LOAD C:\Users\ACER\AppData\Local\Temp\ccHoz6Rb.debug.temp.o
LOAD C:\Users\ACER\AppData\Local\Temp\ccqUaWdT.debug.temp.o
LOAD C:\Users\ACER\AppData\Local\Temp\ccztdCqA.debug.temp.o
LOAD C:\Users\ACER\AppData\Local\Temp\ccAYfePg.debug.temp.o
LOAD C:\Users\ACER\AppData\Local\Temp\cc3hBgjX.debug.temp.o
LOAD C:\Users\ACER\AppData\Local\Temp\ccYHE9DD.debug.temp.o
LOAD C:\Users\ACER\AppData\Local\Temp\cchm1Dlk.debug.temp.o
LOAD C:\Users\ACER\AppData\Local\Temp\ccOlzq70.debug.temp.o
LOAD C:\Users\ACER\AppData\Local\Temp\ccvS9UIH.debug.temp.o
LOAD C:\Users\ACER\AppData\Local\Temp\cc8wZ0cs.debug.temp.o
LOAD C:\Users\ACER\AppData\Local\Temp\ccZw0oLc.debug.temp.o
LOAD C:\Users\ACER\AppData\Local\Temp\ccgAsDaX.debug.temp.o
LOAD C:\Users\ACER\AppData\Local\Temp\ccpJNT1H.debug.temp.o
LOAD C:\Users\ACER\AppData\Local\Temp\ccGsNqFs.debug.temp.o
LOAD C:\Users\ACER\AppData\Local\Temp\ccfFzxnd.debug.temp.o
LOAD C:\Users\ACER\AppData\Local\Temp\ccEC8JkX.debug.temp.o
LOAD C:\Users\ACER\AppData\Local\Temp\cc3zHWhH.debug.temp.o
LOAD C:\Users\ACER\AppData\Local\Temp\ccWGf05q.debug.temp.o
LOAD C:\Users\ACER\AppData\Local\Temp\cc9VyEgb.debug.temp.o
LOAD C:\Users\ACER\AppData\Local\Temp\ccGFSBvV.debug.temp.o
LOAD C:\Users\ACER\AppData\Local\Temp\ccvmqXxF.debug.temp.o
LOAD C:\Users\ACER\AppData\Local\Temp\ccCwKSEp.debug.temp.o
LOAD C:\Users\ACER\AppData\Local\Temp\ccDFlKX8.debug.temp.o
LOAD C:\Users\ACER\AppData\Local\Temp\ccQ6QTkS.debug.temp.o
LOAD C:\Users\ACER\AppData\Local\Temp\cctBNTyB.debug.temp.o
LOAD C:\Users\ACER\AppData\Local\Temp\cceOEm8k.debug.temp.o
LOAD C:\Users\ACER\AppData\Local\Temp\ccdmH7L4.debug.temp.o
LOAD C:\Users\ACER\AppData\Local\Temp\ccG3IJgO.debug.temp.o
LOAD C:\Users\ACER\AppData\Local\Temp\ccZ7W8Ww.debug.temp.o
LOAD C:\Users\ACER\AppData\Local\Temp\ccOCy7If.debug.temp.o
LOAD C:\Users\ACER\AppData\Local\Temp\cc3aBWlY.debug.temp.o
LOAD C:\Users\ACER\AppData\Local\Temp\cciJDLYG.debug.temp.o
LOAD C:\Users\ACER\AppData\Local\Temp\ccTWb3Xp.debug.temp.o
LOAD C:\Users\ACER\AppData\Local\Temp\ccK4IL18.debug.temp.o
LOAD C:\Users\ACER\AppData\Local\Temp\ccLlITRR.debug.temp.o
LOAD C:\Users\ACER\AppData\Local\Temp\ccMCH1HA.debug.temp.o
LOAD C:\Users\ACER\AppData\Local\Temp\ccNhhsBj.debug.temp.o
LOAD C:\Users\ACER\AppData\Local\Temp\ccOWQSu2.debug.temp.o
LOAD C:\Users\ACER\AppData\Local\Temp\cc3WBBsL.debug.temp.o
LOAD C:\Users\ACER\AppData\Local\Temp\cce5BViy.debug.temp.o
LOAD C:\Users\ACER\AppData\Local\Temp\ccpdCf9k.debug.temp.o
LOAD C:\Users\ACER\AppData\Local\Temp\ccSOo937.debug.temp.o
LOAD C:\Users\ACER\AppData\Local\Temp\cct0PjLU.debug.temp.o
LOAD C:\Users\ACER\AppData\Local\Temp\cc4bhusH.debug.temp.o
LOAD C:\Users\ACER\AppData\Local\Temp\cc9ei5eu.debug.temp.o
LOAD C:\Users\ACER\AppData\Local\Temp\cceijG1g.debug.temp.o
LOAD C:\Users\ACER\AppData\Local\Temp\ccHzDSa4.debug.temp.o
LOAD C:\Users\ACER\AppData\Local\Temp\ccskKEoR.debug.temp.o
LOAD C:\Users\ACER\AppData\Local\Temp\ccd5QqCE.debug.temp.o
LOAD C:\Users\ACER\AppData\Local\Temp\cc6pCtCr.debug.temp.o
LOAD C:\Users\ACER\AppData\Local\Temp\ccd6yOGe.debug.temp.o
LOAD C:\Users\ACER\AppData\Local\Temp\cckMv9K1.debug.temp.o
LOAD C:\Users\ACER\AppData\Local\Temp\cc3R3h0N.debug.temp.o
LOAD C:\Users\ACER\AppData\Local\Temp\cc4qo0jA.debug.temp.o
LOAD C:\Users\ACER\AppData\Local\Temp\cc5ZIIDm.debug.temp.o
LOAD C:\Users\ACER\AppData\Local\Temp\cce9HHJ8.debug.temp.o
LOAD C:\Users\ACER\AppData\Local\Temp\ccBDSYTU.debug.temp.o
LOAD C:\Users\ACER\AppData\Local\Temp\ccY72f4G.debug.temp.o
LOAD C:\Users\ACER\AppData\Local\Temp\ccJQw8At.debug.temp.o
LOAD C:\Users\ACER\AppData\Local\Temp\ccuz007f.debug.temp.o
LOAD C:\Users\ACER\AppData\Local\Temp\ccJFAsK2.debug.temp.o
LOAD C:\Users\ACER\AppData\Local\Temp\ccaYTj9O.debug.temp.o
LOAD C:\Users\ACER\AppData\Local\Temp\ccBgdbyB.debug.temp.o
LOAD C:\Users\ACER\AppData\Local\Temp\ccgUHk1n.debug.temp.o
LOAD C:\Users\ACER\AppData\Local\Temp\ccVxcuua.debug.temp.o
LOAD C:\Users\ACER\AppData\Local\Temp\ccq4pz9V.debug.temp.o
LOAD C:\Users\ACER\AppData\Local\Temp\ccf7GeTH.debug.temp.o
LOAD C:\Users\ACER\AppData\Local\Temp\cc49XTCt.debug.temp.o
LOAD C:\Users\ACER\AppData\Local\Temp\cc1MTP8e.debug.temp.o
LOAD C:\Users\ACER\AppData\Local\Temp\ccWeCVH0.debug.temp.o
LOAD C:\Users\ACER\AppData\Local\Temp\ccdSmCDM.debug.temp.o
LOAD C:\Users\ACER\AppData\Local\Temp\ccuv7izy.debug.temp.o
LOAD C:\Users\ACER\AppData\Local\Temp\cc5EVzzk.debug.temp.o
LOAD C:\Users\ACER\AppData\Local\Temp\ccOoo7l6.debug.temp.o
LOAD C:\Users\ACER\AppData\Local\Temp\ccx8QE8R.debug.temp.o
LOAD C:\Users\ACER\AppData\Local\Temp\ccudvuZD.debug.temp.o
LOAD C:\Users\ACER\AppData\Local\Temp\ccri9jQp.debug.temp.o
LOAD C:\Users\ACER\AppData\Local\Temp\ccwPbeUa.debug.temp.o
LOAD C:\Users\ACER\AppData\Local\Temp\ccVShI2V.debug.temp.o
LOAD C:\Users\ACER\AppData\Local\Temp\ccqtLsXG.debug.temp.o
LOAD C:\Users\ACER\AppData\Local\Temp\ccV3edSr.debug.temp.o
LOAD C:\Users\ACER\AppData\Local\Temp\ccEZTfRc.debug.temp.o
LOAD C:\Users\ACER\AppData\Local\Temp\ccnVyiQX.debug.temp.o
LOAD C:\Users\ACER\AppData\Local\Temp\ccqZYVbJ.debug.temp.o
LOAD C:\Users\ACER\AppData\Local\Temp\ccHGZhnu.debug.temp.o
LOAD C:\Users\ACER\AppData\Local\Temp\cccJbWCf.debug.temp.o
LOAD C:\Users\ACER\AppData\Local\Temp\ccDTCbL4.debug.temp.o
LOAD C:\Users\ACER\AppData\Local\Temp\cciVLRXT.debug.temp.o
LOAD C:\Users\ACER\AppData\Local\Temp\cc75mXWI.debug.temp.o
LOAD C:\Users\ACER\AppData\Local\Temp\ccsHlC1x.debug.temp.o
LOAD C:\Users\ACER\AppData\Local\Temp\cc9XPJsn.debug.temp.o
LOAD C:\Users\ACER\AppData\Local\Temp\ccQekRTc.debug.temp.o
LOAD C:\Users\ACER\AppData\Local\Temp\ccNpNpp2.debug.temp.o
LOAD C:\Users\ACER\AppData\Local\Temp\ccWMZnHR.debug.temp.o
LOAD C:\Users\ACER\AppData\Local\Temp\cc59bmZG.debug.temp.o
LOAD C:\Users\ACER\AppData\Local\Temp\ccuVQClw.debug.temp.o
LOAD C:\Users\ACER\AppData\Local\Temp\ccT45bLl.debug.temp.o
LOAD C:\Users\ACER\AppData\Local\Temp\ccielLab.debug.temp.o
LOAD C:\Users\ACER\AppData\Local\Temp\ccBSnpMZ.debug.temp.o
LOAD C:\Users\ACER\AppData\Local\Temp\ccUwq3nO.debug.temp.o
LOAD C:\Users\ACER\AppData\Local\Temp\cct5r83C.debug.temp.o
LOAD C:\Users\ACER\AppData\Local\Temp\cc8Eklwr.debug.temp.o
LOAD C:\Users\ACER\AppData\Local\Temp\ccNedyYf.debug.temp.o
LOAD C:\Users\ACER\AppData\Local\Temp\cc8vbWR4.debug.temp.o
LOAD C:\Users\ACER\AppData\Local\Temp\ccXagTQT.debug.temp.o
LOAD C:\Users\ACER\AppData\Local\Temp\ccSQbYBI.debug.temp.o
LOAD C:\Users\ACER\AppData\Local\Temp\ccNw72mx.debug.temp.o
LOAD C:\Users\ACER\AppData\Local\Temp\ccY61ycm.debug.temp.o
LOAD C:\Users\ACER\AppData\Local\Temp\cc3bK9da.debug.temp.o
LOAD C:\Users\ACER\AppData\Local\Temp\ccobrbkY.debug.temp.o
LOAD C:\Users\ACER\AppData\Local\Temp\ccJa8cqM.debug.temp.o
LOAD C:\Users\ACER\AppData\Local\Temp\ccUaOmhA.debug.temp.o
LOAD C:\Users\ACER\AppData\Local\Temp\cclzWOco.debug.temp.o
LOAD C:\Users\ACER\AppData\Local\Temp\ccMX4g8b.debug.temp.o
LOAD C:\Users\ACER\AppData\Local\Temp\ccFcBtq0.debug.temp.o
LOAD C:\Users\ACER\AppData\Local\Temp\ccOl66MO.debug.temp.o
LOAD C:\Users\ACER\AppData\Local\Temp\ccXuBK9C.debug.temp.o
LOAD C:\Users\ACER\AppData\Local\Temp\cccFXvir.debug.temp.o
LOAD C:\Users\ACER\AppData\Local\Temp\ccVcqQwf.debug.temp.o
LOAD C:\Users\ACER\AppData\Local\Temp\ccAiXfX2.debug.temp.o
LOAD C:\Users\ACER\AppData\Local\Temp\ccfouFnQ.debug.temp.o
LOAD C:\Users\ACER\AppData\Local\Temp\ccao0vSD.debug.temp.o
LOAD C:\Users\ACER\AppData\Local\Temp\ccbpnu9q.debug.temp.o
LOAD C:\Users\ACER\AppData\Local\Temp\ccskJTue.debug.temp.o
LOAD C:\Users\ACER\AppData\Local\Temp\ccJf5iQ1.debug.temp.o
LOAD C:\Users\ACER\AppData\Local\Temp\ccqYxsyP.debug.temp.o
LOAD C:\Users\ACER\AppData\Local\Temp\cc74AUjD.debug.temp.o
LOAD C:\Users\ACER\AppData\Local\Temp\ccUcvuRq.debug.temp.o
LOAD C:\Users\ACER\AppData\Local\Temp\ccXeovte.debug.temp.o
LOAD C:\Users\ACER\AppData\Local\Temp\ccWU2fY5.debug.temp.o
LOAD C:\Users\ACER\AppData\Local\Temp\cc9rprxX.debug.temp.o
LOAD C:\Users\ACER\AppData\Local\Temp\ccK5O1TO.debug.temp.o
LOAD C:\Users\ACER\AppData\Local\Temp\cclJeCgG.debug.temp.o
LOAD C:\Users\ACER\AppData\Local\Temp\ccaIPuHx.debug.temp.o
LOAD C:\Users\ACER\AppData\Local\Temp\ccnVJYup.debug.temp.o
LOAD C:\Users\ACER\AppData\Local\Temp\ccSBq2mh.debug.temp.o
LOAD C:\Users\ACER\AppData\Local\Temp\ccvSLm18.debug.temp.o
LOAD C:\Users\ACER\AppData\Local\Temp\cc886GF0.debug.temp.o
LOAD C:\Users\ACER\AppData\Local\Temp\ccNkNbnS.debug.temp.o
LOAD C:\Users\ACER\AppData\Local\Temp\ccm1gLgJ.debug.temp.o
LOAD C:\Users\ACER\AppData\Local\Temp\ccbCJLeA.debug.temp.o
LOAD C:\Users\ACER\AppData\Local\Temp\cc4aMTYq.debug.temp.o
LOAD C:\Users\ACER\AppData\Local\Temp\ccXJO1Ih.debug.temp.o
LOAD C:\Users\ACER\AppData\Local\Temp\cc6cQAx8.debug.temp.o
LOAD C:\Users\ACER\AppData\Local\Temp\ccFtYTIZ.debug.temp.o
LOAD C:\Users\ACER\AppData\Local\Temp\ccMdLMZQ.debug.temp.o
LOAD C:\Users\ACER\AppData\Local\Temp\ccZYoN2H.debug.temp.o
LOAD C:\Users\ACER\AppData\Local\Temp\cccK2N5y.debug.temp.o
LOAD C:\Users\ACER\AppData\Local\Temp\ccFpFfdq.debug.temp.o
LOAD C:\Users\ACER\AppData\Local\Temp\cc2z5Lwg.debug.temp.o
LOAD C:\Users\ACER\AppData\Local\Temp\ccFEuJU6.debug.temp.o
LOAD C:\Users\ACER\AppData\Local\Temp\cciJTGiX.debug.temp.o
LOAD C:\Users\ACER\AppData\Local\Temp\ccTC5NJN.debug.temp.o
LOAD C:\Users\ACER\AppData\Local\Temp\ccC6VbXD.debug.temp.o
LOAD C:\Users\ACER\AppData\Local\Temp\cclAMzau.debug.temp.o
LOAD C:\Users\ACER\AppData\Local\Temp\ccmxpxsk.debug.temp.o
LOAD C:\Users\ACER\AppData\Local\Temp\ccLIl66a.debug.temp.o
LOAD C:\Users\ACER\AppData\Local\Temp\ccaUhFL1.debug.temp.o
LOAD C:\Users\ACER\AppData\Local\Temp\ccNqpwuS.debug.temp.o
LOAD C:\Users\ACER\AppData\Local\Temp\ccO3zM0I.debug.temp.o
LOAD C:\Users\ACER\AppData\Local\Temp\cc79wCBz.debug.temp.o
LOAD C:\Users\ACER\AppData\Local\Temp\ccqguscq.debug.temp.o
LOAD C:\Users\ACER\AppData\Local\Temp\ccBireZf.debug.temp.o
LOAD C:\Users\ACER\AppData\Local\Temp\cc0FziQ5.debug.temp.o
LOAD C:\Users\ACER\AppData\Local\Temp\ccp3HmHV.debug.temp.o
LOAD C:\Users\ACER\AppData\Local\Temp\ccQRFGkL.debug.temp.o
LOAD C:\Users\ACER\AppData\Local\Temp\cch4dj1A.debug.temp.o
LOAD C:\Users\ACER\AppData\Local\Temp\ccIgMVHq.debug.temp.o
LOAD C:\Users\ACER\AppData\Local\Temp\cczgriLg.debug.temp.o
LOAD C:\Users\ACER\AppData\Local\Temp\ccGa55S6.debug.temp.o
LOAD C:\Users\ACER\AppData\Local\Temp\ccN4IT0W.debug.temp.o
LOAD C:\Users\ACER\AppData\Local\Temp\cc0ZdPUM.debug.temp.o
LOAD C:\Users\ACER\AppData\Local\Temp\ccrMqbTC.debug.temp.o
LOAD C:\Users\ACER\AppData\Local\Temp\ccSyDxRs.debug.temp.o
LOAD C:\Users\ACER\AppData\Local\Temp\ccj59DIm.debug.temp.o
LOAD C:\Users\ACER\AppData\Local\Temp\ccg23jFg.debug.temp.o
LOAD C:\Users\ACER\AppData\Local\Temp\ccdZXZBa.debug.temp.o
LOAD C:\Users\ACER\AppData\Local\Temp\ccgXINk4.debug.temp.o
LOAD C:\Users\ACER\AppData\Local\Temp\cczPs27X.debug.temp.o
LOAD C:\Users\ACER\AppData\Local\Temp\ccSHchVR.debug.temp.o
LOAD C:\Users\ACER\AppData\Local\Temp\ccBn3f5L.debug.temp.o
LOAD C:\Users\ACER\AppData\Local\Temp\cck3TefG.debug.temp.o
LOAD C:\Users\ACER\AppData\Local\Temp\ccjDJEtA.debug.temp.o
LOAD C:\Users\ACER\AppData\Local\Temp\cc8H13su.debug.temp.o
LOAD C:\Users\ACER\AppData\Local\Temp\ccXMjtso.debug.temp.o
LOAD C:\Users\ACER\AppData\Local\Temp\cc2LAjwi.debug.temp.o
LOAD C:\Users\ACER\AppData\Local\Temp\cc7KR9zc.debug.temp.o
LOAD C:\Users\ACER\AppData\Local\Temp\cc6eW4P5.debug.temp.o
LOAD C:\Users\ACER\AppData\Local\Temp\cclDZqaZ.debug.temp.o
LOAD C:\Users\ACER\AppData\Local\Temp\ccA12MuS.debug.temp.o
LOAD C:\Users\ACER\AppData\Local\Temp\ccVqXgBL.debug.temp.o
LOAD C:\Users\ACER\AppData\Local\Temp\ccMgfkNE.debug.temp.o
LOAD C:\Users\ACER\AppData\Local\Temp\ccD6wnZx.debug.temp.o
LOAD C:\Users\ACER\AppData\Local\Temp\ccUJVayr.debug.temp.o
LOAD C:\Users\ACER\AppData\Local\Temp\ccrhjpbl.debug.temp.o
LOAD C:\Users\ACER\AppData\Local\Temp\ccYOGDOe.debug.temp.o
LOAD C:\Users\ACER\AppData\Local\Temp\cczkEZd8.debug.temp.o
LOAD C:\Users\ACER\AppData\Local\Temp\ccaQBlD1.debug.temp.o
LOAD C:\Users\ACER\AppData\Local\Temp\cc3iP86U.debug.temp.o
LOAD C:\Users\ACER\AppData\Local\Temp\ccQgQ0MN.debug.temp.o
LOAD C:\Users\ACER\AppData\Local\Temp\ccDeRSsG.debug.temp.o
LOAD C:\Users\ACER\AppData\Local\Temp\ccqAs3bz.debug.temp.o
LOAD C:\Users\ACER\AppData\Local\Temp\ccdW3dVr.debug.temp.o
LOAD C:\Users\ACER\AppData\Local\Temp\cc6iwwqk.debug.temp.o
LOAD C:\Users\ACER\AppData\Local\Temp\ccdxGf0c.debug.temp.o
LOAD C:\Users\ACER\AppData\Local\Temp\cckLQYz5.debug.temp.o
LOAD C:\Users\ACER\AppData\Local\Temp\ccTPoswY.debug.temp.o
LOAD C:\Users\ACER\AppData\Local\Temp\ccsUWVsR.debug.temp.o
LOAD C:\Users\ACER\AppData\Local\Temp\cchTtQtK.debug.temp.o
LOAD C:\Users\ACER\AppData\Local\Temp\ccspg1hD.debug.temp.o
LOAD C:\Users\ACER\AppData\Local\Temp\ccDV2b6v.debug.temp.o
LOAD C:\Users\ACER\AppData\Local\Temp\cc4lONYo.debug.temp.o
LOAD C:\Users\ACER\AppData\Local\Temp\ccphnu3g.debug.temp.o
LOAD C:\Users\ACER\AppData\Local\Temp\ccKcWa88.debug.temp.o
LOAD C:\Users\ACER\AppData\Local\Temp\ccl2tih1.debug.temp.o
LOAD C:\Users\ACER\AppData\Local\Temp\cc2SSxcT.debug.temp.o
LOAD C:\Users\ACER\AppData\Local\Temp\ccLa95aL.debug.temp.o
LOAD C:\Users\ACER\AppData\Local\Temp\ccuspE9C.debug.temp.o
LOAD C:\Users\ACER\AppData\Local\Temp\ccvdsMcv.debug.temp.o
LOAD C:\Users\ACER\AppData\Local\Temp\ccS9wvCn.debug.temp.o
LOAD C:\Users\ACER\AppData\Local\Temp\ccf6Be2f.debug.temp.o
LOAD C:\Users\ACER\AppData\Local\Temp\ccQnSfw8.debug.temp.o
LOAD C:\Users\ACER\AppData\Local\Temp\cczfNxM0.debug.temp.o
LOAD C:\Users\ACER\AppData\Local\Temp\cci7HP2S.debug.temp.o
LOAD C:\Users\ACER\AppData\Local\Temp\ccjspHnL.debug.temp.o
LOAD C:\Users\ACER\AppData\Local\Temp\cckN6yID.debug.temp.o
LOAD C:\Users\ACER\AppData\Local\Temp\ccxMraXz.debug.temp.o
LOAD C:\Users\ACER\AppData\Local\Temp\ccW3G3fw.debug.temp.o
LOAD C:\Users\ACER\AppData\Local\Temp\ccllWWys.debug.temp.o
LOAD C:\Users\ACER\AppData\Local\Temp\ccUf76Do.debug.temp.o
LOAD C:\Users\ACER\AppData\Local\Temp\cctaihJk.debug.temp.o
LOAD C:\Users\ACER\AppData\Local\Temp\cckyf1Sg.debug.temp.o
LOAD C:\Users\ACER\AppData\Local\Temp\cczawmpd.debug.temp.o
LOAD C:\Users\ACER\AppData\Local\Temp\ccOMMHV9.debug.temp.o
LOAD C:\Users\ACER\AppData\Local\Temp\cc1dQcv6.debug.temp.o
LOAD C:\Users\ACER\AppData\Local\Temp\ccmfyYQ2.debug.temp.o
LOAD C:\Users\ACER\AppData\Local\Temp\ccHggKcZ.debug.temp.o
LOAD C:\Users\ACER\AppData\Local\Temp\cckLK5CV.debug.temp.o
LOAD C:\Users\ACER\AppData\Local\Temp\ccPbfnfR.debug.temp.o
LOAD C:\Users\ACER\AppData\Local\Temp\ccyXUWVM.debug.temp.o
LOAD C:\Users\ACER\AppData\Local\Temp\cchJAwCI.debug.temp.o
LOAD C:\Users\ACER\AppData\Local\Temp\ccoBjv6D.debug.temp.o
LOAD C:\Users\ACER\AppData\Local\Temp\ccNWO3Ez.debug.temp.o
LOAD C:\Users\ACER\AppData\Local\Temp\ccAwDdAv.debug.temp.o
LOAD C:\Users\ACER\AppData\Local\Temp\ccn6rnvr.debug.temp.o
LOAD C:\Users\ACER\AppData\Local\Temp\cco1rPun.debug.temp.o
LOAD C:\Users\ACER\AppData\Local\Temp\ccxw6xgj.debug.temp.o
LOAD C:\Users\ACER\AppData\Local\Temp\ccG1Kg2e.debug.temp.o
LOAD C:\Users\ACER\AppData\Local\Temp\cc7ZbzSa.debug.temp.o
LOAD C:\Users\ACER\AppData\Local\Temp\ccaoeFT5.debug.temp.o
LOAD C:\Users\ACER\AppData\Local\Temp\ccr7r3Y0.debug.temp.o
LOAD C:\Users\ACER\AppData\Local\Temp\ccQqkIQV.debug.temp.o
LOAD C:\Users\ACER\AppData\Local\Temp\ccfKcnIQ.debug.temp.o
LOAD C:\Users\ACER\AppData\Local\Temp\ccWwRBEL.debug.temp.o
LOAD C:\Users\ACER\AppData\Local\Temp\ccZuyrXG.debug.temp.o
LOAD ./autogen/sl_cli_command_table.o
LOAD ./autogen/sl_cli_instances.o
LOAD ./autogen/sl_cluster_service_gen.o
LOAD ./autogen/sl_event_handler.o
LOAD ./autogen/sl_iostream_handles.o
LOAD ./autogen/sl_iostream_init_usart_instances.o
LOAD ./autogen/sl_power_manager_handler.o
LOAD ./autogen/sl_rail_util_ieee802154_phy_select.o
LOAD ./autogen/sl_rail_util_ieee802154_stack_event.o
LOAD ./autogen/sl_simple_led_instances.o
LOAD ./autogen/sl_spidrv_init.o
LOAD ./autogen/sli_cli_hooks.o
LOAD ./autogen/zap-cli.o
LOAD ./autogen/zap-cluster-command-parser.o
LOAD ./autogen/zap-event.o
LOAD ./autogen/zigbee_common_callback_dispatcher.o
LOAD ./autogen/zigbee_stack_callback_dispatcher.o
LOAD ./autogen/zigbee_zcl_callback_dispatcher.o
LOAD ./core/lib/MFRC522.o
LOAD ./core/lib/pn532.o
LOAD ./core/src/app.o
LOAD ./main.o
LOAD ./simplicity_sdk_2025.6.0/hardware/board/src/sl_board_control_gpio.o
LOAD ./simplicity_sdk_2025.6.0/hardware/board/src/sl_board_init.o
LOAD ./simplicity_sdk_2025.6.0/hardware/driver/configuration_over_swo/src/sl_cos.o
LOAD ./simplicity_sdk_2025.6.0/hardware/driver/mx25_flash_shutdown/src/sl_mx25_flash_shutdown_eusart/sl_mx25_flash_shutdown.o
LOAD ./simplicity_sdk_2025.6.0/platform/Device/SiliconLabs/EFR32MG26/Source/startup_efr32mg26.o
LOAD ./simplicity_sdk_2025.6.0/platform/Device/SiliconLabs/EFR32MG26/Source/system_efr32mg26.o
LOAD ./simplicity_sdk_2025.6.0/platform/bootloader/api/btl_interface.o
LOAD ./simplicity_sdk_2025.6.0/platform/bootloader/api/btl_interface_storage.o
LOAD ./simplicity_sdk_2025.6.0/platform/bootloader/app_properties/app_properties.o
LOAD ./simplicity_sdk_2025.6.0/platform/bootloader/core/flash/btl_internal_flash.o
LOAD ./simplicity_sdk_2025.6.0/platform/common/src/sl_assert.o
LOAD ./simplicity_sdk_2025.6.0/platform/common/src/sl_core_cortexm.o
LOAD ./simplicity_sdk_2025.6.0/platform/common/src/sl_slist.o
LOAD ./simplicity_sdk_2025.6.0/platform/common/src/sl_string.o
LOAD ./simplicity_sdk_2025.6.0/platform/common/src/sl_syscalls.o
LOAD ./simplicity_sdk_2025.6.0/platform/driver/debug/src/sl_debug_swo.o
LOAD ./simplicity_sdk_2025.6.0/platform/driver/gpio/src/sl_gpio.o
LOAD ./simplicity_sdk_2025.6.0/platform/driver/leddrv/src/sl_led.o
LOAD ./simplicity_sdk_2025.6.0/platform/driver/leddrv/src/sl_simple_led.o
LOAD ./simplicity_sdk_2025.6.0/platform/emdrv/dmadrv/src/dmadrv.o
LOAD ./simplicity_sdk_2025.6.0/platform/emdrv/nvm3/src/nvm3.o
LOAD ./simplicity_sdk_2025.6.0/platform/emdrv/nvm3/src/nvm3_cache.o
LOAD ./simplicity_sdk_2025.6.0/platform/emdrv/nvm3/src/nvm3_default_common_linker.o
LOAD ./simplicity_sdk_2025.6.0/platform/emdrv/nvm3/src/nvm3_hal_flash.o
LOAD ./simplicity_sdk_2025.6.0/platform/emdrv/nvm3/src/nvm3_lock.o
LOAD ./simplicity_sdk_2025.6.0/platform/emdrv/nvm3/src/nvm3_object.o
LOAD ./simplicity_sdk_2025.6.0/platform/emdrv/nvm3/src/nvm3_page.o
LOAD ./simplicity_sdk_2025.6.0/platform/emdrv/nvm3/src/nvm3_utils.o
LOAD ./simplicity_sdk_2025.6.0/platform/emdrv/spidrv/src/spidrv.o
LOAD ./simplicity_sdk_2025.6.0/platform/emlib/src/em_burtc.o
LOAD ./simplicity_sdk_2025.6.0/platform/emlib/src/em_cmu.o
LOAD ./simplicity_sdk_2025.6.0/platform/emlib/src/em_emu.o
LOAD ./simplicity_sdk_2025.6.0/platform/emlib/src/em_eusart.o
LOAD ./simplicity_sdk_2025.6.0/platform/emlib/src/em_gpio.o
LOAD ./simplicity_sdk_2025.6.0/platform/emlib/src/em_ldma.o
LOAD ./simplicity_sdk_2025.6.0/platform/emlib/src/em_msc.o
LOAD ./simplicity_sdk_2025.6.0/platform/emlib/src/em_prs.o
LOAD ./simplicity_sdk_2025.6.0/platform/emlib/src/em_rmu.o
LOAD ./simplicity_sdk_2025.6.0/platform/emlib/src/em_system.o
LOAD ./simplicity_sdk_2025.6.0/platform/emlib/src/em_timer.o
LOAD ./simplicity_sdk_2025.6.0/platform/emlib/src/em_usart.o
LOAD ./simplicity_sdk_2025.6.0/platform/emlib/src/em_wdog.o
LOAD ./simplicity_sdk_2025.6.0/platform/peripheral/src/sl_hal_gpio.o
LOAD ./simplicity_sdk_2025.6.0/platform/peripheral/src/sl_hal_sysrtc.o
LOAD ./simplicity_sdk_2025.6.0/platform/radio/rail_lib/plugin/coexistence/protocol/ieee802154_uc/coexistence-802154.o
LOAD ./simplicity_sdk_2025.6.0/platform/radio/rail_lib/plugin/pa-conversions/pa_conversions_efr32.o
LOAD ./simplicity_sdk_2025.6.0/platform/radio/rail_lib/plugin/pa-conversions/pa_curves_efr32.o
LOAD ./simplicity_sdk_2025.6.0/platform/radio/rail_lib/plugin/rail_util_ant_div/sl_rail_util_ant_div.o
LOAD ./simplicity_sdk_2025.6.0/platform/radio/rail_lib/plugin/rail_util_built_in_phys/efr32xg26/sl_rail_ble_config_38M4Hz.o
LOAD ./simplicity_sdk_2025.6.0/platform/radio/rail_lib/plugin/rail_util_built_in_phys/efr32xg26/sl_rail_ble_config_39MHz.o
LOAD ./simplicity_sdk_2025.6.0/platform/radio/rail_lib/plugin/rail_util_built_in_phys/efr32xg26/sl_rail_ble_config_40MHz.o
LOAD ./simplicity_sdk_2025.6.0/platform/radio/rail_lib/plugin/rail_util_built_in_phys/efr32xg26/sl_rail_ieee802154_config_38M4Hz.o
LOAD ./simplicity_sdk_2025.6.0/platform/radio/rail_lib/plugin/rail_util_built_in_phys/efr32xg26/sl_rail_ieee802154_config_39MHz.o
LOAD ./simplicity_sdk_2025.6.0/platform/radio/rail_lib/plugin/rail_util_built_in_phys/efr32xg26/sl_rail_ieee802154_config_40MHz.o
LOAD ./simplicity_sdk_2025.6.0/platform/radio/rail_lib/plugin/rail_util_built_in_phys/efr32xg26/sl_rail_rfsense_ook_config_38M4Hz.o
LOAD ./simplicity_sdk_2025.6.0/platform/radio/rail_lib/plugin/rail_util_built_in_phys/efr32xg26/sl_rail_rfsense_ook_config_39MHz.o
LOAD ./simplicity_sdk_2025.6.0/platform/radio/rail_lib/plugin/rail_util_built_in_phys/efr32xg26/sl_rail_rfsense_ook_config_40MHz.o
LOAD ./simplicity_sdk_2025.6.0/platform/radio/rail_lib/plugin/rail_util_built_in_phys/sl_rail_phy_overrides.o
LOAD ./simplicity_sdk_2025.6.0/platform/radio/rail_lib/plugin/rail_util_power_manager_init/sl_rail_util_power_manager_init.o
LOAD ./simplicity_sdk_2025.6.0/platform/radio/rail_lib/plugin/rail_util_pti/sl_rail_util_pti.o
LOAD ./simplicity_sdk_2025.6.0/platform/radio/rail_lib/plugin/rail_util_sequencer/sl_rail_util_sequencer.o
LOAD ./simplicity_sdk_2025.6.0/platform/security/sl_component/se_manager/src/sl_se_manager.o
LOAD ./simplicity_sdk_2025.6.0/platform/security/sl_component/se_manager/src/sl_se_manager_attestation.o
LOAD ./simplicity_sdk_2025.6.0/platform/security/sl_component/se_manager/src/sl_se_manager_cipher.o
LOAD ./simplicity_sdk_2025.6.0/platform/security/sl_component/se_manager/src/sl_se_manager_entropy.o
LOAD ./simplicity_sdk_2025.6.0/platform/security/sl_component/se_manager/src/sl_se_manager_hash.o
LOAD ./simplicity_sdk_2025.6.0/platform/security/sl_component/se_manager/src/sl_se_manager_key_derivation.o
LOAD ./simplicity_sdk_2025.6.0/platform/security/sl_component/se_manager/src/sl_se_manager_key_handling.o
LOAD ./simplicity_sdk_2025.6.0/platform/security/sl_component/se_manager/src/sl_se_manager_signature.o
LOAD ./simplicity_sdk_2025.6.0/platform/security/sl_component/se_manager/src/sl_se_manager_util.o
LOAD ./simplicity_sdk_2025.6.0/platform/security/sl_component/se_manager/src/sli_se_manager_mailbox.o
LOAD ./simplicity_sdk_2025.6.0/platform/security/sl_component/sl_mbedtls_support/src/sl_mbedtls.o
LOAD ./simplicity_sdk_2025.6.0/platform/security/sl_component/sl_mbedtls_support/src/sl_psa_crypto.o
LOAD ./simplicity_sdk_2025.6.0/platform/security/sl_component/sl_mbedtls_support/src/sli_psa_crypto.o
LOAD ./simplicity_sdk_2025.6.0/platform/security/sl_component/sl_psa_driver/src/sl_psa_its_nvm3.o
LOAD ./simplicity_sdk_2025.6.0/platform/security/sl_component/sl_psa_driver/src/sli_psa_driver_common.o
LOAD ./simplicity_sdk_2025.6.0/platform/security/sl_component/sl_psa_driver/src/sli_psa_driver_init.o
LOAD ./simplicity_sdk_2025.6.0/platform/security/sl_component/sl_psa_driver/src/sli_psa_trng.o
LOAD ./simplicity_sdk_2025.6.0/platform/security/sl_component/sl_psa_driver/src/sli_se_driver_aead.o
LOAD ./simplicity_sdk_2025.6.0/platform/security/sl_component/sl_psa_driver/src/sli_se_driver_builtin_keys.o
LOAD ./simplicity_sdk_2025.6.0/platform/security/sl_component/sl_psa_driver/src/sli_se_driver_cipher.o
LOAD ./simplicity_sdk_2025.6.0/platform/security/sl_component/sl_psa_driver/src/sli_se_driver_key_derivation.o
LOAD ./simplicity_sdk_2025.6.0/platform/security/sl_component/sl_psa_driver/src/sli_se_driver_key_management.o
LOAD ./simplicity_sdk_2025.6.0/platform/security/sl_component/sl_psa_driver/src/sli_se_driver_mac.o
LOAD ./simplicity_sdk_2025.6.0/platform/security/sl_component/sl_psa_driver/src/sli_se_driver_signature.o
LOAD ./simplicity_sdk_2025.6.0/platform/security/sl_component/sl_psa_driver/src/sli_se_opaque_driver_aead.o
LOAD ./simplicity_sdk_2025.6.0/platform/security/sl_component/sl_psa_driver/src/sli_se_opaque_driver_cipher.o
LOAD ./simplicity_sdk_2025.6.0/platform/security/sl_component/sl_psa_driver/src/sli_se_opaque_driver_mac.o
LOAD ./simplicity_sdk_2025.6.0/platform/security/sl_component/sl_psa_driver/src/sli_se_opaque_key_derivation.o
LOAD ./simplicity_sdk_2025.6.0/platform/security/sl_component/sl_psa_driver/src/sli_se_transparent_driver_aead.o
LOAD ./simplicity_sdk_2025.6.0/platform/security/sl_component/sl_psa_driver/src/sli_se_transparent_driver_cipher.o
LOAD ./simplicity_sdk_2025.6.0/platform/security/sl_component/sl_psa_driver/src/sli_se_transparent_driver_hash.o
LOAD ./simplicity_sdk_2025.6.0/platform/security/sl_component/sl_psa_driver/src/sli_se_transparent_driver_mac.o
LOAD ./simplicity_sdk_2025.6.0/platform/security/sl_component/sl_psa_driver/src/sli_se_transparent_key_derivation.o
LOAD ./simplicity_sdk_2025.6.0/platform/security/sl_component/sl_psa_driver/src/sli_se_version_dependencies.o
LOAD ./simplicity_sdk_2025.6.0/platform/service/cli/src/sl_cli.o
LOAD ./simplicity_sdk_2025.6.0/platform/service/cli/src/sl_cli_arguments.o
LOAD ./simplicity_sdk_2025.6.0/platform/service/cli/src/sl_cli_command.o
LOAD ./simplicity_sdk_2025.6.0/platform/service/cli/src/sl_cli_input.o
LOAD ./simplicity_sdk_2025.6.0/platform/service/cli/src/sl_cli_io.o
LOAD ./simplicity_sdk_2025.6.0/platform/service/cli/src/sl_cli_tokenize.o
LOAD ./simplicity_sdk_2025.6.0/platform/service/clock_manager/src/sl_clock_manager.o
LOAD ./simplicity_sdk_2025.6.0/platform/service/clock_manager/src/sl_clock_manager_hal_s2.o
LOAD ./simplicity_sdk_2025.6.0/platform/service/clock_manager/src/sl_clock_manager_init.o
LOAD ./simplicity_sdk_2025.6.0/platform/service/clock_manager/src/sl_clock_manager_init_hal_s2.o
LOAD ./simplicity_sdk_2025.6.0/platform/service/device_init/src/sl_device_init_dcdc_s2.o
LOAD ./simplicity_sdk_2025.6.0/platform/service/device_manager/clocks/sl_device_clock_efr32xg26.o
LOAD ./simplicity_sdk_2025.6.0/platform/service/device_manager/devices/sl_device_peripheral_hal_efr32xg26.o
LOAD ./simplicity_sdk_2025.6.0/platform/service/device_manager/src/sl_device_clock.o
LOAD ./simplicity_sdk_2025.6.0/platform/service/device_manager/src/sl_device_gpio.o
LOAD ./simplicity_sdk_2025.6.0/platform/service/device_manager/src/sl_device_peripheral.o
LOAD ./simplicity_sdk_2025.6.0/platform/service/hfxo_manager/src/sl_hfxo_manager.o
LOAD ./simplicity_sdk_2025.6.0/platform/service/hfxo_manager/src/sl_hfxo_manager_hal_s2.o
LOAD ./simplicity_sdk_2025.6.0/platform/service/interrupt_manager/src/sl_interrupt_manager_cortexm.o
LOAD ./simplicity_sdk_2025.6.0/platform/service/iostream/src/sl_iostream.o
LOAD ./simplicity_sdk_2025.6.0/platform/service/iostream/src/sl_iostream_debug.o
LOAD ./simplicity_sdk_2025.6.0/platform/service/iostream/src/sl_iostream_swo_itm_8.o
LOAD ./simplicity_sdk_2025.6.0/platform/service/iostream/src/sl_iostream_uart.o
LOAD ./simplicity_sdk_2025.6.0/platform/service/iostream/src/sl_iostream_usart.o
LOAD ./simplicity_sdk_2025.6.0/platform/service/legacy_hal/src/base-replacement.o
LOAD ./simplicity_sdk_2025.6.0/platform/service/legacy_hal/src/crc.o
LOAD ./simplicity_sdk_2025.6.0/platform/service/legacy_hal/src/diagnostic.o
LOAD ./simplicity_sdk_2025.6.0/platform/service/legacy_hal/src/ember-phy.o
LOAD ./simplicity_sdk_2025.6.0/platform/service/legacy_hal/src/faults.o
LOAD ./simplicity_sdk_2025.6.0/platform/service/legacy_hal/src/random.o
LOAD ./simplicity_sdk_2025.6.0/platform/service/legacy_hal/src/token_legacy.o
LOAD ./simplicity_sdk_2025.6.0/platform/service/legacy_hal_wdog/src/sl_legacy_hal_wdog.o
LOAD ./simplicity_sdk_2025.6.0/platform/service/memory_manager/src/sl_memory_manager.o
LOAD ./simplicity_sdk_2025.6.0/platform/service/memory_manager/src/sl_memory_manager_dynamic_reservation.o
LOAD ./simplicity_sdk_2025.6.0/platform/service/memory_manager/src/sl_memory_manager_pool.o
LOAD ./simplicity_sdk_2025.6.0/platform/service/memory_manager/src/sl_memory_manager_pool_common.o
LOAD ./simplicity_sdk_2025.6.0/platform/service/memory_manager/src/sl_memory_manager_region.o
LOAD ./simplicity_sdk_2025.6.0/platform/service/memory_manager/src/sl_memory_manager_retarget.o
LOAD ./simplicity_sdk_2025.6.0/platform/service/memory_manager/src/sli_memory_manager_common.o
LOAD ./simplicity_sdk_2025.6.0/platform/service/power_manager/src/common/sl_power_manager_common.o
LOAD ./simplicity_sdk_2025.6.0/platform/service/power_manager/src/common/sl_power_manager_em4.o
LOAD ./simplicity_sdk_2025.6.0/platform/service/power_manager/src/sleep_loop/sl_power_manager.o
LOAD ./simplicity_sdk_2025.6.0/platform/service/power_manager/src/sleep_loop/sl_power_manager_debug.o
LOAD ./simplicity_sdk_2025.6.0/platform/service/power_manager/src/sleep_loop/sl_power_manager_hal_s2.o
LOAD ./simplicity_sdk_2025.6.0/platform/service/sl_main/src/sl_main_init.o
LOAD ./simplicity_sdk_2025.6.0/platform/service/sl_main/src/sl_main_init_memory.o
LOAD ./simplicity_sdk_2025.6.0/platform/service/sl_main/src/sl_main_process_action.o
LOAD ./simplicity_sdk_2025.6.0/platform/service/sleeptimer/src/sl_sleeptimer.o
LOAD ./simplicity_sdk_2025.6.0/platform/service/sleeptimer/src/sl_sleeptimer_hal_burtc.o
LOAD ./simplicity_sdk_2025.6.0/platform/service/sleeptimer/src/sl_sleeptimer_hal_sysrtc.o
LOAD ./simplicity_sdk_2025.6.0/platform/service/sleeptimer/src/sl_sleeptimer_hal_timer.o
LOAD ./simplicity_sdk_2025.6.0/platform/service/token_manager/legacy/src/sl_token_def.o
LOAD ./simplicity_sdk_2025.6.0/platform/service/token_manager/legacy/src/sl_token_manager.o
LOAD ./simplicity_sdk_2025.6.0/platform/service/token_manager/legacy/src/sl_token_manufacturing.o
LOAD ./simplicity_sdk_2025.6.0/platform/service/token_manager/legacy/src/sl_token_manufacturing_generic.o
LOAD ./simplicity_sdk_2025.6.0/platform/service/udelay/src/sl_udelay.o
LOAD ./simplicity_sdk_2025.6.0/platform/service/udelay/src/sl_udelay_armv6m_gcc.o
LOAD ./simplicity_sdk_2025.6.0/protocol/zigbee/app/framework/cli/core-cli.o
LOAD ./simplicity_sdk_2025.6.0/protocol/zigbee/app/framework/cli/network-cli.o
LOAD ./simplicity_sdk_2025.6.0/protocol/zigbee/app/framework/cli/option-cli.o
LOAD ./simplicity_sdk_2025.6.0/protocol/zigbee/app/framework/cli/security-cli.o
LOAD ./simplicity_sdk_2025.6.0/protocol/zigbee/app/framework/cli/zcl-cli.o
LOAD ./simplicity_sdk_2025.6.0/protocol/zigbee/app/framework/cli/zdo-cli.o
LOAD ./simplicity_sdk_2025.6.0/protocol/zigbee/app/framework/common/sl_zigbee_system_common.o
LOAD ./simplicity_sdk_2025.6.0/protocol/zigbee/app/framework/common/zigbee_app_framework_sleep.o
LOAD ./simplicity_sdk_2025.6.0/protocol/zigbee/app/framework/common/zigbee_app_framework_sleep_cli.o
LOAD ./simplicity_sdk_2025.6.0/protocol/zigbee/app/framework/common/zigbee_app_framework_stack_cb.o
LOAD ./simplicity_sdk_2025.6.0/protocol/zigbee/app/framework/common/zigbee_enhanced_routing.o
LOAD ./simplicity_sdk_2025.6.0/protocol/zigbee/app/framework/common/zigbee_stack_sleep.o
LOAD ./simplicity_sdk_2025.6.0/protocol/zigbee/app/framework/plugin/counters/af-counters.o
LOAD ./simplicity_sdk_2025.6.0/protocol/zigbee/app/framework/plugin/counters/counters-cb.o
LOAD ./simplicity_sdk_2025.6.0/protocol/zigbee/app/framework/plugin/counters/counters-cli.o
LOAD ./simplicity_sdk_2025.6.0/protocol/zigbee/app/framework/plugin/counters/counters-ota.o
LOAD ./simplicity_sdk_2025.6.0/protocol/zigbee/app/framework/plugin/debug-print/sl_zigbee_debug_print.o
LOAD ./simplicity_sdk_2025.6.0/protocol/zigbee/app/framework/plugin/network-steering/network-steering-cb.o
LOAD ./simplicity_sdk_2025.6.0/protocol/zigbee/app/framework/plugin/network-steering/network-steering-cli.o
LOAD ./simplicity_sdk_2025.6.0/protocol/zigbee/app/framework/plugin/network-steering/network-steering-v2.o
LOAD ./simplicity_sdk_2025.6.0/protocol/zigbee/app/framework/plugin/network-steering/network-steering.o
LOAD ./simplicity_sdk_2025.6.0/protocol/zigbee/app/framework/plugin/scan-dispatch/scan-dispatch.o
LOAD ./simplicity_sdk_2025.6.0/protocol/zigbee/app/framework/plugin/update-tc-link-key/update-tc-link-key-cb.o
LOAD ./simplicity_sdk_2025.6.0/protocol/zigbee/app/framework/plugin/update-tc-link-key/update-tc-link-key-cli.o
LOAD ./simplicity_sdk_2025.6.0/protocol/zigbee/app/framework/plugin/update-tc-link-key/update-tc-link-key.o
LOAD ./simplicity_sdk_2025.6.0/protocol/zigbee/app/framework/plugin/zcl_cli/zigbee-zcl-cli.o
LOAD ./simplicity_sdk_2025.6.0/protocol/zigbee/app/framework/plugin/zcl_cli/zigbee-zcl-custom-cluster-cli.o
LOAD ./simplicity_sdk_2025.6.0/protocol/zigbee/app/framework/plugin/zcl_cli/zigbee-zcl-global-cli.o
LOAD ./simplicity_sdk_2025.6.0/protocol/zigbee/app/framework/security/af-node.o
LOAD ./simplicity_sdk_2025.6.0/protocol/zigbee/app/framework/security/af-security-common.o
LOAD ./simplicity_sdk_2025.6.0/protocol/zigbee/app/framework/security/af-trust-center.o
LOAD ./simplicity_sdk_2025.6.0/protocol/zigbee/app/framework/security/crypto-state.o
LOAD ./simplicity_sdk_2025.6.0/protocol/zigbee/app/framework/service-function/sl_service_function.o
LOAD ./simplicity_sdk_2025.6.0/protocol/zigbee/app/framework/signature-decode/sl_signature_decode.o
LOAD ./simplicity_sdk_2025.6.0/protocol/zigbee/app/framework/util/af-common.o
LOAD ./simplicity_sdk_2025.6.0/protocol/zigbee/app/framework/util/af-event.o
LOAD ./simplicity_sdk_2025.6.0/protocol/zigbee/app/framework/util/af-soc-common.o
LOAD ./simplicity_sdk_2025.6.0/protocol/zigbee/app/framework/util/af-soc.o
LOAD ./simplicity_sdk_2025.6.0/protocol/zigbee/app/framework/util/attribute-size.o
LOAD ./simplicity_sdk_2025.6.0/protocol/zigbee/app/framework/util/attribute-storage.o
LOAD ./simplicity_sdk_2025.6.0/protocol/zigbee/app/framework/util/attribute-table.o
LOAD ./simplicity_sdk_2025.6.0/protocol/zigbee/app/framework/util/client-api.o
LOAD ./simplicity_sdk_2025.6.0/protocol/zigbee/app/framework/util/global-callback.o
LOAD ./simplicity_sdk_2025.6.0/protocol/zigbee/app/framework/util/global-other-callback.o
LOAD ./simplicity_sdk_2025.6.0/protocol/zigbee/app/framework/util/message.o
LOAD ./simplicity_sdk_2025.6.0/protocol/zigbee/app/framework/util/multi-network.o
LOAD ./simplicity_sdk_2025.6.0/protocol/zigbee/app/framework/util/print-formatter.o
LOAD ./simplicity_sdk_2025.6.0/protocol/zigbee/app/framework/util/print.o
LOAD ./simplicity_sdk_2025.6.0/protocol/zigbee/app/framework/util/process-cluster-message.o
LOAD ./simplicity_sdk_2025.6.0/protocol/zigbee/app/framework/util/process-global-message.o
LOAD ./simplicity_sdk_2025.6.0/protocol/zigbee/app/framework/util/service-discovery-common.o
LOAD ./simplicity_sdk_2025.6.0/protocol/zigbee/app/framework/util/service-discovery-soc.o
LOAD ./simplicity_sdk_2025.6.0/protocol/zigbee/app/framework/util/time-util.o
LOAD ./simplicity_sdk_2025.6.0/protocol/zigbee/app/framework/util/util.o
LOAD ./simplicity_sdk_2025.6.0/protocol/zigbee/app/framework/util/zcl-util.o
LOAD ./simplicity_sdk_2025.6.0/protocol/zigbee/app/util/common/library.o
LOAD ./simplicity_sdk_2025.6.0/protocol/zigbee/app/util/counters/counters.o
LOAD ./simplicity_sdk_2025.6.0/protocol/zigbee/app/util/serial/sl_zigbee_command_interpreter.o
LOAD ./simplicity_sdk_2025.6.0/protocol/zigbee/app/util/zigbee-framework/zigbee-device-common.o
LOAD ./simplicity_sdk_2025.6.0/protocol/zigbee/app/util/zigbee-framework/zigbee-device-library.o
LOAD ./simplicity_sdk_2025.6.0/protocol/zigbee/stack/config/sl_zigbee_callback_stubs.o
LOAD ./simplicity_sdk_2025.6.0/protocol/zigbee/stack/config/sl_zigbee_configuration.o
LOAD ./simplicity_sdk_2025.6.0/protocol/zigbee/stack/config/sl_zigbee_configuration_access.o
LOAD ./simplicity_sdk_2025.6.0/protocol/zigbee/stack/config/sl_zigbee_endpoint_stubs.o
LOAD ./simplicity_sdk_2025.6.0/protocol/zigbee/stack/core/multi-pan-common.o
LOAD ./simplicity_sdk_2025.6.0/protocol/zigbee/stack/core/multi-pan-stub.o
LOAD ./simplicity_sdk_2025.6.0/protocol/zigbee/stack/core/sl_zigbee_multi_network_stub.o
LOAD ./simplicity_sdk_2025.6.0/protocol/zigbee/stack/framework/debug-extended-stub.o
LOAD ./simplicity_sdk_2025.6.0/protocol/zigbee/stack/framework/strong-random-api.o
LOAD ./simplicity_sdk_2025.6.0/protocol/zigbee/stack/framework/zigbee-event-logger-stub-gen.o
LOAD ./simplicity_sdk_2025.6.0/protocol/zigbee/stack/gp/gp-stub.o
LOAD ./simplicity_sdk_2025.6.0/protocol/zigbee/stack/internal/src/baremetal/aes-mmo-baremetal-wrapper.o
LOAD ./simplicity_sdk_2025.6.0/protocol/zigbee/stack/internal/src/baremetal/binding-table-baremetal-callbacks.o
LOAD ./simplicity_sdk_2025.6.0/protocol/zigbee/stack/internal/src/baremetal/binding-table-baremetal-wrapper.o
LOAD ./simplicity_sdk_2025.6.0/protocol/zigbee/stack/internal/src/baremetal/bootload_baremetal_callbacks.o
LOAD ./simplicity_sdk_2025.6.0/protocol/zigbee/stack/internal/src/baremetal/bootload_baremetal_wrapper.o
LOAD ./simplicity_sdk_2025.6.0/protocol/zigbee/stack/internal/src/baremetal/child_baremetal_callbacks.o
LOAD ./simplicity_sdk_2025.6.0/protocol/zigbee/stack/internal/src/baremetal/child_baremetal_wrapper.o
LOAD ./simplicity_sdk_2025.6.0/protocol/zigbee/stack/internal/src/baremetal/library_baremetal_wrapper.o
LOAD ./simplicity_sdk_2025.6.0/protocol/zigbee/stack/internal/src/baremetal/mac-layer-baremetal-wrapper.o
LOAD ./simplicity_sdk_2025.6.0/protocol/zigbee/stack/internal/src/baremetal/message_baremetal_callbacks.o
LOAD ./simplicity_sdk_2025.6.0/protocol/zigbee/stack/internal/src/baremetal/message_baremetal_wrapper.o
LOAD ./simplicity_sdk_2025.6.0/protocol/zigbee/stack/internal/src/baremetal/multi-phy-baremetal-wrapper.o
LOAD ./simplicity_sdk_2025.6.0/protocol/zigbee/stack/internal/src/baremetal/network-formation-baremetal-callbacks.o
LOAD ./simplicity_sdk_2025.6.0/protocol/zigbee/stack/internal/src/baremetal/network-formation-baremetal-wrapper.o
LOAD ./simplicity_sdk_2025.6.0/protocol/zigbee/stack/internal/src/baremetal/raw-message-baremetal-callbacks.o
LOAD ./simplicity_sdk_2025.6.0/protocol/zigbee/stack/internal/src/baremetal/raw-message-baremetal-wrapper.o
LOAD ./simplicity_sdk_2025.6.0/protocol/zigbee/stack/internal/src/baremetal/security_baremetal_callbacks.o
LOAD ./simplicity_sdk_2025.6.0/protocol/zigbee/stack/internal/src/baremetal/security_baremetal_wrapper.o
LOAD ./simplicity_sdk_2025.6.0/protocol/zigbee/stack/internal/src/baremetal/sl_zigbee_address_info_baremetal_wrapper.o
LOAD ./simplicity_sdk_2025.6.0/protocol/zigbee/stack/internal/src/baremetal/sl_zigbee_duty_cycle_baremetal_callbacks.o
LOAD ./simplicity_sdk_2025.6.0/protocol/zigbee/stack/internal/src/baremetal/sl_zigbee_duty_cycle_baremetal_wrapper.o
LOAD ./simplicity_sdk_2025.6.0/protocol/zigbee/stack/internal/src/baremetal/sl_zigbee_random_api_baremetal_wrapper.o
LOAD ./simplicity_sdk_2025.6.0/protocol/zigbee/stack/internal/src/baremetal/source-route-baremetal-wrapper.o
LOAD ./simplicity_sdk_2025.6.0/protocol/zigbee/stack/internal/src/baremetal/stack-info-baremetal-callbacks.o
LOAD ./simplicity_sdk_2025.6.0/protocol/zigbee/stack/internal/src/baremetal/stack-info-baremetal-wrapper.o
LOAD ./simplicity_sdk_2025.6.0/protocol/zigbee/stack/internal/src/baremetal/trust-center-baremetal-callbacks.o
LOAD ./simplicity_sdk_2025.6.0/protocol/zigbee/stack/internal/src/baremetal/trust-center-baremetal-wrapper.o
LOAD ./simplicity_sdk_2025.6.0/protocol/zigbee/stack/internal/src/baremetal/zigbee-device-stack-baremetal-wrapper.o
LOAD ./simplicity_sdk_2025.6.0/protocol/zigbee/stack/internal/src/baremetal/zigbee-security-manager-baremetal-wrapper.o
LOAD ./simplicity_sdk_2025.6.0/protocol/zigbee/stack/internal/src/stubs/stack-info-internal-weak-stubs.o
LOAD ./simplicity_sdk_2025.6.0/protocol/zigbee/stack/mac/mac-info-element-parsing-stub.o
LOAD ./simplicity_sdk_2025.6.0/protocol/zigbee/stack/platform/zigbee_token_interface_stub.o
LOAD ./simplicity_sdk_2025.6.0/protocol/zigbee/stack/routing/zigbee/enhanced-beacon-request-stub.o
LOAD ./simplicity_sdk_2025.6.0/protocol/zigbee/stack/security/cbke-crypto-engine-163k1-stub.o
LOAD ./simplicity_sdk_2025.6.0/protocol/zigbee/stack/security/cbke-crypto-engine-283k1-stub.o
LOAD ./simplicity_sdk_2025.6.0/protocol/zigbee/stack/security/cbke-crypto-engine-dsa-sign-stub.o
LOAD ./simplicity_sdk_2025.6.0/protocol/zigbee/stack/security/cbke-crypto-engine-dsa-verify-283k1-stub.o
LOAD ./simplicity_sdk_2025.6.0/protocol/zigbee/stack/security/cbke-crypto-engine-dsa-verify-stub.o
LOAD ./simplicity_sdk_2025.6.0/protocol/zigbee/stack/security/cbke-crypto-engine-stub.o
LOAD ./simplicity_sdk_2025.6.0/protocol/zigbee/stack/security/security-address-cache.o
LOAD ./simplicity_sdk_2025.6.0/protocol/zigbee/stack/security/zigbee-secure-key-storage-upgrade.o
LOAD ./simplicity_sdk_2025.6.0/protocol/zigbee/stack/security/zigbee-security-manager-vault-support.o
LOAD ./simplicity_sdk_2025.6.0/protocol/zigbee/stack/security/zigbee-security-manager.o
LOAD ./simplicity_sdk_2025.6.0/protocol/zigbee/stack/stubs/sl_zigbee_dynamic_commissioning_stubs.o
LOAD ./simplicity_sdk_2025.6.0/protocol/zigbee/stack/stubs/sl_zigbee_fragmentation_stubs.o
LOAD ./simplicity_sdk_2025.6.0/protocol/zigbee/stack/stubs/sl_zigbee_r23_misc_support_stubs.o
LOAD ./simplicity_sdk_2025.6.0/protocol/zigbee/stack/stubs/sli_zigbee_zdo_cluster_filter_stubs.o
LOAD ./simplicity_sdk_2025.6.0/protocol/zigbee/stack/zigbee/aps-keys-full-stub.o
LOAD ./simplicity_sdk_2025.6.0/protocol/zigbee/stack/zigbee/zdo-r22-stub.o
LOAD ./simplicity_sdk_2025.6.0/protocol/zigbee/stack/zll/zll-stubs.o
LOAD ./simplicity_sdk_2025.6.0/util/plugin/byte_utilities/byte-utilities.o
LOAD ./simplicity_sdk_2025.6.0/util/plugin/security_manager/security_manager.o
LOAD ./simplicity_sdk_2025.6.0/util/third_party/mbedtls/library/cipher.o
LOAD ./simplicity_sdk_2025.6.0/util/third_party/mbedtls/library/cipher_wrap.o
LOAD ./simplicity_sdk_2025.6.0/util/third_party/mbedtls/library/constant_time.o
LOAD ./simplicity_sdk_2025.6.0/util/third_party/mbedtls/library/platform.o
LOAD ./simplicity_sdk_2025.6.0/util/third_party/mbedtls/library/platform_util.o
LOAD ./simplicity_sdk_2025.6.0/util/third_party/mbedtls/library/psa_crypto.o
LOAD ./simplicity_sdk_2025.6.0/util/third_party/mbedtls/library/psa_crypto_aead.o
LOAD ./simplicity_sdk_2025.6.0/util/third_party/mbedtls/library/psa_crypto_cipher.o
LOAD ./simplicity_sdk_2025.6.0/util/third_party/mbedtls/library/psa_crypto_client.o
LOAD ./simplicity_sdk_2025.6.0/util/third_party/mbedtls/library/psa_crypto_driver_wrappers_no_static.o
LOAD ./simplicity_sdk_2025.6.0/util/third_party/mbedtls/library/psa_crypto_ecp.o
LOAD ./simplicity_sdk_2025.6.0/util/third_party/mbedtls/library/psa_crypto_ffdh.o
LOAD ./simplicity_sdk_2025.6.0/util/third_party/mbedtls/library/psa_crypto_hash.o
LOAD ./simplicity_sdk_2025.6.0/util/third_party/mbedtls/library/psa_crypto_mac.o
LOAD ./simplicity_sdk_2025.6.0/util/third_party/mbedtls/library/psa_crypto_pake.o
LOAD ./simplicity_sdk_2025.6.0/util/third_party/mbedtls/library/psa_crypto_rsa.o
LOAD ./simplicity_sdk_2025.6.0/util/third_party/mbedtls/library/psa_crypto_se.o
LOAD ./simplicity_sdk_2025.6.0/util/third_party/mbedtls/library/psa_crypto_slot_management.o
LOAD ./simplicity_sdk_2025.6.0/util/third_party/mbedtls/library/psa_crypto_storage.o
LOAD ./simplicity_sdk_2025.6.0/util/third_party/mbedtls/library/psa_util.o
LOAD ./simplicity_sdk_2025.6.0/util/third_party/mbedtls/library/threading.o
LOAD ./simplicity_sdk_2025.6.0/util/third_party/printf/printf.o
LOAD ./simplicity_sdk_2025.6.0/util/third_party/printf/src/iostream_printf.o
LOAD C:/Users/ACER/SimplicityStudio/SDKs/simplicity_sdk_2//platform/radio/rail_lib/autogen/librail_release/librail_efr32xg26_gcc_release.a
LOAD C:/Users/ACER/SimplicityStudio/SDKs/simplicity_sdk_2//protocol/zigbee/build/gcc/cortex-m33/zigbee-debug-basic/release_singlenetwork/libzigbee-debug-basic.a
LOAD C:/Users/ACER/SimplicityStudio/SDKs/simplicity_sdk_2//protocol/zigbee/build/gcc/cortex-m33/zigbee-pro-stack/release_singlenetwork/libzigbee-pro-stack.a
LOAD C:/Users/ACER/SimplicityStudio/SDKs/simplicity_sdk_2//protocol/zigbee/build/gcc/cortex-m33/zigbee-source-route/release_singlenetwork/libzigbee-source-route.a
LOAD d:/si/developer/toolchains/gnu_arm/12.2.rel1_2023.7/bin/../lib/gcc/arm-none-eabi/12.2.1/thumb/v8-m.main+fp/hard\libgcc.a
LOAD d:/si/developer/toolchains/gnu_arm/12.2.rel1_2023.7/bin/../lib/gcc/arm-none-eabi/12.2.1/thumb/v8-m.main+fp/hard\libnosys.a
END GROUP
START GROUP
LOAD d:/si/developer/toolchains/gnu_arm/12.2.rel1_2023.7/bin/../lib/gcc/arm-none-eabi/12.2.1/thumb/v8-m.main+fp/hard\libgcc.a
LOAD d:/si/developer/toolchains/gnu_arm/12.2.rel1_2023.7/bin/../lib/gcc/arm-none-eabi/12.2.1/thumb/v8-m.main+fp/hard\libc_nano.a
LOAD d:/si/developer/toolchains/gnu_arm/12.2.rel1_2023.7/bin/../lib/gcc/arm-none-eabi/12.2.1/thumb/v8-m.main+fp/hard\libnosys.a
END GROUP
LOAD d:/si/developer/toolchains/gnu_arm/12.2.rel1_2023.7/bin/../lib/gcc/arm-none-eabi/12.2.1/thumb/v8-m.main+fp/hard\libstdc++_nano.a
LOAD d:/si/developer/toolchains/gnu_arm/12.2.rel1_2023.7/bin/../lib/gcc/arm-none-eabi/12.2.1/thumb/v8-m.main+fp/hard\libm.a
LOAD d:/si/developer/toolchains/gnu_arm/12.2.rel1_2023.7/bin/../lib/gcc/arm-none-eabi/12.2.1/thumb/v8-m.main+fp/hard\libc_nano.a
START GROUP
LOAD d:/si/developer/toolchains/gnu_arm/12.2.rel1_2023.7/bin/../lib/gcc/arm-none-eabi/12.2.1/thumb/v8-m.main+fp/hard\libgcc.a
LOAD d:/si/developer/toolchains/gnu_arm/12.2.rel1_2023.7/bin/../lib/gcc/arm-none-eabi/12.2.1/thumb/v8-m.main+fp/hard\libg_nano.a
LOAD d:/si/developer/toolchains/gnu_arm/12.2.rel1_2023.7/bin/../lib/gcc/arm-none-eabi/12.2.1/thumb/v8-m.main+fp/hard\libc_nano.a
END GROUP
START GROUP
LOAD d:/si/developer/toolchains/gnu_arm/12.2.rel1_2023.7/bin/../lib/gcc/arm-none-eabi/12.2.1/thumb/v8-m.main+fp/hard\libgcc.a
LOAD d:/si/developer/toolchains/gnu_arm/12.2.rel1_2023.7/bin/../lib/gcc/arm-none-eabi/12.2.1/thumb/v8-m.main+fp/hard\libc_nano.a
LOAD d:/si/developer/toolchains/gnu_arm/12.2.rel1_2023.7/bin/../lib/gcc/arm-none-eabi/12.2.1/thumb/v8-m.main+fp/hard\libnosys.a
END GROUP
START GROUP
LOAD d:/si/developer/toolchains/gnu_arm/12.2.rel1_2023.7/bin/../lib/gcc/arm-none-eabi/12.2.1/thumb/v8-m.main+fp/hard\libgcc.a
LOAD d:/si/developer/toolchains/gnu_arm/12.2.rel1_2023.7/bin/../lib/gcc/arm-none-eabi/12.2.1/thumb/v8-m.main+fp/hard\libc_nano.a
LOAD d:/si/developer/toolchains/gnu_arm/12.2.rel1_2023.7/bin/../lib/gcc/arm-none-eabi/12.2.1/thumb/v8-m.main+fp/hard\libnosys.a
END GROUP
LOAD d:/si/developer/toolchains/gnu_arm/12.2.rel1_2023.7/bin/../lib/gcc/arm-none-eabi/12.2.1/thumb/v8-m.main+fp/hard/crtend.o
LOAD d:/si/developer/toolchains/gnu_arm/12.2.rel1_2023.7/bin/../lib/gcc/arm-none-eabi/12.2.1/thumb/v8-m.main+fp/hard/crtn.o

.vectors        0x08006000      0x1b4
                0x08006000                linker_vectors_begin = .
 *(.vectors)
 .vectors       0x08006000      0x1b4 C:\Users\ACER\AppData\Local\Temp\ccwfKXoA.ltrans0.ltrans.o
                0x08006000                __Vectors
                0x080061b4                linker_vectors_end = .
                0x080061b4                __Vectors_End = .
                0x080061b4                __Vectors_Size = (__Vectors_End - __Vectors)
                0x080061b4                __lma_ramfuncs_start__ = .

.bootloader_reset_section
                0x20000000        0x4
                0x20000000                __ResetReasonStart__ = .
                0x20000004                . = (. + 0x4)
 *fill*         0x20000000        0x4 
                0x20000004                . = ALIGN (0x4)
                0x20000004                __ResetReasonEnd__ = .

.stack          0x20000008     0x1000
                0x20000008                . = ALIGN (0x8)
                0x20000008                __StackLimit = .
 *(.stack*)
 .stack         0x20000008     0x1000 C:\Users\ACER\AppData\Local\Temp\ccwfKXoA.ltrans5.ltrans.o
                0x20001008                . = ALIGN (0x4)
                0x20001008                __StackTop = .
                0x20001008                PROVIDE (__stack = __StackTop)

.bss            0x20001008     0x2f10
                0x20001008                . = ALIGN (0x4)
                0x20001008                __bss_start__ = .
 *(SORT_BY_ALIGNMENT(.bss*))
 .bss           0x20001008     0x1561 C:\Users\ACER\AppData\Local\Temp\ccwfKXoA.ltrans0.ltrans.o
                0x20001170                chTable.lto_priv.0
                0x200011f0                dmaXfer.lto_priv.0
                0x20001438                network_cache.lto_priv.0
                0x2000143e                cacheBuffer.lto_priv.0
                0x20001440                sli_zigbee_permit_joining
                0x20001444                sli_zigbee_permit_joining_events
                0x20001464                sli_zigbee_af_network_steering_state
                0x20001468                beginTcLinkKeyUpdateEvents.lto_priv.0
                0x20001488                sli_zigbee_af_network_steering_options_mask
                0x2000148c                sl_zigbee_af_network_steering_finish_steering_event
                0x200014ac                sli_zigbee_state
                0x200014ad                beacon_number.lto_priv.0
                0x200014ae                beacon.lto_priv.0
                0x200014c4                sl_iostream_vcom.lto_priv.0
                0x200014ec                initialized.lto_priv.0
                0x200014f0                irqState
                0x2000154c                nvm3_internalObjectHandleA
                0x200015ac                null_byte.lto_priv.0
                0x200015b0                eusart_handle_list
                0x200016c0                nvm3_defaultHandleData
                0x20001728                pn532_module
                0x20001740                powerCurvesState.lto_priv.0
                0x2000175a                appZclBufferLen
                0x2000175c                appZclBuffer
                0x200017ae                sli_zigbee_route_table
                0x20001840                sl_cli_example.lto_priv.0
                0x20001afe                lastAgingTime.lto_priv.0
                0x20001b00                sli_zigbee_in_initial_broadcast_timeout
                0x20001b04                sli_zigbee_broadcast_age_cutoff_indices
                0x20001b08                sli_zigbee_node_type
                0x20001b0a                miscInternalFlags.lto_priv.0
                0x20001b10                sli_zigbee_discovery_table
                0x20001b38                sli_802154mac_lower_mac_state
                0x20001b3a                phyToMacQueue.lto_priv.0
                0x20001b3e                sli_802154mac_to_network_queue
                0x20001b40                sli_zigbee_current_lqi
                0x20001b41                sli_zigbee_current_rssi
                0x20001b42                sli_zigbee_current_channel
                0x20001b44                sli_zigbee_current_mac_timestamp
                0x20001b48                sli_zigbee_network_to_application_queue
                0x20001b4a                sli_zigbee_current_sender
                0x20001b4c                sli_zigbee_current_aps_struct
                0x20001b58                sli_zigbee_current_sender_eui64
                0x20001b5c                sli_zigbee_security_state_bitmask
                0x20001b60                joinState
                0x20001b7c                sli_zigbee_aps_duplicate_rejection_entries
                0x20001b90                updateTcLinkKeyState.lto_priv.0
                0x20001b91                bdbTcLinkKeyExchangeAttempts.lto_priv.0
                0x20001b94                sli_zigbee_request_key_events
                0x20001bb4                sli_zigbee_current_zdo_request_status
                0x20001bb5                sli_zigbee_current_binding_index
                0x20001bb8                sli_zigbee_aps_unicast_message_data
                0x20001c58                pendingAckedCount.lto_priv.0
                0x20001c59                sli_zigbee_network_security_level
                0x20001c5c                sli_zigbee_incoming_tc_link_key_frame_counter
                0x20001c60                sli_zigbee_request_link_key_update
                0x20001c61                sli_802154mac_local_eui64
                0x20001c69                sli_zigbee_app_link_key_request_policies
                0x20001c6a                requestKeyBuffer.lto_priv.0
                0x20001c6c                sli_zigbee_trust_center_link_key_request_policies
                0x20001c6e                sli_zigbee_neighbor_data
                0x20001da0                sli_zigbee_frame_counters_table
                0x20001dfc                sli_zigbee_child_status_data
                0x20001e0c                sli_zigbee_last_child_age_time_ms
                0x20001e10                sli_zigbee_ms_since_last_poll
                0x20001e14                sli_zigbee_child_timers_data
                0x20001e30                sli_zigbee_end_device_timeout_data
                0x20001e38                childPolledBitField.lto_priv.0
                0x20001e40                sli_zigbee_stack_event_queue
                0x20001e50                childIsExpectingMessageBitField.lto_priv.0
                0x20001e58                sli_mac_upper_mac_state
                0x20001f04                sli_mac_child_status
                0x20001f08                lastEventTimeMs.lto_priv.0
                0x20001f0a                tracePhase.lto_priv.0
                0x20001f0c                heapPointer.lto_priv.0
                0x20001f10                emHeapBase.lto_priv.0
                0x20001f14                sli_zigbee_af_app_event_queue
                0x20002568                sli_zigbee_af_cli_network_index
 *fill*         0x20002569        0x7 
 .bss           0x20002570      0x1e8 C:\Users\ACER\AppData\Local\Temp\ccwfKXoA.ltrans2.ltrans.o
                0x20002581                count.lto_priv.0
                0x20002584                handlerQueue.lto_priv.0
                0x20002624                head.lto_priv.0
                0x2000262c                states.lto_priv.0
                0x200026f4                nextApsFrameCounter.lto_priv.0
                0x200026f8                zb_sm_context_psa_key_id.lto_priv.0
                0x20002710                currentOutgoingPacket.lto_priv.0
                0x20002714                macRetries.lto_priv.0
                0x2000271c                current_force_tx_after_failed_cca_attempts.lto_priv.0
                0x20002724                pollQueueHead.lto_priv.0
                0x20002726                storedKeysList.lto_priv.0
                0x20002728                keyCount.lto_priv.0
                0x2000272c                zb_sec_man_derived_key_psa_id.lto_priv.0
                0x20002740                global_beacon.lto_priv.0
                0x20002756                purgeBeaconsAfterJoinSuccess.lto_priv.0
                0x20002757                beaconListCount.lto_priv.0
 .bss           0x20002758      0x293 C:\Users\ACER\AppData\Local\Temp\ccwfKXoA.ltrans3.ltrans.o
                0x20002759                sli_zigbee_neighbor_count
                0x20002760                sli_zigbee_retry_queue
                0x20002861                submitCount.lto_priv.0
                0x20002862                beaconList.lto_priv.0
                0x20002864                sli_zigbee_security_key_sequence_number
                0x20002868                sli_zigbee_next_nwk_frame_counter
                0x20002870                scanResults.lto_priv.0
                0x20002872                blackListedIdByteArray
                0x20002874                blacklistedIdsArray
                0x200028f4                sli_zigbee_sleepy_broadcast_header
                0x200028f6                sleepyBroadcastInfo.lto_priv.0
                0x200028fa                current_tag.lto_priv.0
                0x20002900                jitOrRetryTxBusy
                0x20002901                sli_zigbee_fast_link_status_count
                0x20002904                sl_mac_active_response_callback
                0x20002908                sl_mac_scan_complete_callback
                0x2000290c                sli_mac_energy_scan_complete_callback
                0x20002910                sl_mac_energy_response_callback
                0x20002914                sli_zigbee_end_device_child_count
                0x20002915                sli_zigbee_tree_depth
                0x20002916                sli_zigbee_total_initial_children
                0x20002918                newChannel.lto_priv.0
                0x2000291a                sli_zigbee_unicast_tx_attempts
                0x2000291c                sli_zigbee_unicast_tx_failures
                0x2000291e                sli_zigbee_route_record_table_data
                0x20002930                sli_zigbee_child_table_data
                0x200029dc                sli_zigbee_child_lqi_data
                0x200029ea                sli_zigbee_current_message_status
 *fill*         0x200029eb        0x5 
 .bss.sli_rail_9fd4b577a88245688a41c225ff145d2d
                0x200029f0       0x80 C:/Users/ACER/SimplicityStudio/SDKs/simplicity_sdk_2//platform/radio/rail_lib/autogen/librail_release/librail_efr32xg26_gcc_release.a(rail_data.o)
 .bss.sli_rail_639739279e8d3d2b15a09f3a35c0cf79
                0x20002a70        0x8 C:/Users/ACER/SimplicityStudio/SDKs/simplicity_sdk_2//platform/radio/rail_lib/autogen/librail_release/librail_efr32xg26_gcc_release.a(generic_phy.o)
 .bss.sli_rail_f5d6bd4b87b830444924423a67685a3c
                0x20002a78      0x1b0 C:/Users/ACER/SimplicityStudio/SDKs/simplicity_sdk_2//platform/radio/rail_lib/autogen/librail_release/librail_efr32xg26_gcc_release.a(rail_rf.o)
 .bss.object.0  0x20002c28       0x18 d:/si/developer/toolchains/gnu_arm/12.2.rel1_2023.7/bin/../lib/gcc/arm-none-eabi/12.2.1/thumb/v8-m.main+fp/hard/crtbegin.o
 .bss           0x20002c40      0xd46 C:\Users\ACER\AppData\Local\Temp\ccwfKXoA.ltrans1.ltrans.o
                0x20002c44                sl_zigbee_af_aps_retry_override.lto_priv.0
                0x20002c45                sl_zigbee_af_response_type
                0x20002c50                sl_zigbee_af_print_active_area
                0x20002c52                sli_zigbee_counters
                0x20002ca6                sli_zigbee_counters_thresholds
                0x20002da4                zigDevRequestSequence.lto_priv.0
                0x20002da5                sli_zigbee_allow_rejoins_with_well_known_key
                0x20002dc8                sli_zigbee_af_endpoints
                0x20002dd8                sl_zigbee_endpoint_count
                0x20002dd9                zigDevRequestSequence.lto_priv.1
                0x20002de0                sli_general_purpose_heap
                0x20002e14                is_hf_x_oscillator_used.lto_priv.0
                0x20002e15                current_em.lto_priv.0
                0x20002e16                is_sleeping_waiting_for_clock_restore.lto_priv.0
                0x20002e17                is_states_saved.lto_priv.0
                0x20002e70                sli_iostream_default.lto_priv.0
                0x20002ea0                is_hf_x_oscillator_not_preserved.lto_priv.0
                0x20002ea1                error_flag.lto_priv.0
                0x20002ea4                emPhyRailHandle
                0x20002ea8                avgParentRssi
                0x20002eac                emHeapLimit
                0x20002eb0                afDeviceEnabled
                0x20002eb4                sli_zigbee_af_current_zigbee_pro_network
                0x20002ec0                sli_zigbee_what_i_support_as_a_parent
                0x20002ec2                sli_zigbee_binding_remote_node
                0x20002eda                sli_zigbee_af_syncing_time
                0x20002ef8                vScaleEM01Config.lto_priv.0
                0x20002f04                global_data.lto_priv.0
                0x20002f1c                global_data.lto_priv.1
                0x20003510                tokensActive.lto_priv.0
                0x20003514                outgoing_flat_packet.lto_priv.0
                0x20003594                mac_outgoing_sequence_number.lto_priv.0
                0x20003595                sli_mac_network_poll_queue
                0x20003598                csmaParams.lto_priv.0
                0x200035a4                longIndirectPool.lto_priv.0
                0x200035a6                shortIndirectPool.lto_priv.0
                0x200035a8                indirectTimeoutMs.lto_priv.0
                0x200035aa                sl_mac_stack_filter_list_length
                0x200035ac                sli_zigbee_address_table
                0x2000366c                sli_zigbee_beacon_events
                0x2000368c                sli_zigbee_network_management_events
                0x200036ac                sli_zigbee_neighbor_exchange_events
                0x200036cc                sli_zigbee_send_parent_announce_events
                0x200036ec                sli_zigbee_transient_link_key_events
                0x2000370c                sli_zigbee_source_route_update_events
                0x2000372c                sli_zigbee_sequence_number
                0x2000372d                sli_zigbee_aps_sequence_number
                0x2000372e                receivedTimeoutResponse
                0x2000372f                responseTimeoutRemaining
                0x20003730                parentNwkInformation
                0x20003732                sourceRouteTableEntryCount
                0x20003733                sourceRouteTableNewestIndex
                0x20003734                sli_zigbee_source_route_table_data
                0x20003750                sourceRouteUpdateRouteErrorCount
                0x20003751                sourceRouteUpdateDeliveryFailureCount
                0x20003752                sourceRouteUpdateNodeIdWithBrokenRoute
                0x20003754                sourceRouteUpdateSendAddressDiscoveryNextEvent
                0x20003755                sourceRouteUpdateActiveEvent
                0x20003756                delayCount.lto_priv.1
                0x20003757                submitCount.lto_priv.1
                0x20003758                sli_zigbee_store_and_forward_queue
                0x2000378c                sli_transient_entry_present.lto_priv.0
                0x20003790                sli_zigbee_af_service_discovery_events
                0x20003810                scanNetworkEvents.lto_priv.0
                0x20003830                messageSentCallbacks.lto_priv.0
                0x20003880                addressCacheStartIndex.lto_priv.0
                0x20003881                addressCacheSize
                0x20003882                nextIndex.lto_priv.0
                0x20003884                networkInitData.lto_priv.0
                0x20003898                keys_failed
                0x2000389d                keys_passed
                0x200038a2                sl_mac_stack_filter_list
                0x200038e2                sl_mac_custom_filter_list_length
                0x200038e4                sl_mac_custom_filter_list
                0x20003924                sli_zigbee_descriptor_capability
                0x20003926                sl_zigbee_af_response_aps_frame
                0x20003932                appResponseLength
                0x20003934                appResponseData
 *fill*         0x20003986        0x2 
 .bss           0x20003988       0x78 C:\Users\ACER\AppData\Local\Temp\ccwfKXoA.ltrans4.ltrans.o
                0x200039b0                sli_zigbee_binding_flags
                0x200039e0                sli_mac_child_table
                0x200039e4                sli_zigbee_child_power
                0x200039fa                nwkSequenceNumber.lto_priv.0
 .bss           0x20003a00       0x50 C:\Users\ACER\AppData\Local\Temp\ccwfKXoA.ltrans5.ltrans.o
 .bss.sli_rail_b2d4e2f0808167209d1dba530e0bb939
                0x20003a50      0x200 C:/Users/ACER/SimplicityStudio/SDKs/simplicity_sdk_2//platform/radio/rail_lib/autogen/librail_release/librail_efr32xg26_gcc_release.a(rail_data.o)
 .bss.sli_rail_c136c888d348bae01d46584776a71a85
                0x20003c50        0x8 C:/Users/ACER/SimplicityStudio/SDKs/simplicity_sdk_2//platform/radio/rail_lib/autogen/librail_release/librail_efr32xg26_gcc_release.a(rail_power_manager.o)
 .bss.sli_rail_9173f051b55c13a908edffee1745cddf
                0x20003c58        0x8 C:/Users/ACER/SimplicityStudio/SDKs/simplicity_sdk_2//platform/radio/rail_lib/autogen/librail_release/librail_efr32xg26_gcc_release.a(rail_power_manager.o)
 .bss.sli_rail_1a9485a7c6b38dd70de7ee0102aa7aaf
                0x20003c60       0x20 C:/Users/ACER/SimplicityStudio/SDKs/simplicity_sdk_2//platform/radio/rail_lib/autogen/librail_release/librail_efr32xg26_gcc_release.a(rail_power_manager.o)
 .bss.sli_rail_54d89e3959a4bbc543e302fea6710f95
                0x20003c80        0x4 C:/Users/ACER/SimplicityStudio/SDKs/simplicity_sdk_2//platform/radio/rail_lib/autogen/librail_release/librail_efr32xg26_gcc_release.a(rail_power_manager.o)
                0x20003c80                sli_rail_54d89e3959a4bbc543e302fea6710f95
 .bss.sli_rail_07aed9c96fdcaccc2e6f95e40d8fb12c
                0x20003c84        0x4 C:/Users/ACER/SimplicityStudio/SDKs/simplicity_sdk_2//platform/radio/rail_lib/autogen/librail_release/librail_efr32xg26_gcc_release.a(rail_power_manager.o)
 .bss.sli_rail_e869e9276015a189cecac6019fc3c018
                0x20003c88        0x4 C:/Users/ACER/SimplicityStudio/SDKs/simplicity_sdk_2//platform/radio/rail_lib/autogen/librail_release/librail_efr32xg26_gcc_release.a(rail_power_manager.o)
 .bss.sli_rail_4b8dfbaedea31d7cbf1e1ce30323b341
                0x20003c8c        0x4 C:/Users/ACER/SimplicityStudio/SDKs/simplicity_sdk_2//platform/radio/rail_lib/autogen/librail_release/librail_efr32xg26_gcc_release.a(rail_power_manager.o)
 .bss.sli_rail_ff5397f38ac9ffe78ebd137a9facd21f
                0x20003c90        0x4 C:/Users/ACER/SimplicityStudio/SDKs/simplicity_sdk_2//platform/radio/rail_lib/autogen/librail_release/librail_efr32xg26_gcc_release.a(rail_rf_hal.o)
 .bss.sli_rail_93f64758baf60907f96fa3736d8c95be
                0x20003c94        0x4 C:/Users/ACER/SimplicityStudio/SDKs/simplicity_sdk_2//platform/radio/rail_lib/autogen/librail_release/librail_efr32xg26_gcc_release.a(rail_rf_hal.o)
 .bss.sli_rail_2c64439bef0520ed6b99a1cb60a3db45
                0x20003c98        0x4 C:/Users/ACER/SimplicityStudio/SDKs/simplicity_sdk_2//platform/radio/rail_lib/autogen/librail_release/librail_efr32xg26_gcc_release.a(rail_rf_hal.o)
 .bss.sli_rail_f220d21fdb41383218da79e92497d6e0
                0x20003c9c        0x4 C:/Users/ACER/SimplicityStudio/SDKs/simplicity_sdk_2//platform/radio/rail_lib/autogen/librail_release/librail_efr32xg26_gcc_release.a(rail_rf_hal.o)
 .bss.sli_rail_e547315ea5b6d0aaa7cc739ff29cd150
                0x20003ca0        0x4 C:/Users/ACER/SimplicityStudio/SDKs/simplicity_sdk_2//platform/radio/rail_lib/autogen/librail_release/librail_efr32xg26_gcc_release.a(rail_rf_hal.o)
 .bss.sli_rail_ed16766c587fa63e77da03f1b51ef62a
                0x20003ca4        0x4 C:/Users/ACER/SimplicityStudio/SDKs/simplicity_sdk_2//platform/radio/rail_lib/autogen/librail_release/librail_efr32xg26_gcc_release.a(rail_rf_hal.o)
 .bss.sli_rail_8b603bfacbd416d9fed4157d0fe5952f
                0x20003ca8        0x4 C:/Users/ACER/SimplicityStudio/SDKs/simplicity_sdk_2//platform/radio/rail_lib/autogen/librail_release/librail_efr32xg26_gcc_release.a(rail_rf_hal.o)
 .bss.sli_rail_e596de4f8292ec5a59bf4d802ccf94ce
                0x20003cac        0x4 C:/Users/ACER/SimplicityStudio/SDKs/simplicity_sdk_2//platform/radio/rail_lib/autogen/librail_release/librail_efr32xg26_gcc_release.a(rail_rf_hal.o)
 .bss.sli_rail_a38a6265fbc5cbe2cc3228410b65ace5
                0x20003cb0        0x4 C:/Users/ACER/SimplicityStudio/SDKs/simplicity_sdk_2//platform/radio/rail_lib/autogen/librail_release/librail_efr32xg26_gcc_release.a(rail_rf_hal.o)
                0x20003cb0                sli_rail_a38a6265fbc5cbe2cc3228410b65ace5
 .bss.sli_rail_dcde16df7cedd595b97bd2a7aa082524
                0x20003cb4        0x4 C:/Users/ACER/SimplicityStudio/SDKs/simplicity_sdk_2//platform/radio/rail_lib/autogen/librail_release/librail_efr32xg26_gcc_release.a(rail_ieee802154_rf_hal.o)
                0x20003cb4                sli_rail_dcde16df7cedd595b97bd2a7aa082524
 .bss.sli_rail_2c83a429df0ac09a485d2660685c629a
                0x20003cb8        0x4 C:/Users/ACER/SimplicityStudio/SDKs/simplicity_sdk_2//platform/radio/rail_lib/autogen/librail_release/librail_efr32xg26_gcc_release.a(rail_ieee802154_rf_hal.o)
                0x20003cb8                sli_rail_2c83a429df0ac09a485d2660685c629a
 .bss.sli_rail_8e5f92557b02add76aa494081820c844
                0x20003cbc        0x4 C:/Users/ACER/SimplicityStudio/SDKs/simplicity_sdk_2//platform/radio/rail_lib/autogen/librail_release/librail_efr32xg26_gcc_release.a(rail_ieee802154_rf_hal.o)
                0x20003cbc                sli_rail_8e5f92557b02add76aa494081820c844
 .bss.sli_rail_416b8bd069a196e46ab21a61f0b8399d
                0x20003cc0        0x4 C:/Users/ACER/SimplicityStudio/SDKs/simplicity_sdk_2//platform/radio/rail_lib/autogen/librail_release/librail_efr32xg26_gcc_release.a(rail_ieee802154_rf_hal.o)
 .bss.sli_rail_1f4b458cd70474e6143b1726fe373f2d
                0x20003cc4        0x4 C:/Users/ACER/SimplicityStudio/SDKs/simplicity_sdk_2//platform/radio/rail_lib/autogen/librail_release/librail_efr32xg26_gcc_release.a(rail_ieee802154_rf_hal.o)
 .bss.sli_rail_101f4b3f7ec22758e9c3af4867b037bf
                0x20003cc8        0x4 C:/Users/ACER/SimplicityStudio/SDKs/simplicity_sdk_2//platform/radio/rail_lib/autogen/librail_release/librail_efr32xg26_gcc_release.a(rfhal_bufc.o)
 .bss.sli_rail_e119b6e8991410a924ce1e2fa666a230
                0x20003ccc        0x4 C:/Users/ACER/SimplicityStudio/SDKs/simplicity_sdk_2//platform/radio/rail_lib/autogen/librail_release/librail_efr32xg26_gcc_release.a(rfhal_pa.o)
 .bss.sli_rail_8bcb7082e48e6ff370e12cbf831416d4
                0x20003cd0        0x4 C:/Users/ACER/SimplicityStudio/SDKs/simplicity_sdk_2//platform/radio/rail_lib/autogen/librail_release/librail_efr32xg26_gcc_release.a(rfhal_pa.o)
 .bss.sli_rail_a6f5c273b65932798e9fe42a4135c816
                0x20003cd4        0x4 C:/Users/ACER/SimplicityStudio/SDKs/simplicity_sdk_2//platform/radio/rail_lib/autogen/librail_release/librail_efr32xg26_gcc_release.a(rfhal_pa.o)
 .bss.sli_rail_a7ecbdc9460bec98d7781dd81a879a8b
                0x20003cd8       0x14 C:/Users/ACER/SimplicityStudio/SDKs/simplicity_sdk_2//platform/radio/rail_lib/autogen/librail_release/librail_efr32xg26_gcc_release.a(rfhal_pti.o)
 .bss.sli_rail_77815a23ee974b1b058991f6802f3a27
                0x20003cec        0x4 C:/Users/ACER/SimplicityStudio/SDKs/simplicity_sdk_2//platform/radio/rail_lib/autogen/librail_release/librail_efr32xg26_gcc_release.a(rfhal_protimer.o)
                0x20003cec                sli_rail_77815a23ee974b1b058991f6802f3a27
 .bss.sli_rail_963948127b9538f75edea1b8ad37a2a1
                0x20003cf0        0x4 C:/Users/ACER/SimplicityStudio/SDKs/simplicity_sdk_2//platform/radio/rail_lib/autogen/librail_release/librail_efr32xg26_gcc_release.a(rfhal_protimer.o)
 .bss.sli_rail_ba76bc65df776304e41de87b98615d59
                0x20003cf4        0x4 C:/Users/ACER/SimplicityStudio/SDKs/simplicity_sdk_2//platform/radio/rail_lib/autogen/librail_release/librail_efr32xg26_gcc_release.a(rfhal_protimer.o)
                0x20003cf4                sli_rail_ba76bc65df776304e41de87b98615d59
 .bss.sli_rail_b12f64a1631cb80aaba93bc7e62c5401
                0x20003cf8        0x4 C:/Users/ACER/SimplicityStudio/SDKs/simplicity_sdk_2//platform/radio/rail_lib/autogen/librail_release/librail_efr32xg26_gcc_release.a(rfhal_protimer.o)
                0x20003cf8                sli_rail_b12f64a1631cb80aaba93bc7e62c5401
 .bss.sli_rail_cd01ef0a536530215319ced12540ac0b
                0x20003cfc        0x4 C:/Users/ACER/SimplicityStudio/SDKs/simplicity_sdk_2//platform/radio/rail_lib/autogen/librail_release/librail_efr32xg26_gcc_release.a(rfhal_protimer.o)
                0x20003cfc                sli_rail_cd01ef0a536530215319ced12540ac0b
 .bss.sli_rail_28b654493fd84ce3d4a1eafa51d2de06
                0x20003d00        0x4 C:/Users/ACER/SimplicityStudio/SDKs/simplicity_sdk_2//platform/radio/rail_lib/autogen/librail_release/librail_efr32xg26_gcc_release.a(rfhal_protimer.o)
                0x20003d00                sli_rail_28b654493fd84ce3d4a1eafa51d2de06
 .bss.sli_rail_053617c4332bb6c7cf6732ee3488f196
                0x20003d04       0x30 C:/Users/ACER/SimplicityStudio/SDKs/simplicity_sdk_2//platform/radio/rail_lib/autogen/librail_release/librail_efr32xg26_gcc_release.a(rfhal_radio.o)
 .bss.sli_rail_9bba98fddad85f3d1cd858994e5074b6
                0x20003d34        0x4 C:/Users/ACER/SimplicityStudio/SDKs/simplicity_sdk_2//platform/radio/rail_lib/autogen/librail_release/librail_efr32xg26_gcc_release.a(rfhal_radio.o)
 .bss.sli_rail_23320480a172bcf05c7593f2b87e5674
                0x20003d38        0x4 C:/Users/ACER/SimplicityStudio/SDKs/simplicity_sdk_2//platform/radio/rail_lib/autogen/librail_release/librail_efr32xg26_gcc_release.a(rfhal_radio.o)
 .bss.sli_rail_cca87d23761b59cf722558455f039109
                0x20003d3c        0x4 C:/Users/ACER/SimplicityStudio/SDKs/simplicity_sdk_2//platform/radio/rail_lib/autogen/librail_release/librail_efr32xg26_gcc_release.a(rfhal_radio.o)
 .bss.sli_rail_8053e95551393ef0883c1e2a5d4dfbe9
                0x20003d40        0x4 C:/Users/ACER/SimplicityStudio/SDKs/simplicity_sdk_2//platform/radio/rail_lib/autogen/librail_release/librail_efr32xg26_gcc_release.a(rfhal_radio.o)
 .bss.sli_rail_f1df1570f191c642a02a0292be221879
                0x20003d44        0x4 C:/Users/ACER/SimplicityStudio/SDKs/simplicity_sdk_2//platform/radio/rail_lib/autogen/librail_release/librail_efr32xg26_gcc_release.a(rfhal_radio.o)
                0x20003d44                sli_rail_f1df1570f191c642a02a0292be221879
 .bss.sli_rail_f0c1e48b7d98bcd6e4f079098d6dfa93
                0x20003d48        0x4 C:/Users/ACER/SimplicityStudio/SDKs/simplicity_sdk_2//platform/radio/rail_lib/autogen/librail_release/librail_efr32xg26_gcc_release.a(rfhal_radio.o)
                0x20003d48                sli_rail_f0c1e48b7d98bcd6e4f079098d6dfa93
 .bss.sli_rail_6a93196ff209f0ad8051f2db2ef8e438
                0x20003d4c        0x4 C:/Users/ACER/SimplicityStudio/SDKs/simplicity_sdk_2//platform/radio/rail_lib/autogen/librail_release/librail_efr32xg26_gcc_release.a(rfhal_radio.o)
                0x20003d4c                sli_rail_6a93196ff209f0ad8051f2db2ef8e438
 .bss.sli_rail_92d4a5e6721a659cee640e925c62d970
                0x20003d50        0x4 C:/Users/ACER/SimplicityStudio/SDKs/simplicity_sdk_2//platform/radio/rail_lib/autogen/librail_release/librail_efr32xg26_gcc_release.a(rfhal_radio.o)
                0x20003d50                sli_rail_92d4a5e6721a659cee640e925c62d970
 .bss.sli_rail_3dffa155f4a8801784d5a9fcd5a4dd94
                0x20003d54        0x4 C:/Users/ACER/SimplicityStudio/SDKs/simplicity_sdk_2//platform/radio/rail_lib/autogen/librail_release/librail_efr32xg26_gcc_release.a(rfhal_radio.o)
                0x20003d54                sli_rail_3dffa155f4a8801784d5a9fcd5a4dd94
 .bss.sli_rail_590b73c4e7189b930de01295d0fbc37c
                0x20003d58        0x4 C:/Users/ACER/SimplicityStudio/SDKs/simplicity_sdk_2//platform/radio/rail_lib/autogen/librail_release/librail_efr32xg26_gcc_release.a(rfhal_radio.o)
                0x20003d58                sli_rail_590b73c4e7189b930de01295d0fbc37c
 .bss.sli_rail_87060312697d31886d06904a4d287474
                0x20003d5c        0x4 C:/Users/ACER/SimplicityStudio/SDKs/simplicity_sdk_2//platform/radio/rail_lib/autogen/librail_release/librail_efr32xg26_gcc_release.a(rfhal_rfeca.o)
 .bss.sli_rail_46885ee79bb18df54fe729cfba8e607b
                0x20003d60        0x4 C:/Users/ACER/SimplicityStudio/SDKs/simplicity_sdk_2//platform/radio/rail_lib/autogen/librail_release/librail_efr32xg26_gcc_release.a(rfhal_synth.o)
                0x20003d60                sli_rail_46885ee79bb18df54fe729cfba8e607b
 .bss.sli_rail_d2c542bf069f46066a28f843ca3ff78f
                0x20003d64        0x4 C:/Users/ACER/SimplicityStudio/SDKs/simplicity_sdk_2//platform/radio/rail_lib/autogen/librail_release/librail_efr32xg26_gcc_release.a(rfhal_synth.o)
                0x20003d64                sli_rail_d2c542bf069f46066a28f843ca3ff78f
 .bss.sli_rail_e0ef4487ab4804a5fea3180e903f26d5
                0x20003d68        0x4 C:/Users/ACER/SimplicityStudio/SDKs/simplicity_sdk_2//platform/radio/rail_lib/autogen/librail_release/librail_efr32xg26_gcc_release.a(rfhal_synth.o)
 .bss.sli_rail_1735c4d38e84f6ce03a9829499886986
                0x20003d6c        0x4 C:/Users/ACER/SimplicityStudio/SDKs/simplicity_sdk_2//platform/radio/rail_lib/autogen/librail_release/librail_efr32xg26_gcc_release.a(rfhal_timings.o)
 .bss.sli_rail_f9bca167b18e7011edfdb6d3ce9531c6
                0x20003d70       0x10 C:/Users/ACER/SimplicityStudio/SDKs/simplicity_sdk_2//platform/radio/rail_lib/autogen/librail_release/librail_efr32xg26_gcc_release.a(rfhal_timings.o)
 .bss.sli_rail_9c2a5a1193e307c22559a2580488663c
                0x20003d80        0x4 C:/Users/ACER/SimplicityStudio/SDKs/simplicity_sdk_2//platform/radio/rail_lib/autogen/librail_release/librail_efr32xg26_gcc_release.a(rfhal_timings.o)
 .bss.sli_rail_e313b55611f42bb8fd6c98edfa75cd8f
                0x20003d84        0x4 C:/Users/ACER/SimplicityStudio/SDKs/simplicity_sdk_2//platform/radio/rail_lib/autogen/librail_release/librail_efr32xg26_gcc_release.a(generic_phy.o)
                0x20003d84                sli_rail_e313b55611f42bb8fd6c98edfa75cd8f
 .bss.sli_rail_42987b2d051e27bbd12feb66e8f8ca45
                0x20003d88        0x4 C:/Users/ACER/SimplicityStudio/SDKs/simplicity_sdk_2//platform/radio/rail_lib/autogen/librail_release/librail_efr32xg26_gcc_release.a(generic_phy.o)
 .bss.sli_rail_af3c6973dddd532ce508e3f9924571a4
                0x20003d8c        0x4 C:/Users/ACER/SimplicityStudio/SDKs/simplicity_sdk_2//platform/radio/rail_lib/autogen/librail_release/librail_efr32xg26_gcc_release.a(rail_singleprotocol.o)
 .bss.RAIL_ActiveHandle
                0x20003d90        0x4 C:/Users/ACER/SimplicityStudio/SDKs/simplicity_sdk_2//platform/radio/rail_lib/autogen/librail_release/librail_efr32xg26_gcc_release.a(rail_singleprotocol.o)
                0x20003d90                RAIL_ActiveHandle
 .bss.sli_rail_assert_rail_handle
                0x20003d94        0x4 C:/Users/ACER/SimplicityStudio/SDKs/simplicity_sdk_2//platform/radio/rail_lib/autogen/librail_release/librail_efr32xg26_gcc_release.a(rail_assert.o)
                0x20003d94                sli_rail_assert_rail_handle
 .bss.sli_rail_assert_line_number
                0x20003d98        0x4 C:/Users/ACER/SimplicityStudio/SDKs/simplicity_sdk_2//platform/radio/rail_lib/autogen/librail_release/librail_efr32xg26_gcc_release.a(rail_assert.o)
                0x20003d98                sli_rail_assert_line_number
 .bss.__sf      0x20003d9c      0x138 d:/si/developer/toolchains/gnu_arm/12.2.rel1_2023.7/bin/../lib/gcc/arm-none-eabi/12.2.1/thumb/v8-m.main+fp/hard\libc_nano.a(libc_a-findfp.o)
                0x20003d9c                __sf
 .bss.__stdio_exit_handler
                0x20003ed4        0x4 d:/si/developer/toolchains/gnu_arm/12.2.rel1_2023.7/bin/../lib/gcc/arm-none-eabi/12.2.1/thumb/v8-m.main+fp/hard\libc_nano.a(libc_a-findfp.o)
                0x20003ed4                __stdio_exit_handler
 .bss.sli_rail_984a073d072f71c72895558117076777
                0x20003ed8       0x18 C:/Users/ACER/SimplicityStudio/SDKs/simplicity_sdk_2//platform/radio/rail_lib/autogen/librail_release/librail_efr32xg26_gcc_release.a(rfhal_radio.o)
 .bss.completed.1
                0x20003ef0        0x1 d:/si/developer/toolchains/gnu_arm/12.2.rel1_2023.7/bin/../lib/gcc/arm-none-eabi/12.2.1/thumb/v8-m.main+fp/hard/crtbegin.o
 .bss.sli_rail_410f40085c333379a68aa72c7f5fe55e
                0x20003ef1        0x1 C:/Users/ACER/SimplicityStudio/SDKs/simplicity_sdk_2//platform/radio/rail_lib/autogen/librail_release/librail_efr32xg26_gcc_release.a(rail_power_manager.o)
 .bss.sli_rail_d65d23c2b23fdd806a6e8f3e64b0323d
                0x20003ef2        0x1 C:/Users/ACER/SimplicityStudio/SDKs/simplicity_sdk_2//platform/radio/rail_lib/autogen/librail_release/librail_efr32xg26_gcc_release.a(rail_power_manager.o)
 .bss.sli_rail_61af0a7c75316b90cbcd8fa25d8ab561
                0x20003ef3        0x1 C:/Users/ACER/SimplicityStudio/SDKs/simplicity_sdk_2//platform/radio/rail_lib/autogen/librail_release/librail_efr32xg26_gcc_release.a(rail_power_manager.o)
 .bss.sli_rail_aa6a27b2d33ee099d3bcb8c9cc528c7f
                0x20003ef4        0x1 C:/Users/ACER/SimplicityStudio/SDKs/simplicity_sdk_2//platform/radio/rail_lib/autogen/librail_release/librail_efr32xg26_gcc_release.a(rail_power_manager.o)
 .bss.sli_rail_b8fbc7affa20b169b7320e9641707b1c
                0x20003ef5        0x1 C:/Users/ACER/SimplicityStudio/SDKs/simplicity_sdk_2//platform/radio/rail_lib/autogen/librail_release/librail_efr32xg26_gcc_release.a(rail_rf_hal.o)
 .bss.sli_rail_08d1a986c4d60bf6ed7ab6ba0f7c8b79
                0x20003ef6        0x1 C:/Users/ACER/SimplicityStudio/SDKs/simplicity_sdk_2//platform/radio/rail_lib/autogen/librail_release/librail_efr32xg26_gcc_release.a(rail_rf_hal.o)
 .bss.sli_rail_aa9871042d83d383c8f35ed1d86b8c36
                0x20003ef7        0x1 C:/Users/ACER/SimplicityStudio/SDKs/simplicity_sdk_2//platform/radio/rail_lib/autogen/librail_release/librail_efr32xg26_gcc_release.a(rail_rf_hal.o)
 .bss.sli_rail_1c9996808063ec3a572377845e362c1c
                0x20003ef8        0x1 C:/Users/ACER/SimplicityStudio/SDKs/simplicity_sdk_2//platform/radio/rail_lib/autogen/librail_release/librail_efr32xg26_gcc_release.a(rail_rf_hal.o)
                0x20003ef8                sli_rail_1c9996808063ec3a572377845e362c1c
 .bss.sli_rail_788a850e8c59ec185d8b5df36a1937cc
                0x20003ef9        0x1 C:/Users/ACER/SimplicityStudio/SDKs/simplicity_sdk_2//platform/radio/rail_lib/autogen/librail_release/librail_efr32xg26_gcc_release.a(rail_rf_hal.o)
 .bss.sli_rail_cb8e624e4b8bd09b854e22a3f0daf52a
                0x20003efa        0x1 C:/Users/ACER/SimplicityStudio/SDKs/simplicity_sdk_2//platform/radio/rail_lib/autogen/librail_release/librail_efr32xg26_gcc_release.a(rail_ble_rf_hal_cte.o)
 .bss.sli_rail_4f035f7b636407302a73e486ed07742f
                0x20003efb        0x1 C:/Users/ACER/SimplicityStudio/SDKs/simplicity_sdk_2//platform/radio/rail_lib/autogen/librail_release/librail_efr32xg26_gcc_release.a(rfhal_pa.o)
                0x20003efb                sli_rail_4f035f7b636407302a73e486ed07742f
 .bss.sli_rail_4faa7d5d81fd9c1006f9e5e2bda93984
                0x20003efc        0x1 C:/Users/ACER/SimplicityStudio/SDKs/simplicity_sdk_2//platform/radio/rail_lib/autogen/librail_release/librail_efr32xg26_gcc_release.a(rfhal_pa.o)
 .bss.sli_rail_5140cb7c3d903562f1af973f6b0f27df
                0x20003efd        0x1 C:/Users/ACER/SimplicityStudio/SDKs/simplicity_sdk_2//platform/radio/rail_lib/autogen/librail_release/librail_efr32xg26_gcc_release.a(rfhal_pa.o)
 .bss.sli_rail_ca93d10fbac202c6d87c88a8ed8c25d9
                0x20003efe        0x1 C:/Users/ACER/SimplicityStudio/SDKs/simplicity_sdk_2//platform/radio/rail_lib/autogen/librail_release/librail_efr32xg26_gcc_release.a(rfhal_pti.o)
 .bss.sli_rail_d44ce05629f0f82a46113aea09cf992c
                0x20003eff        0x1 C:/Users/ACER/SimplicityStudio/SDKs/simplicity_sdk_2//platform/radio/rail_lib/autogen/librail_release/librail_efr32xg26_gcc_release.a(rfhal_pti.o)
 .bss.sli_rail_e557063ab17d1848a26f3a64413bbbf6
                0x20003f00        0x8 C:/Users/ACER/SimplicityStudio/SDKs/simplicity_sdk_2//platform/radio/rail_lib/autogen/librail_release/librail_efr32xg26_gcc_release.a(rfhal_protimer.o)
                0x20003f00                sli_rail_e557063ab17d1848a26f3a64413bbbf6
 .bss.sli_rail_0d06f1ee4ad18ea63440e3dab85db2cd
                0x20003f08        0x1 C:/Users/ACER/SimplicityStudio/SDKs/simplicity_sdk_2//platform/radio/rail_lib/autogen/librail_release/librail_efr32xg26_gcc_release.a(rfhal_protimer.o)
 .bss.sli_rail_d2f56d0b43bc3d2c7616d3d11662d59b
                0x20003f09        0x1 C:/Users/ACER/SimplicityStudio/SDKs/simplicity_sdk_2//platform/radio/rail_lib/autogen/librail_release/librail_efr32xg26_gcc_release.a(rfhal_radio.o)
 .bss.sli_rail_3afeac5da3f1a30165bcfb5058815135
                0x20003f0a        0x1 C:/Users/ACER/SimplicityStudio/SDKs/simplicity_sdk_2//platform/radio/rail_lib/autogen/librail_release/librail_efr32xg26_gcc_release.a(rfhal_rfeca.o)
 .bss.sli_rail_6cf2f9197fb5f6edf13161a4a83566f7
                0x20003f0b        0x1 C:/Users/ACER/SimplicityStudio/SDKs/simplicity_sdk_2//platform/radio/rail_lib/autogen/librail_release/librail_efr32xg26_gcc_release.a(rfhal_mailbox.o)
                0x20003f0b                sli_rail_6cf2f9197fb5f6edf13161a4a83566f7
 .bss.sli_rail_12069b73fc4ad22f7e0efeeaf4d72db1
                0x20003f0c        0x2 C:/Users/ACER/SimplicityStudio/SDKs/simplicity_sdk_2//platform/radio/rail_lib/autogen/librail_release/librail_efr32xg26_gcc_release.a(generic_phy.o)
 .bss.sli_rail_e6aee15ae7814f2f54e328c05aba128b
                0x20003f0e        0x1 C:/Users/ACER/SimplicityStudio/SDKs/simplicity_sdk_2//platform/radio/rail_lib/autogen/librail_release/librail_efr32xg26_gcc_release.a(generic_phy.o)
 .bss.sli_rail_040353de6a60303cbe8462a9a7e732b2
                0x20003f0f        0x1 C:/Users/ACER/SimplicityStudio/SDKs/simplicity_sdk_2//platform/radio/rail_lib/autogen/librail_release/librail_efr32xg26_gcc_release.a(generic_phy.o)
                0x20003f0f                sli_rail_040353de6a60303cbe8462a9a7e732b2
 .bss.sli_rail_83734be183caaa01d42e459088f1f91f
                0x20003f10        0x1 C:/Users/ACER/SimplicityStudio/SDKs/simplicity_sdk_2//platform/radio/rail_lib/autogen/librail_release/librail_efr32xg26_gcc_release.a(generic_phy.o)
 .bss.sli_rail_0c722850fa703c7396a762b97dcdc47e
                0x20003f11        0x1 C:/Users/ACER/SimplicityStudio/SDKs/simplicity_sdk_2//platform/radio/rail_lib/autogen/librail_release/librail_efr32xg26_gcc_release.a(generic_phy.o)
 .bss.sli_rail_0c38576adf8db7eb0672207aa84c11cf
                0x20003f12        0x1 C:/Users/ACER/SimplicityStudio/SDKs/simplicity_sdk_2//platform/radio/rail_lib/autogen/librail_release/librail_efr32xg26_gcc_release.a(generic_phy.o)
 .bss.sli_rail_ecb9f3f5a3454d17e04468f1ac1c0956
                0x20003f13        0x1 C:/Users/ACER/SimplicityStudio/SDKs/simplicity_sdk_2//platform/radio/rail_lib/autogen/librail_release/librail_efr32xg26_gcc_release.a(generic_phy.o)
 .bss.sli_rail_4b72faa85e26b531f083bbbb46531f17
                0x20003f14        0x1 C:/Users/ACER/SimplicityStudio/SDKs/simplicity_sdk_2//platform/radio/rail_lib/autogen/librail_release/librail_efr32xg26_gcc_release.a(generic_phy.o)
 *(COMMON)
                0x20003f18                . = ALIGN (0x4)
 *fill*         0x20003f15        0x3 
                0x20003f18                __bss_end__ = .

.noinit         0x20003f18       0xa0
 *(.noinit*)
 .noinit        0x20003f18       0xa0 C:\Users\ACER\AppData\Local\Temp\ccwfKXoA.ltrans1.ltrans.o
                0x20003f1c                halCrashInfo
                0x20003fb8                . = ALIGN (0x4)

text_application_ram
                0x20003fb8      0x110 load address 0x080061b4
                0x20003fb8                . = ALIGN (0x4)
                0x20003fb8                __vma_ramfuncs_start__ = .
                0x20003fb8                __text_application_ram_start__ = .
 *(text_application_ram)
 text_application_ram
                0x20003fb8      0x110 C:\Users\ACER\AppData\Local\Temp\ccwfKXoA.ltrans0.ltrans.o
                0x2000400c                MSC_WriteWord
                0x200040c8                . = ALIGN (0x4)
                0x200040c8                __vma_ramfuncs_end__ = .
                0x200040c8                __text_application_ram_end__ = .

.rodata         0x080062c4        0x0
                0x080062c4                __lma_ramfuncs_end__ = .
                0x080062c4                __rodata_start__ = .
                0x080062c4                __rodata_end__ = .

.text           0x080062d0    0x3de18
                0x080062d0                linker_code_begin = .
 *(SORT_BY_ALIGNMENT(.text*))
 .text          0x080062d0        0x8 ./simplicity_sdk_2025.6.0/platform/service/udelay/src/sl_udelay_armv6m_gcc.o
                0x080062d0                sli_delay_loop
 .text          0x080062d8     0x6350 C:\Users\ACER\AppData\Local\Temp\ccwfKXoA.ltrans1.ltrans.o
                0x0800630a                set_auto_cr_lf.lto_priv.0
                0x08006310                get_auto_cr_lf.lto_priv.0
                0x08006316                get_rx_energy_mode_restriction.lto_priv.0
                0x0800631c                usart_tx.lto_priv.0
                0x0800632c                usart_rx.lto_priv.0
                0x08006340                usart_tx_completed.lto_priv.0
                0x08006474                sl_zigbee_mark_buffers_handler
                0x08006520                sleep_on_isr_exit.lto_priv.0
                0x080065fe                uart_write_async.lto_priv.0
                0x08006f28                sl_cli_tokenize
                0x0800700a                __NVIC_SetPriority.lto_priv.0
                0x08007030                sl_interrupt_manager_clear_irq_pending
                0x0800704c                enable_interrupt.lto_priv.0
                0x08007068                __rx_buffer_full.lto_priv.0
                0x080070a4                __rx_buffer_empty.lto_priv.0
                0x080070d8                set_new_data_detect.lto_priv.0
                0x08007214                uart_read.lto_priv.0