Archive member included to satisfy reference by file (symbol)

d:/si/developer/toolchains/gnu_arm/12.2.rel1_2023.7/bin/../lib/gcc/arm-none-eabi/12.2.1/thumb/v8-m.main+fp/hard\libc_nano.a(libc_a-exit.o)
                              d:/si/developer/toolchains/gnu_arm/12.2.rel1_2023.7/bin/../lib/gcc/arm-none-eabi/12.2.1/thumb/v8-m.main+fp/hard/crt0.o (exit)
d:/si/developer/toolchains/gnu_arm/12.2.rel1_2023.7/bin/../lib/gcc/arm-none-eabi/12.2.1/thumb/v8-m.main+fp/hard\libc_nano.a(libc_a-strtol.o)
                              CMakeFiles/slc_zigbee_minimal.dir/default_config/C_/Users/ACER/SimplicityStudio/SDKs/simplicity_sdk_2/platform/service/cli/src/sl_cli_arguments.c.obj (symbol from plugin) (strtol)
d:/si/developer/toolchains/gnu_arm/12.2.rel1_2023.7/bin/../lib/gcc/arm-none-eabi/12.2.1/thumb/v8-m.main+fp/hard\libc_nano.a(libc_a-strtoul.o)
                              CMakeFiles/slc_zigbee_minimal.dir/default_config/C_/Users/ACER/SimplicityStudio/SDKs/simplicity_sdk_2/platform/service/cli/src/sl_cli_arguments.c.obj (symbol from plugin) (strtoul)
d:/si/developer/toolchains/gnu_arm/12.2.rel1_2023.7/bin/../lib/gcc/arm-none-eabi/12.2.1/thumb/v8-m.main+fp/hard\libc_nano.a(libc_a-strtoll.o)
                              CMakeFiles/slc_zigbee_minimal.dir/default_config/C_/Users/ACER/SimplicityStudio/SDKs/simplicity_sdk_2/platform/service/cli/src/sl_cli_arguments.c.obj (symbol from plugin) (strtoll)
d:/si/developer/toolchains/gnu_arm/12.2.rel1_2023.7/bin/../lib/gcc/arm-none-eabi/12.2.1/thumb/v8-m.main+fp/hard\libc_nano.a(libc_a-ctype_.o)
                              d:/si/developer/toolchains/gnu_arm/12.2.rel1_2023.7/bin/../lib/gcc/arm-none-eabi/12.2.1/thumb/v8-m.main+fp/hard\libc_nano.a(libc_a-strtol.o) (_ctype_)
d:/si/developer/toolchains/gnu_arm/12.2.rel1_2023.7/bin/../lib/gcc/arm-none-eabi/12.2.1/thumb/v8-m.main+fp/hard\libc_nano.a(libc_a-findfp.o)
                              d:/si/developer/toolchains/gnu_arm/12.2.rel1_2023.7/bin/../lib/gcc/arm-none-eabi/12.2.1/thumb/v8-m.main+fp/hard\libc_nano.a(libc_a-exit.o) (__stdio_exit_handler)
d:/si/developer/toolchains/gnu_arm/12.2.rel1_2023.7/bin/../lib/gcc/arm-none-eabi/12.2.1/thumb/v8-m.main+fp/hard\libc_nano.a(libc_a-fwalk.o)
                              d:/si/developer/toolchains/gnu_arm/12.2.rel1_2023.7/bin/../lib/gcc/arm-none-eabi/12.2.1/thumb/v8-m.main+fp/hard\libc_nano.a(libc_a-findfp.o) (_fwalk_sglue)
d:/si/developer/toolchains/gnu_arm/12.2.rel1_2023.7/bin/../lib/gcc/arm-none-eabi/12.2.1/thumb/v8-m.main+fp/hard\libc_nano.a(libc_a-stdio.o)
                              d:/si/developer/toolchains/gnu_arm/12.2.rel1_2023.7/bin/../lib/gcc/arm-none-eabi/12.2.1/thumb/v8-m.main+fp/hard\libc_nano.a(libc_a-findfp.o) (__sread)
d:/si/developer/toolchains/gnu_arm/12.2.rel1_2023.7/bin/../lib/gcc/arm-none-eabi/12.2.1/thumb/v8-m.main+fp/hard\libc_nano.a(libc_a-memset.o)
                              d:/si/developer/toolchains/gnu_arm/12.2.rel1_2023.7/bin/../lib/gcc/arm-none-eabi/12.2.1/thumb/v8-m.main+fp/hard/crt0.o (memset)
d:/si/developer/toolchains/gnu_arm/12.2.rel1_2023.7/bin/../lib/gcc/arm-none-eabi/12.2.1/thumb/v8-m.main+fp/hard\libc_nano.a(libc_a-closer.o)
                              d:/si/developer/toolchains/gnu_arm/12.2.rel1_2023.7/bin/../lib/gcc/arm-none-eabi/12.2.1/thumb/v8-m.main+fp/hard\libc_nano.a(libc_a-stdio.o) (_close_r)
d:/si/developer/toolchains/gnu_arm/12.2.rel1_2023.7/bin/../lib/gcc/arm-none-eabi/12.2.1/thumb/v8-m.main+fp/hard\libc_nano.a(libc_a-reent.o)
                              d:/si/developer/toolchains/gnu_arm/12.2.rel1_2023.7/bin/../lib/gcc/arm-none-eabi/12.2.1/thumb/v8-m.main+fp/hard\libc_nano.a(libc_a-closer.o) (errno)
d:/si/developer/toolchains/gnu_arm/12.2.rel1_2023.7/bin/../lib/gcc/arm-none-eabi/12.2.1/thumb/v8-m.main+fp/hard\libc_nano.a(libc_a-impure.o)
                              d:/si/developer/toolchains/gnu_arm/12.2.rel1_2023.7/bin/../lib/gcc/arm-none-eabi/12.2.1/thumb/v8-m.main+fp/hard\libc_nano.a(libc_a-strtol.o) (_impure_ptr)
d:/si/developer/toolchains/gnu_arm/12.2.rel1_2023.7/bin/../lib/gcc/arm-none-eabi/12.2.1/thumb/v8-m.main+fp/hard\libc_nano.a(libc_a-lseekr.o)
                              d:/si/developer/toolchains/gnu_arm/12.2.rel1_2023.7/bin/../lib/gcc/arm-none-eabi/12.2.1/thumb/v8-m.main+fp/hard\libc_nano.a(libc_a-stdio.o) (_lseek_r)
d:/si/developer/toolchains/gnu_arm/12.2.rel1_2023.7/bin/../lib/gcc/arm-none-eabi/12.2.1/thumb/v8-m.main+fp/hard\libc_nano.a(libc_a-readr.o)
                              d:/si/developer/toolchains/gnu_arm/12.2.rel1_2023.7/bin/../lib/gcc/arm-none-eabi/12.2.1/thumb/v8-m.main+fp/hard\libc_nano.a(libc_a-stdio.o) (_read_r)
d:/si/developer/toolchains/gnu_arm/12.2.rel1_2023.7/bin/../lib/gcc/arm-none-eabi/12.2.1/thumb/v8-m.main+fp/hard\libc_nano.a(libc_a-writer.o)
                              d:/si/developer/toolchains/gnu_arm/12.2.rel1_2023.7/bin/../lib/gcc/arm-none-eabi/12.2.1/thumb/v8-m.main+fp/hard\libc_nano.a(libc_a-stdio.o) (_write_r)
[...]
Memory Configuration

Name             Origin             Length             Attributes
FLASH            0x08006000         0x00318000         xr
RAM              0x20000004         0x0007fffc         xrw
BOOTLOADER_RESET_REGION 0x20000000         0x00000004         xrw
*default*        0x00000000         0xffffffff

Linker script and memory map

LOAD d:/si/developer/toolchains/gnu_arm/12.2.rel1_2023.7/bin/../lib/gcc/arm-none-eabi/12.2.1/thumb/v8-m.main+fp/hard/crti.o
LOAD d:/si/developer/toolchains/gnu_arm/12.2.rel1_2023.7/bin/../lib/gcc/arm-none-eabi/12.2.1/thumb/v8-m.main+fp/hard/crtbegin.o
LOAD d:/si/developer/toolchains/gnu_arm/12.2.rel1_2023.7/bin/../lib/gcc/arm-none-eabi/12.2.1/thumb/v8-m.main+fp/hard/crt0.o
LOAD CMakeFiles/slc_zigbee_minimal.dir/default_config/C_/Users/ACER/SimplicityStudio/SDKs/simplicity_sdk_2/hardware/board/src/sl_board_control_gpio.c.obj
LOAD C:\Users\ACER\AppData\Local\Temp\cc2iiqTY.ltrans0.ltrans.o
LOAD C:\Users\ACER\AppData\Local\Temp\cc2iiqTY.ltrans1.ltrans.o
LOAD C:\Users\ACER\AppData\Local\Temp\cc2iiqTY.ltrans2.ltrans.o
LOAD C:\Users\ACER\AppData\Local\Temp\cc2iiqTY.ltrans3.ltrans.o
LOAD C:\Users\ACER\AppData\Local\Temp\cc2iiqTY.ltrans4.ltrans.o
LOAD C:\Users\ACER\AppData\Local\Temp\cc2iiqTY.ltrans5.ltrans.o
LOAD C:\Users\ACER\AppData\Local\Temp\ccDYfZAG.debug.temp.o
LOAD C:\Users\ACER\AppData\Local\Temp\ccNx0yaZ.debug.temp.o
LOAD C:\Users\ACER\AppData\Local\Temp\ccX6K8Jh.debug.temp.o
LOAD C:\Users\ACER\AppData\Local\Temp\cc7FvIjA.debug.temp.o
LOAD C:\Users\ACER\AppData\Local\Temp\cchfgiTS.debug.temp.o
LOAD C:\Users\ACER\AppData\Local\Temp\ccrO0Rsb.debug.temp.o
LOAD C:\Users\ACER\AppData\Local\Temp\ccLeu4qt.debug.temp.o
LOAD C:\Users\ACER\AppData\Local\Temp\cc5EXgpL.debug.temp.o
LOAD C:\Users\ACER\AppData\Local\Temp\ccp5qtn3.debug.temp.o
LOAD C:\Users\ACER\AppData\Local\Temp\ccJvUFll.debug.temp.o
LOAD C:\Users\ACER\AppData\Local\Temp\cc3VnSjD.debug.temp.o
LOAD C:\Users\ACER\AppData\Local\Temp\ccnmR4hV.debug.temp.o
LOAD C:\Users\ACER\AppData\Local\Temp\ccHMkhgd.debug.temp.o
LOAD C:\Users\ACER\AppData\Local\Temp\cc1cOtev.debug.temp.o
LOAD C:\Users\ACER\AppData\Local\Temp\cclDhGcN.debug.temp.o
LOAD C:\Users\ACER\AppData\Local\Temp\ccF3KSa5.debug.temp.o
LOAD C:\Users\ACER\AppData\Local\Temp\ccZte58m.debug.temp.o
LOAD C:\Users\ACER\AppData\Local\Temp\ccjUHh7E.debug.temp.o
LOAD C:\Users\ACER\AppData\Local\Temp\ccn4gzNV.debug.temp.o
LOAD C:\Users\ACER\AppData\Local\Temp\ccreQQtc.debug.temp.o
LOAD C:\Users\ACER\AppData\Local\Temp\ccvop89s.debug.temp.o
LOAD C:\Users\ACER\AppData\Local\Temp\cczyYpQJ.debug.temp.o
LOAD C:\Users\ACER\AppData\Local\Temp\ccDIxHw0.debug.temp.o
LOAD C:\Users\ACER\AppData\Local\Temp\ccHS6Ych.debug.temp.o
LOAD C:\Users\ACER\AppData\Local\Temp\ccL2FgTx.debug.temp.o
LOAD C:\Users\ACER\AppData\Local\Temp\ccPcfyzO.debug.temp.o
LOAD C:\Users\ACER\AppData\Local\Temp\ccTmOPf5.debug.temp.o
LOAD C:\Users\ACER\AppData\Local\Temp\ccXwn7Vl.debug.temp.o
LOAD C:\Users\ACER\AppData\Local\Temp\cc1GWoCC.debug.temp.o
LOAD C:\Users\ACER\AppData\Local\Temp\cc5QvGiT.debug.temp.o
LOAD C:\Users\ACER\AppData\Local\Temp\cc904XY9.debug.temp.o
LOAD C:\Users\ACER\AppData\Local\Temp\ccdbEfFq.debug.temp.o
LOAD C:\Users\ACER\AppData\Local\Temp\cczq7KhL.debug.temp.o
LOAD C:\Users\ACER\AppData\Local\Temp\ccNJaLh6.debug.temp.o
LOAD C:\Users\ACER\AppData\Local\Temp\cc12dLhr.debug.temp.o
LOAD C:\Users\ACER\AppData\Local\Temp\ccfmhLhM.debug.temp.o
LOAD C:\Users\ACER\AppData\Local\Temp\cctFkLh7.debug.temp.o
LOAD C:\Users\ACER\AppData\Local\Temp\ccHYnLhs.debug.temp.o
LOAD C:\Users\ACER\AppData\Local\Temp\ccVhrLhN.debug.temp.o
LOAD C:\Users\ACER\AppData\Local\Temp\cc9AuLh8.debug.temp.o
LOAD C:\Users\ACER\AppData\Local\Temp\ccnUxLht.debug.temp.o
LOAD C:\Users\ACER\AppData\Local\Temp\ccBdBLhO.debug.temp.o
LOAD C:\Users\ACER\AppData\Local\Temp\ccPwELh9.debug.temp.o
LOAD C:\Users\ACER\AppData\Local\Temp\cc3PHLhu.debug.temp.o
LOAD C:\Users\ACER\AppData\Local\Temp\cch9KLhP.debug.temp.o
LOAD C:\Users\ACER\AppData\Local\Temp\ccvoUnN9.debug.temp.o
LOAD C:\Users\ACER\AppData\Local\Temp\ccfQNk1t.debug.temp.o
LOAD C:\Users\ACER\AppData\Local\Temp\ccZhHhfO.debug.temp.o
LOAD C:\Users\ACER\AppData\Local\Temp\ccJJAet8.debug.temp.o
LOAD C:\Users\ACER\AppData\Local\Temp\cctbubHs.debug.temp.o
LOAD C:\Users\ACER\AppData\Local\Temp\ccdDn8UM.debug.temp.o
LOAD C:\Users\ACER\AppData\Local\Temp\ccX4g586.debug.temp.o
LOAD C:\Users\ACER\AppData\Local\Temp\ccHwa2mr.debug.temp.o
LOAD C:\Users\ACER\AppData\Local\Temp\ccrY3YAL.debug.temp.o
LOAD C:\Users\ACER\AppData\Local\Temp\ccbqXVO5.debug.temp.o
LOAD C:\Users\ACER\AppData\Local\Temp\ccVRQS2p.debug.temp.o
LOAD C:\Users\ACER\AppData\Local\Temp\ccFjKPgK.debug.temp.o
LOAD C:\Users\ACER\AppData\Local\Temp\ccpLDMu4.debug.temp.o
LOAD C:\Users\ACER\AppData\Local\Temp\cc9cxJIo.debug.temp.o
LOAD C:\Users\ACER\AppData\Local\Temp\ccTEqGWI.debug.temp.o
LOAD C:\Users\ACER\AppData\Local\Temp\ccPSDGG2.debug.temp.o
LOAD C:\Users\ACER\AppData\Local\Temp\ccL6QGqm.debug.temp.o
LOAD C:\Users\ACER\AppData\Local\Temp\ccHk4GaG.debug.temp.o
LOAD C:\Users\ACER\AppData\Local\Temp\ccDyhHUZ.debug.temp.o
LOAD C:\Users\ACER\AppData\Local\Temp\cczMuHEj.debug.temp.o
LOAD C:\Users\ACER\AppData\Local\Temp\ccv0HHoD.debug.temp.o
LOAD C:\Users\ACER\AppData\Local\Temp\ccreVH8W.debug.temp.o
LOAD C:\Users\ACER\AppData\Local\Temp\ccns8HSg.debug.temp.o
LOAD C:\Users\ACER\AppData\Local\Temp\ccjGlICA.debug.temp.o
LOAD C:\Users\ACER\AppData\Local\Temp\ccfUyImU.debug.temp.o
LOAD C:\Users\ACER\AppData\Local\Temp\ccb8LI6d.debug.temp.o
LOAD C:\Users\ACER\AppData\Local\Temp\cc7lZIQx.debug.temp.o
LOAD C:\Users\ACER\AppData\Local\Temp\cc3zcJAR.debug.temp.o
LOAD C:\Users\ACER\AppData\Local\Temp\ccZNpJkb.debug.temp.o
LOAD C:\Users\ACER\AppData\Local\Temp\ccV1CJ4u.debug.temp.o
LOAD C:\Users\ACER\AppData\Local\Temp\ccPCATaS.debug.temp.o
LOAD C:\Users\ACER\AppData\Local\Temp\ccJdy3gf.debug.temp.o
LOAD C:\Users\ACER\AppData\Local\Temp\ccDOvdnC.debug.temp.o
LOAD C:\Users\ACER\AppData\Local\Temp\ccxptntZ.debug.temp.o
LOAD C:\Users\ACER\AppData\Local\Temp\ccr0qxzm.debug.temp.o
LOAD C:\Users\ACER\AppData\Local\Temp\cclBoHFJ.debug.temp.o
LOAD C:\Users\ACER\AppData\Local\Temp\ccfcmRL6.debug.temp.o
LOAD C:\Users\ACER\AppData\Local\Temp\cc9Mj1Rt.debug.temp.o
LOAD C:\Users\ACER\AppData\Local\Temp\cc3nhbYQ.debug.temp.o
LOAD C:\Users\ACER\AppData\Local\Temp\ccXYel4d.debug.temp.o
LOAD C:\Users\ACER\AppData\Local\Temp\ccRzcvaB.debug.temp.o
LOAD C:\Users\ACER\AppData\Local\Temp\ccLaaFgY.debug.temp.o
LOAD C:\Users\ACER\AppData\Local\Temp\ccFL7Oml.debug.temp.o
LOAD C:\Users\ACER\AppData\Local\Temp\cczm5YsI.debug.temp.o
LOAD C:\Users\ACER\AppData\Local\Temp\cctX28y5.debug.temp.o
LOAD C:\Users\ACER\AppData\Local\Temp\ccrOXNVr.debug.temp.o
LOAD C:\Users\ACER\AppData\Local\Temp\ccpFSsiO.debug.temp.o
LOAD C:\Users\ACER\AppData\Local\Temp\ccnwN7Ea.debug.temp.o
LOAD C:\Users\ACER\AppData\Local\Temp\cclnIM1w.debug.temp.o
LOAD C:\Users\ACER\AppData\Local\Temp\ccjeDroT.debug.temp.o
LOAD C:\Users\ACER\AppData\Local\Temp\cch5x6Kf.debug.temp.o
LOAD C:\Users\ACER\AppData\Local\Temp\ccfWsL7B.debug.temp.o
LOAD C:\Users\ACER\AppData\Local\Temp\ccvmZsXX.debug.temp.o
LOAD C:\Users\ACER\AppData\Local\Temp\ccLMvaNj.debug.temp.o
LOAD C:\Users\ACER\AppData\Local\Temp\cc1c2RCF.debug.temp.o
LOAD C:\Users\ACER\AppData\Local\Temp\cchDyzs1.debug.temp.o
LOAD C:\Users\ACER\AppData\Local\Temp\ccx34gin.debug.temp.o
LOAD C:\Users\ACER\AppData\Local\Temp\ccNtBY7I.debug.temp.o
LOAD C:\Users\ACER\AppData\Local\Temp\cc3T7FX4.debug.temp.o
LOAD C:\Users\ACER\AppData\Local\Temp\ccjkEnNq.debug.temp.o
LOAD C:\Users\ACER\AppData\Local\Temp\cczKa5CM.debug.temp.o
LOAD C:\Users\ACER\AppData\Local\Temp\ccPaHMs8.debug.temp.o
LOAD C:\Users\ACER\AppData\Local\Temp\cc5Aduiu.debug.temp.o
LOAD C:\Users\ACER\AppData\Local\Temp\ccl1Jb8P.debug.temp.o
LOAD C:\Users\ACER\AppData\Local\Temp\ccBrgTXb.debug.temp.o
LOAD C:\Users\ACER\AppData\Local\Temp\ccRRMANx.debug.temp.o
LOAD C:\Users\ACER\AppData\Local\Temp\ccZfCLTS.debug.temp.o
LOAD C:\Users\ACER\AppData\Local\Temp\cc7DrWZd.debug.temp.o
LOAD C:\Users\ACER\AppData\Local\Temp\ccf2g75y.debug.temp.o
LOAD C:\Users\ACER\AppData\Local\Temp\ccnq6hcU.debug.temp.o
LOAD C:\Users\ACER\AppData\Local\Temp\ccvOVsif.debug.temp.o
LOAD C:\Users\ACER\AppData\Local\Temp\ccDcLDoA.debug.temp.o
LOAD C:\Users\ACER\AppData\Local\Temp\ccLAAOuV.debug.temp.o
LOAD C:\Users\ACER\AppData\Local\Temp\ccTYpZAg.debug.temp.o
LOAD C:\Users\ACER\AppData\Local\Temp\cc1mfaHB.debug.temp.o
LOAD C:\Users\ACER\AppData\Local\Temp\cc9K4kNW.debug.temp.o
LOAD C:\Users\ACER\AppData\Local\Temp\cch9TvTh.debug.temp.o
LOAD C:\Users\ACER\AppData\Local\Temp\ccpxJGZC.debug.temp.o
LOAD C:\Users\ACER\AppData\Local\Temp\ccxVyR5X.debug.temp.o
LOAD C:\Users\ACER\AppData\Local\Temp\ccFjo2bj.debug.temp.o
LOAD C:\Users\ACER\AppData\Local\Temp\ccNHddiE.debug.temp.o
LOAD C:\Users\ACER\AppData\Local\Temp\ccJ1LAX3.debug.temp.o
LOAD C:\Users\ACER\AppData\Local\Temp\ccFlkYCt.debug.temp.o
LOAD C:\Users\ACER\AppData\Local\Temp\ccBFSliT.debug.temp.o
LOAD C:\Users\ACER\AppData\Local\Temp\ccxZqJXi.debug.temp.o
LOAD C:\Users\ACER\AppData\Local\Temp\cctjZ6CI.debug.temp.o
LOAD C:\Users\ACER\AppData\Local\Temp\ccpDxui8.debug.temp.o
LOAD C:\Users\ACER\AppData\Local\Temp\cclX5RXx.debug.temp.o
LOAD C:\Users\ACER\AppData\Local\Temp\cchhEfDX.debug.temp.o
LOAD C:\Users\ACER\AppData\Local\Temp\ccdBcDin.debug.temp.o
LOAD C:\Users\ACER\AppData\Local\Temp\cc9UK0XM.debug.temp.o
LOAD C:\Users\ACER\AppData\Local\Temp\ccVZjHFb.debug.temp.o
LOAD C:\Users\ACER\AppData\Local\Temp\ccH4SnnA.debug.temp.o
LOAD C:\Users\ACER\AppData\Local\Temp\cct9r44Y.debug.temp.o
LOAD C:\Users\ACER\AppData\Local\Temp\ccfe1KMn.debug.temp.o
LOAD C:\Users\ACER\AppData\Local\Temp\cc1iAruM.debug.temp.o
LOAD C:\Users\ACER\AppData\Local\Temp\ccNn97bb.debug.temp.o
LOAD C:\Users\ACER\AppData\Local\Temp\cczsIOTz.debug.temp.o
LOAD C:\Users\ACER\AppData\Local\Temp\cclxhvBY.debug.temp.o
LOAD C:\Users\ACER\AppData\Local\Temp\cc7BQbjn.debug.temp.o
LOAD C:\Users\ACER\AppData\Local\Temp\ccTGpS0L.debug.temp.o
LOAD C:\Users\ACER\AppData\Local\Temp\ccFLYyIa.debug.temp.o
LOAD C:\Users\ACER\AppData\Local\Temp\ccrQxfqz.debug.temp.o
LOAD C:\Users\ACER\AppData\Local\Temp\ccdV6V7X.debug.temp.o
LOAD C:\Users\ACER\AppData\Local\Temp\ccJrIGFm.debug.temp.o
LOAD C:\Users\ACER\AppData\Local\Temp\ccfYjrdL.debug.temp.o
LOAD C:\Users\ACER\AppData\Local\Temp\ccLuVbL9.debug.temp.o
LOAD C:\Users\ACER\AppData\Local\Temp\cch1wWiy.debug.temp.o
LOAD C:\Users\ACER\AppData\Local\Temp\ccNx8GQW.debug.temp.o
LOAD C:\Users\ACER\AppData\Local\Temp\ccj4Jrol.debug.temp.o
LOAD C:\Users\ACER\AppData\Local\Temp\ccPAlcWJ.debug.temp.o
LOAD C:\Users\ACER\AppData\Local\Temp\ccl7WWt8.debug.temp.o
LOAD C:\Users\ACER\AppData\Local\Temp\ccRDyH1w.debug.temp.o
LOAD C:\Users\ACER\AppData\Local\Temp\ccnaaszV.debug.temp.o
LOAD C:\Users\ACER\AppData\Local\Temp\ccTGLc7j.debug.temp.o
LOAD C:\Users\ACER\AppData\Local\Temp\ccpdnXEI.debug.temp.o
LOAD C:\Users\ACER\AppData\Local\Temp\ccVJYHc7.debug.temp.o
LOAD C:\Users\ACER\AppData\Local\Temp\ccrgAsKv.debug.temp.o
LOAD C:\Users\ACER\AppData\Local\Temp\ccXAjWzT.debug.temp.o
LOAD C:\Users\ACER\AppData\Local\Temp\cctV2pph.debug.temp.o
LOAD C:\Users\ACER\AppData\Local\Temp\ccZfMTeF.debug.temp.o
LOAD C:\Users\ACER\AppData\Local\Temp\ccvAvn42.debug.temp.o
LOAD C:\Users\ACER\AppData\Local\Temp\cc1UeRTq.debug.temp.o
LOAD C:\Users\ACER\AppData\Local\Temp\ccxfYkJO.debug.temp.o
LOAD C:\Users\ACER\AppData\Local\Temp\cc3zHOyc.debug.temp.o
LOAD C:\Users\ACER\AppData\Local\Temp\cczUqioA.debug.temp.o
LOAD C:\Users\ACER\AppData\Local\Temp\cc5eaMdY.debug.temp.o
LOAD C:\Users\ACER\AppData\Local\Temp\ccBzTf3l.debug.temp.o
LOAD C:\Users\ACER\AppData\Local\Temp\cc7TCJSJ.debug.temp.o
LOAD C:\Users\ACER\AppData\Local\Temp\ccpbQRJb.debug.temp.o
LOAD C:\Users\ACER\AppData\Local\Temp\ccHs3ZAD.debug.temp.o
LOAD C:\Users\ACER\AppData\Local\Temp\ccZJg8r5.debug.temp.o
LOAD C:\Users\ACER\AppData\Local\Temp\cch1tgjx.debug.temp.o
LOAD C:\Users\ACER\AppData\Local\Temp\ccziHoaZ.debug.temp.o
LOAD C:\Users\ACER\AppData\Local\Temp\ccRzUw1q.debug.temp.o
LOAD C:\Users\ACER\AppData\Local\Temp\cc9Q7ESS.debug.temp.o
LOAD C:\Users\ACER\AppData\Local\Temp\ccr8kNJk.debug.temp.o
LOAD C:\Users\ACER\AppData\Local\Temp\ccJpyVAM.debug.temp.o
LOAD C:\Users\ACER\AppData\Local\Temp\cctLEQ5d.debug.temp.o
LOAD C:\Users\ACER\AppData\Local\Temp\cc9K2LlF.debug.temp.o
LOAD C:\Users\ACER\AppData\Local\Temp\ccHIPjH6.debug.temp.o
LOAD C:\Users\ACER\AppData\Local\Temp\cclr1Gex.debug.temp.o
LOAD C:\Users\ACER\AppData\Local\Temp\cchvNxPX.debug.temp.o
LOAD C:\Users\ACER\AppData\Local\Temp\ccPiL5so.debug.temp.o
LOAD C:\Users\ACER\AppData\Local\Temp\ccn6ID6O.debug.temp.o
LOAD C:\Users\ACER\AppData\Local\Temp\ccVTGbKf.debug.temp.o
LOAD C:\Users\ACER\AppData\Local\Temp\cctHEJnG.debug.temp.o
LOAD C:\Users\ACER\AppData\Local\Temp\cc1uCh16.debug.temp.o
LOAD C:\Users\ACER\AppData\Local\Temp\ccziAPEx.debug.temp.o
LOAD C:\Users\ACER\AppData\Local\Temp\cc75xniY.debug.temp.o
LOAD C:\Users\ACER\AppData\Local\Temp\ccFTvVVo.debug.temp.o
LOAD C:\Users\ACER\AppData\Local\Temp\ccdHttzP.debug.temp.o
LOAD C:\Users\ACER\AppData\Local\Temp\ccLur1cg.debug.temp.o
LOAD C:\Users\ACER\AppData\Local\Temp\ccjipzQG.debug.temp.o
LOAD C:\Users\ACER\AppData\Local\Temp\ccR5m7t7.debug.temp.o
LOAD C:\Users\ACER\AppData\Local\Temp\ccRPtMkx.debug.temp.o
LOAD C:\Users\ACER\AppData\Local\Temp\ccRzArbX.debug.temp.o
LOAD C:\Users\ACER\AppData\Local\Temp\ccRjH61m.debug.temp.o
LOAD C:\Users\ACER\AppData\Local\Temp\ccR3NLSM.debug.temp.o
LOAD C:\Users\ACER\AppData\Local\Temp\ccRNUqJc.debug.temp.o
LOAD C:\Users\ACER\AppData\Local\Temp\ccRx15zC.debug.temp.o
LOAD C:\Users\ACER\AppData\Local\Temp\ccRh8Kq2.debug.temp.o
LOAD C:\Users\ACER\AppData\Local\Temp\ccR1eqhs.debug.temp.o
LOAD C:\Users\ACER\AppData\Local\Temp\ccRLl57R.debug.temp.o
LOAD C:\Users\ACER\AppData\Local\Temp\ccRvsKYh.debug.temp.o
LOAD C:\Users\ACER\AppData\Local\Temp\ccRfzpPH.debug.temp.o
LOAD C:\Users\ACER\AppData\Local\Temp\ccRZF4F7.debug.temp.o
LOAD C:\Users\ACER\AppData\Local\Temp\ccRJMJwx.debug.temp.o
LOAD C:\Users\ACER\AppData\Local\Temp\ccRtTonX.debug.temp.o
LOAD C:\Users\ACER\AppData\Local\Temp\ccFRhNKr.debug.temp.o
LOAD C:\Users\ACER\AppData\Local\Temp\cctfGb8V.debug.temp.o
LOAD C:\Users\ACER\AppData\Local\Temp\cchD4zvq.debug.temp.o
LOAD C:\Users\ACER\AppData\Local\Temp\cc50sYSU.debug.temp.o
LOAD C:\Users\ACER\AppData\Local\Temp\ccToRmgp.debug.temp.o
LOAD C:\Users\ACER\AppData\Local\Temp\ccHMfLDT.debug.temp.o
LOAD C:\Users\ACER\AppData\Local\Temp\ccvaE90n.debug.temp.o
LOAD C:\Users\ACER\AppData\Local\Temp\ccjy2xoS.debug.temp.o
LOAD C:\Users\ACER\AppData\Local\Temp\cc7VqWLm.debug.temp.o
LOAD C:\Users\ACER\AppData\Local\Temp\ccVjPk9Q.debug.temp.o
LOAD C:\Users\ACER\AppData\Local\Temp\ccJHdJwl.debug.temp.o
LOAD C:\Users\ACER\AppData\Local\Temp\ccx5B7TP.debug.temp.o
LOAD C:\Users\ACER\AppData\Local\Temp\cclt0vhk.debug.temp.o
LOAD C:\Users\ACER\AppData\Local\Temp\cc9QoUEO.debug.temp.o
LOAD C:\Users\ACER\AppData\Local\Temp\ccXeNi2i.debug.temp.o
LOAD C:\Users\ACER\AppData\Local\Temp\ccdroYFM.debug.temp.o
LOAD C:\Users\ACER\AppData\Local\Temp\ccrixqlg.debug.temp.o
LOAD C:\Users\ACER\AppData\Local\Temp\ccF9FS0J.debug.temp.o
LOAD C:\Users\ACER\AppData\Local\Temp\ccT0OkGd.debug.temp.o
LOAD C:\Users\ACER\AppData\Local\Temp\cc7RXMlH.debug.temp.o
LOAD C:\Users\ACER\AppData\Local\Temp\cclJ6e1a.debug.temp.o
LOAD C:\Users\ACER\AppData\Local\Temp\cczAfHGE.debug.temp.o
LOAD C:\Users\ACER\AppData\Local\Temp\ccNro9l8.debug.temp.o
LOAD C:\Users\ACER\AppData\Local\Temp\cc1ixB1B.debug.temp.o
LOAD C:\Users\ACER\AppData\Local\Temp\ccfaG3G5.debug.temp.o
LOAD C:\Users\ACER\AppData\Local\Temp\cct1Ovmz.debug.temp.o
LOAD C:\Users\ACER\AppData\Local\Temp\ccHSXX12.debug.temp.o
LOAD C:\Users\ACER\AppData\Local\Temp\ccVJ6pHw.debug.temp.o
LOAD C:\Users\ACER\AppData\Local\Temp\cc9AfSm0.debug.temp.o
LOAD C:\Users\ACER\AppData\Local\Temp\ccnsok2t.debug.temp.o
LOAD C:\Users\ACER\AppData\Local\Temp\ccBjxMHX.debug.temp.o
LOAD C:\Users\ACER\AppData\Local\Temp\ccRDqz3p.debug.temp.o
LOAD C:\Users\ACER\AppData\Local\Temp\cc7XjmpS.debug.temp.o
LOAD C:\Users\ACER\AppData\Local\Temp\ccnid9Kk.debug.temp.o
LOAD C:\Users\ACER\AppData\Local\Temp\ccDC6V6M.debug.temp.o
LOAD C:\Users\ACER\AppData\Local\Temp\ccTWZIsf.debug.temp.o
LOAD C:\Users\ACER\AppData\Local\Temp\cc9gTvOH.debug.temp.o
LOAD C:\Users\ACER\AppData\Local\Temp\ccpBMiaa.debug.temp.o
LOAD C:\Users\ACER\AppData\Local\Temp\ccFVF5vC.debug.temp.o
LOAD C:\Users\ACER\AppData\Local\Temp\ccVfzSR4.debug.temp.o
LOAD C:\Users\ACER\AppData\Local\Temp\ccbAsFdx.debug.temp.o
LOAD C:\Users\ACER\AppData\Local\Temp\ccrUlszZ.debug.temp.o
LOAD C:\Users\ACER\AppData\Local\Temp\ccHeffVr.debug.temp.o
LOAD C:\Users\ACER\AppData\Local\Temp\ccXy81gU.debug.temp.o
LOAD C:\Users\ACER\AppData\Local\Temp\ccdT1OCm.debug.temp.o
LOAD C:\Users\ACER\AppData\Local\Temp\cctdVBYO.debug.temp.o
LOAD C:\Users\ACER\AppData\Local\Temp\ccTM9Cjl.debug.temp.o
LOAD C:\Users\ACER\AppData\Local\Temp\ccjmoEER.debug.temp.o
LOAD C:\Users\ACER\AppData\Local\Temp\ccJVCFZn.debug.temp.o
LOAD C:\Users\ACER\AppData\Local\Temp\cc9uRGkU.debug.temp.o
LOAD C:\Users\ACER\AppData\Local\Temp\ccz45HFq.debug.temp.o
LOAD C:\Users\ACER\AppData\Local\Temp\ccZDkJ0W.debug.temp.o
LOAD C:\Users\ACER\AppData\Local\Temp\ccpdzKlt.debug.temp.o
LOAD C:\Users\ACER\AppData\Local\Temp\ccPMNLGZ.debug.temp.o
LOAD C:\Users\ACER\AppData\Local\Temp\ccfm2M1v.debug.temp.o
LOAD C:\Users\ACER\AppData\Local\Temp\ccFVgOm2.debug.temp.o
LOAD C:\Users\ACER\AppData\Local\Temp\cc5uvPHy.debug.temp.o
LOAD C:\Users\ACER\AppData\Local\Temp\ccv4JQ24.debug.temp.o
LOAD C:\Users\ACER\AppData\Local\Temp\ccVDYRnB.debug.temp.o
LOAD C:\Users\ACER\AppData\Local\Temp\cclddTI7.debug.temp.o
LOAD C:\Users\ACER\AppData\Local\Temp\ccnAXmUD.debug.temp.o
LOAD C:\Users\ACER\AppData\Local\Temp\ccpXHQ59.debug.temp.o
LOAD C:\Users\ACER\AppData\Local\Temp\ccrkskhG.debug.temp.o
LOAD C:\Users\ACER\AppData\Local\Temp\cctHcOsc.debug.temp.o
LOAD C:\Users\ACER\AppData\Local\Temp\ccv4WhEI.debug.temp.o
LOAD C:\Users\ACER\AppData\Local\Temp\ccf0RjWd.debug.temp.o
LOAD C:\Users\ACER\AppData\Local\Temp\ccZVMleJ.debug.temp.o
LOAD C:\Users\ACER\AppData\Local\Temp\ccJRHnwe.debug.temp.o
LOAD C:\Users\ACER\AppData\Local\Temp\cctNCpOJ.debug.temp.o
LOAD C:\Users\ACER\AppData\Local\Temp\ccdJxr6e.debug.temp.o
LOAD C:\Users\ACER\AppData\Local\Temp\ccXEstoK.debug.temp.o
LOAD C:\Users\ACER\AppData\Local\Temp\ccHAnvGf.debug.temp.o
LOAD C:\Users\ACER\AppData\Local\Temp\ccrwixYK.debug.temp.o
LOAD C:\Users\ACER\AppData\Local\Temp\ccbsdzgg.debug.temp.o
LOAD C:\Users\ACER\AppData\Local\Temp\ccVn8AyL.debug.temp.o
LOAD C:\Users\ACER\AppData\Local\Temp\ccFj3CQg.debug.temp.o
LOAD C:\Users\ACER\AppData\Local\Temp\ccpfYE8L.debug.temp.o
LOAD C:\Users\ACER\AppData\Local\Temp\cc9aTGqh.debug.temp.o
LOAD C:\Users\ACER\AppData\Local\Temp\ccT6NIIM.debug.temp.o
LOAD C:\Users\ACER\AppData\Local\Temp\ccD2IK0h.debug.temp.o
LOAD C:\Users\ACER\AppData\Local\Temp\ccnYDMiN.debug.temp.o
LOAD C:\Users\ACER\AppData\Local\Temp\ccD8xAPh.debug.temp.o
LOAD C:\Users\ACER\AppData\Local\Temp\ccTisomM.debug.temp.o
LOAD C:\Users\ACER\AppData\Local\Temp\cc9smcTg.debug.temp.o
LOAD C:\Users\ACER\AppData\Local\Temp\ccpDg0pL.debug.temp.o
LOAD C:\Users\ACER\AppData\Local\Temp\ccFNaOWf.debug.temp.o
LOAD C:\Users\ACER\AppData\Local\Temp\ccVX4BtK.debug.temp.o
LOAD C:\Users\ACER\AppData\Local\Temp\ccb8Yp0e.debug.temp.o
LOAD C:\Users\ACER\AppData\Local\Temp\ccriTdxJ.debug.temp.o
LOAD C:\Users\ACER\AppData\Local\Temp\ccHsN13d.debug.temp.o
LOAD C:\Users\ACER\AppData\Local\Temp\ccXCHPAI.debug.temp.o
LOAD C:\Users\ACER\AppData\Local\Temp\ccdNBD7c.debug.temp.o
LOAD C:\Users\ACER\AppData\Local\Temp\cctXvrEH.debug.temp.o
LOAD C:\Users\ACER\AppData\Local\Temp\ccJ7pfbc.debug.temp.o
LOAD C:\Users\ACER\AppData\Local\Temp\ccbkSrhL.debug.temp.o
LOAD C:\Users\ACER\AppData\Local\Temp\ccDwkEnk.debug.temp.o
LOAD C:\Users\ACER\AppData\Local\Temp\cc5IMQtT.debug.temp.o
LOAD C:\Users\ACER\AppData\Local\Temp\ccxVe3zs.debug.temp.o
LOAD C:\Users\ACER\AppData\Local\Temp\ccZ7GfG1.debug.temp.o
LOAD C:\Users\ACER\AppData\Local\Temp\ccrk9rMA.debug.temp.o
LOAD C:\Users\ACER\AppData\Local\Temp\ccTwBES9.debug.temp.o
LOAD C:\Users\ACER\AppData\Local\Temp\cclJ3QYI.debug.temp.o
LOAD CMakeFiles/slc_zigbee_minimal.dir/default_config/C_/Users/ACER/SimplicityStudio/SDKs/simplicity_sdk_2/hardware/board/src/sl_board_init.c.obj
LOAD CMakeFiles/slc_zigbee_minimal.dir/default_config/C_/Users/ACER/SimplicityStudio/SDKs/simplicity_sdk_2/hardware/driver/configuration_over_swo/src/sl_cos.c.obj
LOAD CMakeFiles/slc_zigbee_minimal.dir/default_config/82787b55b00ecd779fb846070d6da072/hardware/driver/mx25_flash_shutdown/src/sl_mx25_flash_shutdown_eusart/sl_mx25_flash_shutdown.c.obj
LOAD CMakeFiles/slc_zigbee_minimal.dir/default_config/C_/Users/ACER/SimplicityStudio/SDKs/simplicity_sdk_2/platform/bootloader/api/btl_interface.c.obj
LOAD CMakeFiles/slc_zigbee_minimal.dir/default_config/C_/Users/ACER/SimplicityStudio/SDKs/simplicity_sdk_2/platform/bootloader/api/btl_interface_storage.c.obj
LOAD CMakeFiles/slc_zigbee_minimal.dir/default_config/C_/Users/ACER/SimplicityStudio/SDKs/simplicity_sdk_2/platform/bootloader/app_properties/app_properties.c.obj
LOAD CMakeFiles/slc_zigbee_minimal.dir/default_config/C_/Users/ACER/SimplicityStudio/SDKs/simplicity_sdk_2/platform/bootloader/core/flash/btl_internal_flash.c.obj
LOAD CMakeFiles/slc_zigbee_minimal.dir/default_config/C_/Users/ACER/SimplicityStudio/SDKs/simplicity_sdk_2/platform/common/src/sl_assert.c.obj
LOAD CMakeFiles/slc_zigbee_minimal.dir/default_config/C_/Users/ACER/SimplicityStudio/SDKs/simplicity_sdk_2/platform/common/src/sl_core_cortexm.c.obj
LOAD CMakeFiles/slc_zigbee_minimal.dir/default_config/C_/Users/ACER/SimplicityStudio/SDKs/simplicity_sdk_2/platform/common/src/sl_slist.c.obj
LOAD CMakeFiles/slc_zigbee_minimal.dir/default_config/C_/Users/ACER/SimplicityStudio/SDKs/simplicity_sdk_2/platform/common/src/sl_string.c.obj
LOAD CMakeFiles/slc_zigbee_minimal.dir/default_config/C_/Users/ACER/SimplicityStudio/SDKs/simplicity_sdk_2/platform/common/src/sl_syscalls.c.obj
LOAD CMakeFiles/slc_zigbee_minimal.dir/default_config/C_/Users/ACER/SimplicityStudio/SDKs/simplicity_sdk_2/platform/Device/SiliconLabs/EFR32MG26/Source/startup_efr32mg26.c.obj
LOAD CMakeFiles/slc_zigbee_minimal.dir/default_config/C_/Users/ACER/SimplicityStudio/SDKs/simplicity_sdk_2/platform/Device/SiliconLabs/EFR32MG26/Source/system_efr32mg26.c.obj
LOAD CMakeFiles/slc_zigbee_minimal.dir/default_config/C_/Users/ACER/SimplicityStudio/SDKs/simplicity_sdk_2/platform/driver/debug/src/sl_debug_swo.c.obj
LOAD CMakeFiles/slc_zigbee_minimal.dir/default_config/C_/Users/ACER/SimplicityStudio/SDKs/simplicity_sdk_2/platform/driver/gpio/src/sl_gpio.c.obj
LOAD CMakeFiles/slc_zigbee_minimal.dir/default_config/C_/Users/ACER/SimplicityStudio/SDKs/simplicity_sdk_2/platform/driver/leddrv/src/sl_led.c.obj
LOAD CMakeFiles/slc_zigbee_minimal.dir/default_config/C_/Users/ACER/SimplicityStudio/SDKs/simplicity_sdk_2/platform/driver/leddrv/src/sl_simple_led.c.obj
LOAD CMakeFiles/slc_zigbee_minimal.dir/default_config/C_/Users/ACER/SimplicityStudio/SDKs/simplicity_sdk_2/platform/emdrv/dmadrv/src/dmadrv.c.obj
LOAD CMakeFiles/slc_zigbee_minimal.dir/default_config/C_/Users/ACER/SimplicityStudio/SDKs/simplicity_sdk_2/platform/emdrv/nvm3/src/nvm3.c.obj
LOAD CMakeFiles/slc_zigbee_minimal.dir/default_config/C_/Users/ACER/SimplicityStudio/SDKs/simplicity_sdk_2/platform/emdrv/nvm3/src/nvm3_cache.c.obj
LOAD CMakeFiles/slc_zigbee_minimal.dir/default_config/C_/Users/ACER/SimplicityStudio/SDKs/simplicity_sdk_2/platform/emdrv/nvm3/src/nvm3_default_common_linker.c.obj
LOAD CMakeFiles/slc_zigbee_minimal.dir/default_config/C_/Users/ACER/SimplicityStudio/SDKs/simplicity_sdk_2/platform/emdrv/nvm3/src/nvm3_hal_flash.c.obj
LOAD CMakeFiles/slc_zigbee_minimal.dir/default_config/C_/Users/ACER/SimplicityStudio/SDKs/simplicity_sdk_2/platform/emdrv/nvm3/src/nvm3_lock.c.obj
LOAD CMakeFiles/slc_zigbee_minimal.dir/default_config/C_/Users/ACER/SimplicityStudio/SDKs/simplicity_sdk_2/platform/emdrv/nvm3/src/nvm3_object.c.obj
LOAD CMakeFiles/slc_zigbee_minimal.dir/default_config/C_/Users/ACER/SimplicityStudio/SDKs/simplicity_sdk_2/platform/emdrv/nvm3/src/nvm3_page.c.obj
LOAD CMakeFiles/slc_zigbee_minimal.dir/default_config/C_/Users/ACER/SimplicityStudio/SDKs/simplicity_sdk_2/platform/emdrv/nvm3/src/nvm3_utils.c.obj
LOAD CMakeFiles/slc_zigbee_minimal.dir/default_config/C_/Users/ACER/SimplicityStudio/SDKs/simplicity_sdk_2/platform/emdrv/spidrv/src/spidrv.c.obj
LOAD CMakeFiles/slc_zigbee_minimal.dir/default_config/C_/Users/ACER/SimplicityStudio/SDKs/simplicity_sdk_2/platform/emlib/src/em_burtc.c.obj
LOAD CMakeFiles/slc_zigbee_minimal.dir/default_config/C_/Users/ACER/SimplicityStudio/SDKs/simplicity_sdk_2/platform/emlib/src/em_cmu.c.obj
LOAD CMakeFiles/slc_zigbee_minimal.dir/default_config/C_/Users/ACER/SimplicityStudio/SDKs/simplicity_sdk_2/platform/emlib/src/em_emu.c.obj
LOAD CMakeFiles/slc_zigbee_minimal.dir/default_config/C_/Users/ACER/SimplicityStudio/SDKs/simplicity_sdk_2/platform/emlib/src/em_eusart.c.obj
LOAD CMakeFiles/slc_zigbee_minimal.dir/default_config/C_/Users/ACER/SimplicityStudio/SDKs/simplicity_sdk_2/platform/emlib/src/em_gpio.c.obj
LOAD CMakeFiles/slc_zigbee_minimal.dir/default_config/C_/Users/ACER/SimplicityStudio/SDKs/simplicity_sdk_2/platform/emlib/src/em_ldma.c.obj
LOAD CMakeFiles/slc_zigbee_minimal.dir/default_config/C_/Users/ACER/SimplicityStudio/SDKs/simplicity_sdk_2/platform/emlib/src/em_msc.c.obj
LOAD CMakeFiles/slc_zigbee_minimal.dir/default_config/C_/Users/ACER/SimplicityStudio/SDKs/simplicity_sdk_2/platform/emlib/src/em_prs.c.obj
LOAD CMakeFiles/slc_zigbee_minimal.dir/default_config/C_/Users/ACER/SimplicityStudio/SDKs/simplicity_sdk_2/platform/emlib/src/em_rmu.c.obj
LOAD CMakeFiles/slc_zigbee_minimal.dir/default_config/C_/Users/ACER/SimplicityStudio/SDKs/simplicity_sdk_2/platform/emlib/src/em_system.c.obj
LOAD CMakeFiles/slc_zigbee_minimal.dir/default_config/C_/Users/ACER/SimplicityStudio/SDKs/simplicity_sdk_2/platform/emlib/src/em_timer.c.obj
LOAD CMakeFiles/slc_zigbee_minimal.dir/default_config/C_/Users/ACER/SimplicityStudio/SDKs/simplicity_sdk_2/platform/emlib/src/em_usart.c.obj
LOAD CMakeFiles/slc_zigbee_minimal.dir/default_config/C_/Users/ACER/SimplicityStudio/SDKs/simplicity_sdk_2/platform/emlib/src/em_wdog.c.obj
LOAD CMakeFiles/slc_zigbee_minimal.dir/default_config/C_/Users/ACER/SimplicityStudio/SDKs/simplicity_sdk_2/platform/peripheral/src/sl_hal_gpio.c.obj
LOAD CMakeFiles/slc_zigbee_minimal.dir/default_config/C_/Users/ACER/SimplicityStudio/SDKs/simplicity_sdk_2/platform/peripheral/src/sl_hal_sysrtc.c.obj
LOAD CMakeFiles/slc_zigbee_minimal.dir/default_config/82787b55b00ecd779fb846070d6da072/platform/radio/rail_lib/plugin/coexistence/protocol/ieee802154_uc/coexistence-802154.c.obj
LOAD CMakeFiles/slc_zigbee_minimal.dir/default_config/C_/Users/ACER/SimplicityStudio/SDKs/simplicity_sdk_2/platform/radio/rail_lib/plugin/pa-conversions/pa_conversions_efr32.c.obj
LOAD CMakeFiles/slc_zigbee_minimal.dir/default_config/C_/Users/ACER/SimplicityStudio/SDKs/simplicity_sdk_2/platform/radio/rail_lib/plugin/pa-conversions/pa_curves_efr32.c.obj
LOAD CMakeFiles/slc_zigbee_minimal.dir/default_config/C_/Users/ACER/SimplicityStudio/SDKs/simplicity_sdk_2/platform/radio/rail_lib/plugin/rail_util_ant_div/sl_rail_util_ant_div.c.obj
LOAD CMakeFiles/slc_zigbee_minimal.dir/default_config/82787b55b00ecd779fb846070d6da072/platform/radio/rail_lib/plugin/rail_util_built_in_phys/efr32xg26/sl_rail_ble_config_38M4Hz.c.obj
LOAD CMakeFiles/slc_zigbee_minimal.dir/default_config/82787b55b00ecd779fb846070d6da072/platform/radio/rail_lib/plugin/rail_util_built_in_phys/efr32xg26/sl_rail_ble_config_39MHz.c.obj
LOAD CMakeFiles/slc_zigbee_minimal.dir/default_config/82787b55b00ecd779fb846070d6da072/platform/radio/rail_lib/plugin/rail_util_built_in_phys/efr32xg26/sl_rail_ble_config_40MHz.c.obj
LOAD CMakeFiles/slc_zigbee_minimal.dir/default_config/373a83b7f52fd13bc19c9309b0c04737/radio/rail_lib/plugin/rail_util_built_in_phys/efr32xg26/sl_rail_ieee802154_config_38M4Hz.c.obj
LOAD CMakeFiles/slc_zigbee_minimal.dir/default_config/82787b55b00ecd779fb846070d6da072/platform/radio/rail_lib/plugin/rail_util_built_in_phys/efr32xg26/sl_rail_ieee802154_config_39MHz.c.obj
LOAD CMakeFiles/slc_zigbee_minimal.dir/default_config/82787b55b00ecd779fb846070d6da072/platform/radio/rail_lib/plugin/rail_util_built_in_phys/efr32xg26/sl_rail_ieee802154_config_40MHz.c.obj
LOAD CMakeFiles/slc_zigbee_minimal.dir/default_config/373a83b7f52fd13bc19c9309b0c04737/radio/rail_lib/plugin/rail_util_built_in_phys/efr32xg26/sl_rail_rfsense_ook_config_38M4Hz.c.obj
LOAD CMakeFiles/slc_zigbee_minimal.dir/default_config/373a83b7f52fd13bc19c9309b0c04737/radio/rail_lib/plugin/rail_util_built_in_phys/efr32xg26/sl_rail_rfsense_ook_config_39MHz.c.obj
LOAD CMakeFiles/slc_zigbee_minimal.dir/default_config/373a83b7f52fd13bc19c9309b0c04737/radio/rail_lib/plugin/rail_util_built_in_phys/efr32xg26/sl_rail_rfsense_ook_config_40MHz.c.obj
LOAD CMakeFiles/slc_zigbee_minimal.dir/default_config/C_/Users/ACER/SimplicityStudio/SDKs/simplicity_sdk_2/platform/radio/rail_lib/plugin/rail_util_built_in_phys/sl_rail_phy_overrides.c.obj
LOAD CMakeFiles/slc_zigbee_minimal.dir/default_config/82787b55b00ecd779fb846070d6da072/platform/radio/rail_lib/plugin/rail_util_power_manager_init/sl_rail_util_power_manager_init.c.obj
LOAD CMakeFiles/slc_zigbee_minimal.dir/default_config/C_/Users/ACER/SimplicityStudio/SDKs/simplicity_sdk_2/platform/radio/rail_lib/plugin/rail_util_pti/sl_rail_util_pti.c.obj
LOAD CMakeFiles/slc_zigbee_minimal.dir/default_config/C_/Users/ACER/SimplicityStudio/SDKs/simplicity_sdk_2/platform/radio/rail_lib/plugin/rail_util_sequencer/sl_rail_util_sequencer.c.obj
LOAD CMakeFiles/slc_zigbee_minimal.dir/default_config/C_/Users/ACER/SimplicityStudio/SDKs/simplicity_sdk_2/platform/security/sl_component/se_manager/src/sl_se_manager.c.obj
LOAD CMakeFiles/slc_zigbee_minimal.dir/default_config/C_/Users/ACER/SimplicityStudio/SDKs/simplicity_sdk_2/platform/security/sl_component/se_manager/src/sl_se_manager_attestation.c.obj
LOAD CMakeFiles/slc_zigbee_minimal.dir/default_config/C_/Users/ACER/SimplicityStudio/SDKs/simplicity_sdk_2/platform/security/sl_component/se_manager/src/sl_se_manager_cipher.c.obj
LOAD CMakeFiles/slc_zigbee_minimal.dir/default_config/C_/Users/ACER/SimplicityStudio/SDKs/simplicity_sdk_2/platform/security/sl_component/se_manager/src/sl_se_manager_entropy.c.obj
LOAD CMakeFiles/slc_zigbee_minimal.dir/default_config/C_/Users/ACER/SimplicityStudio/SDKs/simplicity_sdk_2/platform/security/sl_component/se_manager/src/sl_se_manager_hash.c.obj
LOAD CMakeFiles/slc_zigbee_minimal.dir/default_config/C_/Users/ACER/SimplicityStudio/SDKs/simplicity_sdk_2/platform/security/sl_component/se_manager/src/sl_se_manager_key_derivation.c.obj
LOAD CMakeFiles/slc_zigbee_minimal.dir/default_config/C_/Users/ACER/SimplicityStudio/SDKs/simplicity_sdk_2/platform/security/sl_component/se_manager/src/sl_se_manager_key_handling.c.obj
LOAD CMakeFiles/slc_zigbee_minimal.dir/default_config/C_/Users/ACER/SimplicityStudio/SDKs/simplicity_sdk_2/platform/security/sl_component/se_manager/src/sl_se_manager_signature.c.obj
LOAD CMakeFiles/slc_zigbee_minimal.dir/default_config/C_/Users/ACER/SimplicityStudio/SDKs/simplicity_sdk_2/platform/security/sl_component/se_manager/src/sl_se_manager_util.c.obj
LOAD CMakeFiles/slc_zigbee_minimal.dir/default_config/C_/Users/ACER/SimplicityStudio/SDKs/simplicity_sdk_2/platform/security/sl_component/se_manager/src/sli_se_manager_mailbox.c.obj
LOAD CMakeFiles/slc_zigbee_minimal.dir/default_config/C_/Users/ACER/SimplicityStudio/SDKs/simplicity_sdk_2/platform/security/sl_component/sl_mbedtls_support/src/sl_mbedtls.c.obj
LOAD CMakeFiles/slc_zigbee_minimal.dir/default_config/C_/Users/ACER/SimplicityStudio/SDKs/simplicity_sdk_2/platform/security/sl_component/sl_mbedtls_support/src/sl_psa_crypto.c.obj
LOAD CMakeFiles/slc_zigbee_minimal.dir/default_config/C_/Users/ACER/SimplicityStudio/SDKs/simplicity_sdk_2/platform/security/sl_component/sl_mbedtls_support/src/sli_psa_crypto.c.obj
LOAD CMakeFiles/slc_zigbee_minimal.dir/default_config/C_/Users/ACER/SimplicityStudio/SDKs/simplicity_sdk_2/platform/security/sl_component/sl_psa_driver/src/sl_psa_its_nvm3.c.obj
LOAD CMakeFiles/slc_zigbee_minimal.dir/default_config/C_/Users/ACER/SimplicityStudio/SDKs/simplicity_sdk_2/platform/security/sl_component/sl_psa_driver/src/sli_psa_driver_common.c.obj
LOAD CMakeFiles/slc_zigbee_minimal.dir/default_config/C_/Users/ACER/SimplicityStudio/SDKs/simplicity_sdk_2/platform/security/sl_component/sl_psa_driver/src/sli_psa_driver_init.c.obj
LOAD CMakeFiles/slc_zigbee_minimal.dir/default_config/C_/Users/ACER/SimplicityStudio/SDKs/simplicity_sdk_2/platform/security/sl_component/sl_psa_driver/src/sli_psa_trng.c.obj
LOAD CMakeFiles/slc_zigbee_minimal.dir/default_config/C_/Users/ACER/SimplicityStudio/SDKs/simplicity_sdk_2/platform/security/sl_component/sl_psa_driver/src/sli_se_driver_aead.c.obj
LOAD CMakeFiles/slc_zigbee_minimal.dir/default_config/C_/Users/ACER/SimplicityStudio/SDKs/simplicity_sdk_2/platform/security/sl_component/sl_psa_driver/src/sli_se_driver_builtin_keys.c.obj
LOAD CMakeFiles/slc_zigbee_minimal.dir/default_config/C_/Users/ACER/SimplicityStudio/SDKs/simplicity_sdk_2/platform/security/sl_component/sl_psa_driver/src/sli_se_driver_cipher.c.obj
LOAD CMakeFiles/slc_zigbee_minimal.dir/default_config/a967f76e5de6ba39d85310a69b31300c/simplicity_sdk_2/platform/security/sl_component/sl_psa_driver/src/sli_se_driver_key_derivation.c.obj
LOAD CMakeFiles/slc_zigbee_minimal.dir/default_config/a967f76e5de6ba39d85310a69b31300c/simplicity_sdk_2/platform/security/sl_component/sl_psa_driver/src/sli_se_driver_key_management.c.obj
LOAD CMakeFiles/slc_zigbee_minimal.dir/default_config/C_/Users/ACER/SimplicityStudio/SDKs/simplicity_sdk_2/platform/security/sl_component/sl_psa_driver/src/sli_se_driver_mac.c.obj
LOAD CMakeFiles/slc_zigbee_minimal.dir/default_config/C_/Users/ACER/SimplicityStudio/SDKs/simplicity_sdk_2/platform/security/sl_component/sl_psa_driver/src/sli_se_driver_signature.c.obj
LOAD CMakeFiles/slc_zigbee_minimal.dir/default_config/C_/Users/ACER/SimplicityStudio/SDKs/simplicity_sdk_2/platform/security/sl_component/sl_psa_driver/src/sli_se_opaque_driver_aead.c.obj
LOAD CMakeFiles/slc_zigbee_minimal.dir/default_config/C_/Users/ACER/SimplicityStudio/SDKs/simplicity_sdk_2/platform/security/sl_component/sl_psa_driver/src/sli_se_opaque_driver_cipher.c.obj
LOAD CMakeFiles/slc_zigbee_minimal.dir/default_config/C_/Users/ACER/SimplicityStudio/SDKs/simplicity_sdk_2/platform/security/sl_component/sl_psa_driver/src/sli_se_opaque_driver_mac.c.obj
LOAD CMakeFiles/slc_zigbee_minimal.dir/default_config/a967f76e5de6ba39d85310a69b31300c/simplicity_sdk_2/platform/security/sl_component/sl_psa_driver/src/sli_se_opaque_key_derivation.c.obj
LOAD CMakeFiles/slc_zigbee_minimal.dir/default_config/a967f76e5de6ba39d85310a69b31300c/simplicity_sdk_2/platform/security/sl_component/sl_psa_driver/src/sli_se_transparent_driver_aead.c.obj
LOAD CMakeFiles/slc_zigbee_minimal.dir/default_config/82787b55b00ecd779fb846070d6da072/platform/security/sl_component/sl_psa_driver/src/sli_se_transparent_driver_cipher.c.obj
LOAD CMakeFiles/slc_zigbee_minimal.dir/default_config/a967f76e5de6ba39d85310a69b31300c/simplicity_sdk_2/platform/security/sl_component/sl_psa_driver/src/sli_se_transparent_driver_hash.c.obj
LOAD CMakeFiles/slc_zigbee_minimal.dir/default_config/a967f76e5de6ba39d85310a69b31300c/simplicity_sdk_2/platform/security/sl_component/sl_psa_driver/src/sli_se_transparent_driver_mac.c.obj
LOAD CMakeFiles/slc_zigbee_minimal.dir/default_config/82787b55b00ecd779fb846070d6da072/platform/security/sl_component/sl_psa_driver/src/sli_se_transparent_key_derivation.c.obj
LOAD CMakeFiles/slc_zigbee_minimal.dir/default_config/C_/Users/ACER/SimplicityStudio/SDKs/simplicity_sdk_2/platform/security/sl_component/sl_psa_driver/src/sli_se_version_dependencies.c.obj
LOAD CMakeFiles/slc_zigbee_minimal.dir/default_config/C_/Users/ACER/SimplicityStudio/SDKs/simplicity_sdk_2/platform/service/cli/src/sl_cli.c.obj
LOAD CMakeFiles/slc_zigbee_minimal.dir/default_config/C_/Users/ACER/SimplicityStudio/SDKs/simplicity_sdk_2/platform/service/cli/src/sl_cli_arguments.c.obj
LOAD CMakeFiles/slc_zigbee_minimal.dir/default_config/C_/Users/ACER/SimplicityStudio/SDKs/simplicity_sdk_2/platform/service/cli/src/sl_cli_command.c.obj
LOAD CMakeFiles/slc_zigbee_minimal.dir/default_config/C_/Users/ACER/SimplicityStudio/SDKs/simplicity_sdk_2/platform/service/cli/src/sl_cli_input.c.obj
LOAD CMakeFiles/slc_zigbee_minimal.dir/default_config/C_/Users/ACER/SimplicityStudio/SDKs/simplicity_sdk_2/platform/service/cli/src/sl_cli_io.c.obj
LOAD CMakeFiles/slc_zigbee_minimal.dir/default_config/C_/Users/ACER/SimplicityStudio/SDKs/simplicity_sdk_2/platform/service/cli/src/sl_cli_tokenize.c.obj
LOAD CMakeFiles/slc_zigbee_minimal.dir/default_config/C_/Users/ACER/SimplicityStudio/SDKs/simplicity_sdk_2/platform/service/clock_manager/src/sl_clock_manager.c.obj
LOAD CMakeFiles/slc_zigbee_minimal.dir/default_config/C_/Users/ACER/SimplicityStudio/SDKs/simplicity_sdk_2/platform/service/clock_manager/src/sl_clock_manager_hal_s2.c.obj
LOAD CMakeFiles/slc_zigbee_minimal.dir/default_config/C_/Users/ACER/SimplicityStudio/SDKs/simplicity_sdk_2/platform/service/clock_manager/src/sl_clock_manager_init.c.obj
LOAD CMakeFiles/slc_zigbee_minimal.dir/default_config/C_/Users/ACER/SimplicityStudio/SDKs/simplicity_sdk_2/platform/service/clock_manager/src/sl_clock_manager_init_hal_s2.c.obj
LOAD CMakeFiles/slc_zigbee_minimal.dir/default_config/C_/Users/ACER/SimplicityStudio/SDKs/simplicity_sdk_2/platform/service/device_init/src/sl_device_init_dcdc_s2.c.obj
LOAD CMakeFiles/slc_zigbee_minimal.dir/default_config/C_/Users/ACER/SimplicityStudio/SDKs/simplicity_sdk_2/platform/service/device_manager/clocks/sl_device_clock_efr32xg26.c.obj
LOAD CMakeFiles/slc_zigbee_minimal.dir/default_config/C_/Users/ACER/SimplicityStudio/SDKs/simplicity_sdk_2/platform/service/device_manager/devices/sl_device_peripheral_hal_efr32xg26.c.obj
LOAD CMakeFiles/slc_zigbee_minimal.dir/default_config/C_/Users/ACER/SimplicityStudio/SDKs/simplicity_sdk_2/platform/service/device_manager/src/sl_device_clock.c.obj
LOAD CMakeFiles/slc_zigbee_minimal.dir/default_config/C_/Users/ACER/SimplicityStudio/SDKs/simplicity_sdk_2/platform/service/device_manager/src/sl_device_gpio.c.obj
LOAD CMakeFiles/slc_zigbee_minimal.dir/default_config/C_/Users/ACER/SimplicityStudio/SDKs/simplicity_sdk_2/platform/service/device_manager/src/sl_device_peripheral.c.obj
LOAD CMakeFiles/slc_zigbee_minimal.dir/default_config/C_/Users/ACER/SimplicityStudio/SDKs/simplicity_sdk_2/platform/service/hfxo_manager/src/sl_hfxo_manager.c.obj
LOAD CMakeFiles/slc_zigbee_minimal.dir/default_config/C_/Users/ACER/SimplicityStudio/SDKs/simplicity_sdk_2/platform/service/hfxo_manager/src/sl_hfxo_manager_hal_s2.c.obj
LOAD CMakeFiles/slc_zigbee_minimal.dir/default_config/C_/Users/ACER/SimplicityStudio/SDKs/simplicity_sdk_2/platform/service/interrupt_manager/src/sl_interrupt_manager_cortexm.c.obj
LOAD CMakeFiles/slc_zigbee_minimal.dir/default_config/C_/Users/ACER/SimplicityStudio/SDKs/simplicity_sdk_2/platform/service/iostream/src/sl_iostream.c.obj
LOAD CMakeFiles/slc_zigbee_minimal.dir/default_config/C_/Users/ACER/SimplicityStudio/SDKs/simplicity_sdk_2/platform/service/iostream/src/sl_iostream_debug.c.obj
LOAD CMakeFiles/slc_zigbee_minimal.dir/default_config/C_/Users/ACER/SimplicityStudio/SDKs/simplicity_sdk_2/platform/service/iostream/src/sl_iostream_swo_itm_8.c.obj
LOAD CMakeFiles/slc_zigbee_minimal.dir/default_config/C_/Users/ACER/SimplicityStudio/SDKs/simplicity_sdk_2/platform/service/iostream/src/sl_iostream_uart.c.obj
LOAD CMakeFiles/slc_zigbee_minimal.dir/default_config/C_/Users/ACER/SimplicityStudio/SDKs/simplicity_sdk_2/platform/service/iostream/src/sl_iostream_usart.c.obj
LOAD CMakeFiles/slc_zigbee_minimal.dir/default_config/C_/Users/ACER/SimplicityStudio/SDKs/simplicity_sdk_2/platform/service/legacy_hal/src/base-replacement.c.obj
LOAD CMakeFiles/slc_zigbee_minimal.dir/default_config/C_/Users/ACER/SimplicityStudio/SDKs/simplicity_sdk_2/platform/service/legacy_hal/src/crc.c.obj
LOAD CMakeFiles/slc_zigbee_minimal.dir/default_config/C_/Users/ACER/SimplicityStudio/SDKs/simplicity_sdk_2/platform/service/legacy_hal/src/diagnostic.c.obj
LOAD CMakeFiles/slc_zigbee_minimal.dir/default_config/C_/Users/ACER/SimplicityStudio/SDKs/simplicity_sdk_2/platform/service/legacy_hal/src/ember-phy.c.obj
LOAD CMakeFiles/slc_zigbee_minimal.dir/default_config/C_/Users/ACER/SimplicityStudio/SDKs/simplicity_sdk_2/platform/service/legacy_hal/src/faults.s.obj
LOAD CMakeFiles/slc_zigbee_minimal.dir/default_config/C_/Users/ACER/SimplicityStudio/SDKs/simplicity_sdk_2/platform/service/legacy_hal/src/random.c.obj
LOAD CMakeFiles/slc_zigbee_minimal.dir/default_config/C_/Users/ACER/SimplicityStudio/SDKs/simplicity_sdk_2/platform/service/legacy_hal/src/token_legacy.c.obj
LOAD CMakeFiles/slc_zigbee_minimal.dir/default_config/C_/Users/ACER/SimplicityStudio/SDKs/simplicity_sdk_2/platform/service/legacy_hal_wdog/src/sl_legacy_hal_wdog.c.obj
LOAD CMakeFiles/slc_zigbee_minimal.dir/default_config/C_/Users/ACER/SimplicityStudio/SDKs/simplicity_sdk_2/platform/service/memory_manager/src/sl_memory_manager.c.obj
LOAD CMakeFiles/slc_zigbee_minimal.dir/default_config/C_/Users/ACER/SimplicityStudio/SDKs/simplicity_sdk_2/platform/service/memory_manager/src/sl_memory_manager_dynamic_reservation.c.obj
LOAD CMakeFiles/slc_zigbee_minimal.dir/default_config/C_/Users/ACER/SimplicityStudio/SDKs/simplicity_sdk_2/platform/service/memory_manager/src/sl_memory_manager_pool.c.obj
LOAD CMakeFiles/slc_zigbee_minimal.dir/default_config/C_/Users/ACER/SimplicityStudio/SDKs/simplicity_sdk_2/platform/service/memory_manager/src/sl_memory_manager_pool_common.c.obj
LOAD CMakeFiles/slc_zigbee_minimal.dir/default_config/C_/Users/ACER/SimplicityStudio/SDKs/simplicity_sdk_2/platform/service/memory_manager/src/sl_memory_manager_region.c.obj
LOAD CMakeFiles/slc_zigbee_minimal.dir/default_config/C_/Users/ACER/SimplicityStudio/SDKs/simplicity_sdk_2/platform/service/memory_manager/src/sl_memory_manager_retarget.c.obj
LOAD CMakeFiles/slc_zigbee_minimal.dir/default_config/C_/Users/ACER/SimplicityStudio/SDKs/simplicity_sdk_2/platform/service/memory_manager/src/sli_memory_manager_common.c.obj
LOAD CMakeFiles/slc_zigbee_minimal.dir/default_config/C_/Users/ACER/SimplicityStudio/SDKs/simplicity_sdk_2/platform/service/power_manager/src/common/sl_power_manager_common.c.obj
LOAD CMakeFiles/slc_zigbee_minimal.dir/default_config/C_/Users/ACER/SimplicityStudio/SDKs/simplicity_sdk_2/platform/service/power_manager/src/common/sl_power_manager_em4.c.obj
LOAD CMakeFiles/slc_zigbee_minimal.dir/default_config/C_/Users/ACER/SimplicityStudio/SDKs/simplicity_sdk_2/platform/service/power_manager/src/sleep_loop/sl_power_manager.c.obj
LOAD CMakeFiles/slc_zigbee_minimal.dir/default_config/C_/Users/ACER/SimplicityStudio/SDKs/simplicity_sdk_2/platform/service/power_manager/src/sleep_loop/sl_power_manager_debug.c.obj
LOAD CMakeFiles/slc_zigbee_minimal.dir/default_config/C_/Users/ACER/SimplicityStudio/SDKs/simplicity_sdk_2/platform/service/power_manager/src/sleep_loop/sl_power_manager_hal_s2.c.obj
LOAD CMakeFiles/slc_zigbee_minimal.dir/default_config/C_/Users/ACER/SimplicityStudio/SDKs/simplicity_sdk_2/platform/service/sl_main/src/sl_main_init.c.obj
LOAD CMakeFiles/slc_zigbee_minimal.dir/default_config/C_/Users/ACER/SimplicityStudio/SDKs/simplicity_sdk_2/platform/service/sl_main/src/sl_main_init_memory.c.obj
LOAD CMakeFiles/slc_zigbee_minimal.dir/default_config/C_/Users/ACER/SimplicityStudio/SDKs/simplicity_sdk_2/platform/service/sl_main/src/sl_main_process_action.c.obj
LOAD CMakeFiles/slc_zigbee_minimal.dir/default_config/C_/Users/ACER/SimplicityStudio/SDKs/simplicity_sdk_2/platform/service/sleeptimer/src/sl_sleeptimer.c.obj
LOAD CMakeFiles/slc_zigbee_minimal.dir/default_config/C_/Users/ACER/SimplicityStudio/SDKs/simplicity_sdk_2/platform/service/sleeptimer/src/sl_sleeptimer_hal_burtc.c.obj
LOAD CMakeFiles/slc_zigbee_minimal.dir/default_config/C_/Users/ACER/SimplicityStudio/SDKs/simplicity_sdk_2/platform/service/sleeptimer/src/sl_sleeptimer_hal_sysrtc.c.obj
LOAD CMakeFiles/slc_zigbee_minimal.dir/default_config/C_/Users/ACER/SimplicityStudio/SDKs/simplicity_sdk_2/platform/service/sleeptimer/src/sl_sleeptimer_hal_timer.c.obj
LOAD CMakeFiles/slc_zigbee_minimal.dir/default_config/C_/Users/ACER/SimplicityStudio/SDKs/simplicity_sdk_2/platform/service/token_manager/legacy/src/sl_token_def.c.obj
LOAD CMakeFiles/slc_zigbee_minimal.dir/default_config/C_/Users/ACER/SimplicityStudio/SDKs/simplicity_sdk_2/platform/service/token_manager/legacy/src/sl_token_manager.c.obj
LOAD CMakeFiles/slc_zigbee_minimal.dir/default_config/C_/Users/ACER/SimplicityStudio/SDKs/simplicity_sdk_2/platform/service/token_manager/legacy/src/sl_token_manufacturing.c.obj
LOAD CMakeFiles/slc_zigbee_minimal.dir/default_config/C_/Users/ACER/SimplicityStudio/SDKs/simplicity_sdk_2/platform/service/token_manager/legacy/src/sl_token_manufacturing_generic.c.obj
LOAD CMakeFiles/slc_zigbee_minimal.dir/default_config/C_/Users/ACER/SimplicityStudio/SDKs/simplicity_sdk_2/platform/service/udelay/src/sl_udelay.c.obj
LOAD CMakeFiles/slc_zigbee_minimal.dir/default_config/C_/Users/ACER/SimplicityStudio/SDKs/simplicity_sdk_2/platform/service/udelay/src/sl_udelay_armv6m_gcc.S.obj
LOAD CMakeFiles/slc_zigbee_minimal.dir/default_config/C_/Users/ACER/SimplicityStudio/SDKs/simplicity_sdk_2/protocol/zigbee/app/framework/cli/core-cli.c.obj
LOAD CMakeFiles/slc_zigbee_minimal.dir/default_config/C_/Users/ACER/SimplicityStudio/SDKs/simplicity_sdk_2/protocol/zigbee/app/framework/cli/network-cli.c.obj
LOAD CMakeFiles/slc_zigbee_minimal.dir/default_config/C_/Users/ACER/SimplicityStudio/SDKs/simplicity_sdk_2/protocol/zigbee/app/framework/cli/option-cli.c.obj
LOAD CMakeFiles/slc_zigbee_minimal.dir/default_config/C_/Users/ACER/SimplicityStudio/SDKs/simplicity_sdk_2/protocol/zigbee/app/framework/cli/security-cli.c.obj
LOAD CMakeFiles/slc_zigbee_minimal.dir/default_config/C_/Users/ACER/SimplicityStudio/SDKs/simplicity_sdk_2/protocol/zigbee/app/framework/cli/zcl-cli.c.obj
LOAD CMakeFiles/slc_zigbee_minimal.dir/default_config/C_/Users/ACER/SimplicityStudio/SDKs/simplicity_sdk_2/protocol/zigbee/app/framework/cli/zdo-cli.c.obj
LOAD CMakeFiles/slc_zigbee_minimal.dir/default_config/C_/Users/ACER/SimplicityStudio/SDKs/simplicity_sdk_2/protocol/zigbee/app/framework/common/sl_zigbee_system_common.c.obj
LOAD CMakeFiles/slc_zigbee_minimal.dir/default_config/C_/Users/ACER/SimplicityStudio/SDKs/simplicity_sdk_2/protocol/zigbee/app/framework/common/zigbee_app_framework_sleep.c.obj
LOAD CMakeFiles/slc_zigbee_minimal.dir/default_config/C_/Users/ACER/SimplicityStudio/SDKs/simplicity_sdk_2/protocol/zigbee/app/framework/common/zigbee_app_framework_sleep_cli.c.obj
LOAD CMakeFiles/slc_zigbee_minimal.dir/default_config/C_/Users/ACER/SimplicityStudio/SDKs/simplicity_sdk_2/protocol/zigbee/app/framework/common/zigbee_app_framework_stack_cb.c.obj
LOAD CMakeFiles/slc_zigbee_minimal.dir/default_config/C_/Users/ACER/SimplicityStudio/SDKs/simplicity_sdk_2/protocol/zigbee/app/framework/common/zigbee_enhanced_routing.c.obj
LOAD CMakeFiles/slc_zigbee_minimal.dir/default_config/C_/Users/ACER/SimplicityStudio/SDKs/simplicity_sdk_2/protocol/zigbee/app/framework/common/zigbee_stack_sleep.c.obj
LOAD CMakeFiles/slc_zigbee_minimal.dir/default_config/C_/Users/ACER/SimplicityStudio/SDKs/simplicity_sdk_2/protocol/zigbee/app/framework/plugin/counters/af-counters.c.obj
LOAD CMakeFiles/slc_zigbee_minimal.dir/default_config/C_/Users/ACER/SimplicityStudio/SDKs/simplicity_sdk_2/protocol/zigbee/app/framework/plugin/counters/counters-cb.c.obj
LOAD CMakeFiles/slc_zigbee_minimal.dir/default_config/C_/Users/ACER/SimplicityStudio/SDKs/simplicity_sdk_2/protocol/zigbee/app/framework/plugin/counters/counters-cli.c.obj
LOAD CMakeFiles/slc_zigbee_minimal.dir/default_config/C_/Users/ACER/SimplicityStudio/SDKs/simplicity_sdk_2/protocol/zigbee/app/framework/plugin/counters/counters-ota.c.obj
LOAD CMakeFiles/slc_zigbee_minimal.dir/default_config/C_/Users/ACER/SimplicityStudio/SDKs/simplicity_sdk_2/protocol/zigbee/app/framework/plugin/debug-print/sl_zigbee_debug_print.c.obj
LOAD CMakeFiles/slc_zigbee_minimal.dir/default_config/C_/Users/ACER/SimplicityStudio/SDKs/simplicity_sdk_2/protocol/zigbee/app/framework/plugin/network-steering/network-steering-cb.c.obj
LOAD CMakeFiles/slc_zigbee_minimal.dir/default_config/C_/Users/ACER/SimplicityStudio/SDKs/simplicity_sdk_2/protocol/zigbee/app/framework/plugin/network-steering/network-steering-cli.c.obj
LOAD CMakeFiles/slc_zigbee_minimal.dir/default_config/C_/Users/ACER/SimplicityStudio/SDKs/simplicity_sdk_2/protocol/zigbee/app/framework/plugin/network-steering/network-steering-v2.c.obj
LOAD CMakeFiles/slc_zigbee_minimal.dir/default_config/C_/Users/ACER/SimplicityStudio/SDKs/simplicity_sdk_2/protocol/zigbee/app/framework/plugin/network-steering/network-steering.c.obj
LOAD CMakeFiles/slc_zigbee_minimal.dir/default_config/C_/Users/ACER/SimplicityStudio/SDKs/simplicity_sdk_2/protocol/zigbee/app/framework/plugin/scan-dispatch/scan-dispatch.c.obj
LOAD CMakeFiles/slc_zigbee_minimal.dir/default_config/a967f76e5de6ba39d85310a69b31300c/simplicity_sdk_2/protocol/zigbee/app/framework/plugin/update-tc-link-key/update-tc-link-key-cb.c.obj
LOAD CMakeFiles/slc_zigbee_minimal.dir/default_config/a967f76e5de6ba39d85310a69b31300c/simplicity_sdk_2/protocol/zigbee/app/framework/plugin/update-tc-link-key/update-tc-link-key-cli.c.obj
LOAD CMakeFiles/slc_zigbee_minimal.dir/default_config/C_/Users/ACER/SimplicityStudio/SDKs/simplicity_sdk_2/protocol/zigbee/app/framework/plugin/update-tc-link-key/update-tc-link-key.c.obj
LOAD CMakeFiles/slc_zigbee_minimal.dir/default_config/C_/Users/ACER/SimplicityStudio/SDKs/simplicity_sdk_2/protocol/zigbee/app/framework/plugin/zcl_cli/zigbee-zcl-cli.c.obj
LOAD CMakeFiles/slc_zigbee_minimal.dir/default_config/C_/Users/ACER/SimplicityStudio/SDKs/simplicity_sdk_2/protocol/zigbee/app/framework/plugin/zcl_cli/zigbee-zcl-custom-cluster-cli.c.obj
LOAD CMakeFiles/slc_zigbee_minimal.dir/default_config/C_/Users/ACER/SimplicityStudio/SDKs/simplicity_sdk_2/protocol/zigbee/app/framework/plugin/zcl_cli/zigbee-zcl-global-cli.c.obj
LOAD CMakeFiles/slc_zigbee_minimal.dir/default_config/C_/Users/ACER/SimplicityStudio/SDKs/simplicity_sdk_2/protocol/zigbee/app/framework/security/af-node.c.obj
LOAD CMakeFiles/slc_zigbee_minimal.dir/default_config/C_/Users/ACER/SimplicityStudio/SDKs/simplicity_sdk_2/protocol/zigbee/app/framework/security/af-security-common.c.obj
LOAD CMakeFiles/slc_zigbee_minimal.dir/default_config/C_/Users/ACER/SimplicityStudio/SDKs/simplicity_sdk_2/protocol/zigbee/app/framework/security/af-trust-center.c.obj
LOAD CMakeFiles/slc_zigbee_minimal.dir/default_config/C_/Users/ACER/SimplicityStudio/SDKs/simplicity_sdk_2/protocol/zigbee/app/framework/security/crypto-state.c.obj
LOAD CMakeFiles/slc_zigbee_minimal.dir/default_config/C_/Users/ACER/SimplicityStudio/SDKs/simplicity_sdk_2/protocol/zigbee/app/framework/service-function/sl_service_function.c.obj
LOAD CMakeFiles/slc_zigbee_minimal.dir/default_config/C_/Users/ACER/SimplicityStudio/SDKs/simplicity_sdk_2/protocol/zigbee/app/framework/signature-decode/sl_signature_decode.c.obj
LOAD CMakeFiles/slc_zigbee_minimal.dir/default_config/C_/Users/ACER/SimplicityStudio/SDKs/simplicity_sdk_2/protocol/zigbee/app/framework/util/af-common.c.obj
LOAD CMakeFiles/slc_zigbee_minimal.dir/default_config/C_/Users/ACER/SimplicityStudio/SDKs/simplicity_sdk_2/protocol/zigbee/app/framework/util/af-event.c.obj
LOAD CMakeFiles/slc_zigbee_minimal.dir/default_config/C_/Users/ACER/SimplicityStudio/SDKs/simplicity_sdk_2/protocol/zigbee/app/framework/util/af-soc-common.c.obj
LOAD CMakeFiles/slc_zigbee_minimal.dir/default_config/C_/Users/ACER/SimplicityStudio/SDKs/simplicity_sdk_2/protocol/zigbee/app/framework/util/af-soc.c.obj
LOAD CMakeFiles/slc_zigbee_minimal.dir/default_config/C_/Users/ACER/SimplicityStudio/SDKs/simplicity_sdk_2/protocol/zigbee/app/framework/util/attribute-size.c.obj
LOAD CMakeFiles/slc_zigbee_minimal.dir/default_config/C_/Users/ACER/SimplicityStudio/SDKs/simplicity_sdk_2/protocol/zigbee/app/framework/util/attribute-storage.c.obj
LOAD CMakeFiles/slc_zigbee_minimal.dir/default_config/C_/Users/ACER/SimplicityStudio/SDKs/simplicity_sdk_2/protocol/zigbee/app/framework/util/attribute-table.c.obj
LOAD CMakeFiles/slc_zigbee_minimal.dir/default_config/C_/Users/ACER/SimplicityStudio/SDKs/simplicity_sdk_2/protocol/zigbee/app/framework/util/client-api.c.obj
LOAD CMakeFiles/slc_zigbee_minimal.dir/default_config/C_/Users/ACER/SimplicityStudio/SDKs/simplicity_sdk_2/protocol/zigbee/app/framework/util/global-callback.c.obj
LOAD CMakeFiles/slc_zigbee_minimal.dir/default_config/C_/Users/ACER/SimplicityStudio/SDKs/simplicity_sdk_2/protocol/zigbee/app/framework/util/global-other-callback.c.obj
LOAD CMakeFiles/slc_zigbee_minimal.dir/default_config/C_/Users/ACER/SimplicityStudio/SDKs/simplicity_sdk_2/protocol/zigbee/app/framework/util/message.c.obj
LOAD CMakeFiles/slc_zigbee_minimal.dir/default_config/C_/Users/ACER/SimplicityStudio/SDKs/simplicity_sdk_2/protocol/zigbee/app/framework/util/multi-network.c.obj
LOAD CMakeFiles/slc_zigbee_minimal.dir/default_config/C_/Users/ACER/SimplicityStudio/SDKs/simplicity_sdk_2/protocol/zigbee/app/framework/util/print-formatter.c.obj
LOAD CMakeFiles/slc_zigbee_minimal.dir/default_config/C_/Users/ACER/SimplicityStudio/SDKs/simplicity_sdk_2/protocol/zigbee/app/framework/util/print.c.obj
LOAD CMakeFiles/slc_zigbee_minimal.dir/default_config/C_/Users/ACER/SimplicityStudio/SDKs/simplicity_sdk_2/protocol/zigbee/app/framework/util/process-cluster-message.c.obj
LOAD CMakeFiles/slc_zigbee_minimal.dir/default_config/C_/Users/ACER/SimplicityStudio/SDKs/simplicity_sdk_2/protocol/zigbee/app/framework/util/process-global-message.c.obj
LOAD CMakeFiles/slc_zigbee_minimal.dir/default_config/C_/Users/ACER/SimplicityStudio/SDKs/simplicity_sdk_2/protocol/zigbee/app/framework/util/service-discovery-common.c.obj
LOAD CMakeFiles/slc_zigbee_minimal.dir/default_config/C_/Users/ACER/SimplicityStudio/SDKs/simplicity_sdk_2/protocol/zigbee/app/framework/util/service-discovery-soc.c.obj
LOAD CMakeFiles/slc_zigbee_minimal.dir/default_config/C_/Users/ACER/SimplicityStudio/SDKs/simplicity_sdk_2/protocol/zigbee/app/framework/util/time-util.c.obj
LOAD CMakeFiles/slc_zigbee_minimal.dir/default_config/C_/Users/ACER/SimplicityStudio/SDKs/simplicity_sdk_2/protocol/zigbee/app/framework/util/util.c.obj
LOAD CMakeFiles/slc_zigbee_minimal.dir/default_config/C_/Users/ACER/SimplicityStudio/SDKs/simplicity_sdk_2/protocol/zigbee/app/framework/util/zcl-util.c.obj
LOAD CMakeFiles/slc_zigbee_minimal.dir/default_config/C_/Users/ACER/SimplicityStudio/SDKs/simplicity_sdk_2/protocol/zigbee/app/util/common/library.c.obj
LOAD CMakeFiles/slc_zigbee_minimal.dir/default_config/C_/Users/ACER/SimplicityStudio/SDKs/simplicity_sdk_2/protocol/zigbee/app/util/counters/counters.c.obj
LOAD CMakeFiles/slc_zigbee_minimal.dir/default_config/C_/Users/ACER/SimplicityStudio/SDKs/simplicity_sdk_2/protocol/zigbee/app/util/serial/sl_zigbee_command_interpreter.c.obj
LOAD CMakeFiles/slc_zigbee_minimal.dir/default_config/C_/Users/ACER/SimplicityStudio/SDKs/simplicity_sdk_2/protocol/zigbee/app/util/zigbee-framework/zigbee-device-common.c.obj
LOAD CMakeFiles/slc_zigbee_minimal.dir/default_config/C_/Users/ACER/SimplicityStudio/SDKs/simplicity_sdk_2/protocol/zigbee/app/util/zigbee-framework/zigbee-device-library.c.obj
LOAD CMakeFiles/slc_zigbee_minimal.dir/default_config/C_/Users/ACER/SimplicityStudio/SDKs/simplicity_sdk_2/protocol/zigbee/stack/config/sl_zigbee_callback_stubs.c.obj
LOAD CMakeFiles/slc_zigbee_minimal.dir/default_config/C_/Users/ACER/SimplicityStudio/SDKs/simplicity_sdk_2/protocol/zigbee/stack/config/sl_zigbee_configuration.c.obj
LOAD CMakeFiles/slc_zigbee_minimal.dir/default_config/C_/Users/ACER/SimplicityStudio/SDKs/simplicity_sdk_2/protocol/zigbee/stack/config/sl_zigbee_configuration_access.c.obj
LOAD CMakeFiles/slc_zigbee_minimal.dir/default_config/C_/Users/ACER/SimplicityStudio/SDKs/simplicity_sdk_2/protocol/zigbee/stack/config/sl_zigbee_endpoint_stubs.c.obj
LOAD CMakeFiles/slc_zigbee_minimal.dir/default_config/C_/Users/ACER/SimplicityStudio/SDKs/simplicity_sdk_2/protocol/zigbee/stack/core/multi-pan-common.c.obj
LOAD CMakeFiles/slc_zigbee_minimal.dir/default_config/C_/Users/ACER/SimplicityStudio/SDKs/simplicity_sdk_2/protocol/zigbee/stack/core/multi-pan-stub.c.obj
LOAD CMakeFiles/slc_zigbee_minimal.dir/default_config/C_/Users/ACER/SimplicityStudio/SDKs/simplicity_sdk_2/protocol/zigbee/stack/core/sl_zigbee_multi_network_stub.c.obj
LOAD CMakeFiles/slc_zigbee_minimal.dir/default_config/C_/Users/ACER/SimplicityStudio/SDKs/simplicity_sdk_2/protocol/zigbee/stack/framework/debug-extended-stub.c.obj
LOAD CMakeFiles/slc_zigbee_minimal.dir/default_config/C_/Users/ACER/SimplicityStudio/SDKs/simplicity_sdk_2/protocol/zigbee/stack/framework/strong-random-api.c.obj
LOAD CMakeFiles/slc_zigbee_minimal.dir/default_config/C_/Users/ACER/SimplicityStudio/SDKs/simplicity_sdk_2/protocol/zigbee/stack/framework/zigbee-event-logger-stub-gen.c.obj
LOAD CMakeFiles/slc_zigbee_minimal.dir/default_config/C_/Users/ACER/SimplicityStudio/SDKs/simplicity_sdk_2/protocol/zigbee/stack/gp/gp-stub.c.obj
LOAD CMakeFiles/slc_zigbee_minimal.dir/default_config/C_/Users/ACER/SimplicityStudio/SDKs/simplicity_sdk_2/protocol/zigbee/stack/internal/src/baremetal/aes-mmo-baremetal-wrapper.c.obj
LOAD CMakeFiles/slc_zigbee_minimal.dir/default_config/a967f76e5de6ba39d85310a69b31300c/simplicity_sdk_2/protocol/zigbee/stack/internal/src/baremetal/binding-table-baremetal-callbacks.c.obj
LOAD CMakeFiles/slc_zigbee_minimal.dir/default_config/C_/Users/ACER/SimplicityStudio/SDKs/simplicity_sdk_2/protocol/zigbee/stack/internal/src/baremetal/binding-table-baremetal-wrapper.c.obj
LOAD CMakeFiles/slc_zigbee_minimal.dir/default_config/C_/Users/ACER/SimplicityStudio/SDKs/simplicity_sdk_2/protocol/zigbee/stack/internal/src/baremetal/bootload_baremetal_callbacks.c.obj
LOAD CMakeFiles/slc_zigbee_minimal.dir/default_config/C_/Users/ACER/SimplicityStudio/SDKs/simplicity_sdk_2/protocol/zigbee/stack/internal/src/baremetal/bootload_baremetal_wrapper.c.obj
LOAD CMakeFiles/slc_zigbee_minimal.dir/default_config/C_/Users/ACER/SimplicityStudio/SDKs/simplicity_sdk_2/protocol/zigbee/stack/internal/src/baremetal/child_baremetal_callbacks.c.obj
LOAD CMakeFiles/slc_zigbee_minimal.dir/default_config/C_/Users/ACER/SimplicityStudio/SDKs/simplicity_sdk_2/protocol/zigbee/stack/internal/src/baremetal/child_baremetal_wrapper.c.obj
LOAD CMakeFiles/slc_zigbee_minimal.dir/default_config/C_/Users/ACER/SimplicityStudio/SDKs/simplicity_sdk_2/protocol/zigbee/stack/internal/src/baremetal/library_baremetal_wrapper.c.obj
LOAD CMakeFiles/slc_zigbee_minimal.dir/default_config/C_/Users/ACER/SimplicityStudio/SDKs/simplicity_sdk_2/protocol/zigbee/stack/internal/src/baremetal/mac-layer-baremetal-wrapper.c.obj
LOAD CMakeFiles/slc_zigbee_minimal.dir/default_config/C_/Users/ACER/SimplicityStudio/SDKs/simplicity_sdk_2/protocol/zigbee/stack/internal/src/baremetal/message_baremetal_callbacks.c.obj
LOAD CMakeFiles/slc_zigbee_minimal.dir/default_config/C_/Users/ACER/SimplicityStudio/SDKs/simplicity_sdk_2/protocol/zigbee/stack/internal/src/baremetal/message_baremetal_wrapper.c.obj
LOAD CMakeFiles/slc_zigbee_minimal.dir/default_config/C_/Users/ACER/SimplicityStudio/SDKs/simplicity_sdk_2/protocol/zigbee/stack/internal/src/baremetal/multi-phy-baremetal-wrapper.c.obj
LOAD CMakeFiles/slc_zigbee_minimal.dir/default_config/82787b55b00ecd779fb846070d6da072/protocol/zigbee/stack/internal/src/baremetal/network-formation-baremetal-callbacks.c.obj
LOAD CMakeFiles/slc_zigbee_minimal.dir/default_config/82787b55b00ecd779fb846070d6da072/protocol/zigbee/stack/internal/src/baremetal/network-formation-baremetal-wrapper.c.obj
LOAD CMakeFiles/slc_zigbee_minimal.dir/default_config/C_/Users/ACER/SimplicityStudio/SDKs/simplicity_sdk_2/protocol/zigbee/stack/internal/src/baremetal/raw-message-baremetal-callbacks.c.obj
LOAD CMakeFiles/slc_zigbee_minimal.dir/default_config/C_/Users/ACER/SimplicityStudio/SDKs/simplicity_sdk_2/protocol/zigbee/stack/internal/src/baremetal/raw-message-baremetal-wrapper.c.obj
LOAD CMakeFiles/slc_zigbee_minimal.dir/default_config/C_/Users/ACER/SimplicityStudio/SDKs/simplicity_sdk_2/protocol/zigbee/stack/internal/src/baremetal/security_baremetal_callbacks.c.obj
LOAD CMakeFiles/slc_zigbee_minimal.dir/default_config/C_/Users/ACER/SimplicityStudio/SDKs/simplicity_sdk_2/protocol/zigbee/stack/internal/src/baremetal/security_baremetal_wrapper.c.obj
LOAD CMakeFiles/slc_zigbee_minimal.dir/default_config/82787b55b00ecd779fb846070d6da072/protocol/zigbee/stack/internal/src/baremetal/sl_zigbee_address_info_baremetal_wrapper.c.obj
LOAD CMakeFiles/slc_zigbee_minimal.dir/default_config/82787b55b00ecd779fb846070d6da072/protocol/zigbee/stack/internal/src/baremetal/sl_zigbee_duty_cycle_baremetal_callbacks.c.obj
LOAD CMakeFiles/slc_zigbee_minimal.dir/default_config/82787b55b00ecd779fb846070d6da072/protocol/zigbee/stack/internal/src/baremetal/sl_zigbee_duty_cycle_baremetal_wrapper.c.obj
LOAD CMakeFiles/slc_zigbee_minimal.dir/default_config/82787b55b00ecd779fb846070d6da072/protocol/zigbee/stack/internal/src/baremetal/sl_zigbee_random_api_baremetal_wrapper.c.obj
LOAD CMakeFiles/slc_zigbee_minimal.dir/default_config/C_/Users/ACER/SimplicityStudio/SDKs/simplicity_sdk_2/protocol/zigbee/stack/internal/src/baremetal/source-route-baremetal-wrapper.c.obj
LOAD CMakeFiles/slc_zigbee_minimal.dir/default_config/C_/Users/ACER/SimplicityStudio/SDKs/simplicity_sdk_2/protocol/zigbee/stack/internal/src/baremetal/stack-info-baremetal-callbacks.c.obj
LOAD CMakeFiles/slc_zigbee_minimal.dir/default_config/C_/Users/ACER/SimplicityStudio/SDKs/simplicity_sdk_2/protocol/zigbee/stack/internal/src/baremetal/stack-info-baremetal-wrapper.c.obj
LOAD CMakeFiles/slc_zigbee_minimal.dir/default_config/a967f76e5de6ba39d85310a69b31300c/simplicity_sdk_2/protocol/zigbee/stack/internal/src/baremetal/trust-center-baremetal-callbacks.c.obj
LOAD CMakeFiles/slc_zigbee_minimal.dir/default_config/C_/Users/ACER/SimplicityStudio/SDKs/simplicity_sdk_2/protocol/zigbee/stack/internal/src/baremetal/trust-center-baremetal-wrapper.c.obj
LOAD CMakeFiles/slc_zigbee_minimal.dir/default_config/82787b55b00ecd779fb846070d6da072/protocol/zigbee/stack/internal/src/baremetal/zigbee-device-stack-baremetal-wrapper.c.obj
LOAD CMakeFiles/slc_zigbee_minimal.dir/default_config/82787b55b00ecd779fb846070d6da072/protocol/zigbee/stack/internal/src/baremetal/zigbee-security-manager-baremetal-wrapper.c.obj
LOAD CMakeFiles/slc_zigbee_minimal.dir/default_config/C_/Users/ACER/SimplicityStudio/SDKs/simplicity_sdk_2/protocol/zigbee/stack/internal/src/stubs/stack-info-internal-weak-stubs.c.obj
LOAD CMakeFiles/slc_zigbee_minimal.dir/default_config/C_/Users/ACER/SimplicityStudio/SDKs/simplicity_sdk_2/protocol/zigbee/stack/mac/mac-info-element-parsing-stub.c.obj
LOAD CMakeFiles/slc_zigbee_minimal.dir/default_config/C_/Users/ACER/SimplicityStudio/SDKs/simplicity_sdk_2/protocol/zigbee/stack/platform/zigbee_token_interface_stub.c.obj
LOAD CMakeFiles/slc_zigbee_minimal.dir/default_config/C_/Users/ACER/SimplicityStudio/SDKs/simplicity_sdk_2/protocol/zigbee/stack/routing/zigbee/enhanced-beacon-request-stub.c.obj
LOAD CMakeFiles/slc_zigbee_minimal.dir/default_config/C_/Users/ACER/SimplicityStudio/SDKs/simplicity_sdk_2/protocol/zigbee/stack/security/cbke-crypto-engine-163k1-stub.c.obj
LOAD CMakeFiles/slc_zigbee_minimal.dir/default_config/C_/Users/ACER/SimplicityStudio/SDKs/simplicity_sdk_2/protocol/zigbee/stack/security/cbke-crypto-engine-283k1-stub.c.obj
LOAD CMakeFiles/slc_zigbee_minimal.dir/default_config/C_/Users/ACER/SimplicityStudio/SDKs/simplicity_sdk_2/protocol/zigbee/stack/security/cbke-crypto-engine-dsa-sign-stub.c.obj
LOAD CMakeFiles/slc_zigbee_minimal.dir/default_config/C_/Users/ACER/SimplicityStudio/SDKs/simplicity_sdk_2/protocol/zigbee/stack/security/cbke-crypto-engine-dsa-verify-283k1-stub.c.obj
LOAD CMakeFiles/slc_zigbee_minimal.dir/default_config/C_/Users/ACER/SimplicityStudio/SDKs/simplicity_sdk_2/protocol/zigbee/stack/security/cbke-crypto-engine-dsa-verify-stub.c.obj
LOAD CMakeFiles/slc_zigbee_minimal.dir/default_config/C_/Users/ACER/SimplicityStudio/SDKs/simplicity_sdk_2/protocol/zigbee/stack/security/cbke-crypto-engine-stub.c.obj
LOAD CMakeFiles/slc_zigbee_minimal.dir/default_config/C_/Users/ACER/SimplicityStudio/SDKs/simplicity_sdk_2/protocol/zigbee/stack/security/security-address-cache.c.obj
LOAD CMakeFiles/slc_zigbee_minimal.dir/default_config/C_/Users/ACER/SimplicityStudio/SDKs/simplicity_sdk_2/protocol/zigbee/stack/security/zigbee-secure-key-storage-upgrade.c.obj
LOAD CMakeFiles/slc_zigbee_minimal.dir/default_config/C_/Users/ACER/SimplicityStudio/SDKs/simplicity_sdk_2/protocol/zigbee/stack/security/zigbee-security-manager-vault-support.c.obj
LOAD CMakeFiles/slc_zigbee_minimal.dir/default_config/C_/Users/ACER/SimplicityStudio/SDKs/simplicity_sdk_2/protocol/zigbee/stack/security/zigbee-security-manager.c.obj
LOAD CMakeFiles/slc_zigbee_minimal.dir/default_config/C_/Users/ACER/SimplicityStudio/SDKs/simplicity_sdk_2/protocol/zigbee/stack/stubs/sl_zigbee_dynamic_commissioning_stubs.c.obj
LOAD CMakeFiles/slc_zigbee_minimal.dir/default_config/C_/Users/ACER/SimplicityStudio/SDKs/simplicity_sdk_2/protocol/zigbee/stack/stubs/sl_zigbee_fragmentation_stubs.c.obj
LOAD CMakeFiles/slc_zigbee_minimal.dir/default_config/C_/Users/ACER/SimplicityStudio/SDKs/simplicity_sdk_2/protocol/zigbee/stack/stubs/sl_zigbee_r23_misc_support_stubs.c.obj
LOAD CMakeFiles/slc_zigbee_minimal.dir/default_config/C_/Users/ACER/SimplicityStudio/SDKs/simplicity_sdk_2/protocol/zigbee/stack/stubs/sli_zigbee_zdo_cluster_filter_stubs.c.obj
LOAD CMakeFiles/slc_zigbee_minimal.dir/default_config/C_/Users/ACER/SimplicityStudio/SDKs/simplicity_sdk_2/protocol/zigbee/stack/zigbee/aps-keys-full-stub.c.obj
LOAD CMakeFiles/slc_zigbee_minimal.dir/default_config/C_/Users/ACER/SimplicityStudio/SDKs/simplicity_sdk_2/protocol/zigbee/stack/zigbee/zdo-r22-stub.c.obj
LOAD CMakeFiles/slc_zigbee_minimal.dir/default_config/C_/Users/ACER/SimplicityStudio/SDKs/simplicity_sdk_2/protocol/zigbee/stack/zll/zll-stubs.c.obj
LOAD CMakeFiles/slc_zigbee_minimal.dir/default_config/C_/Users/ACER/SimplicityStudio/SDKs/simplicity_sdk_2/util/plugin/byte_utilities/byte-utilities.c.obj
LOAD CMakeFiles/slc_zigbee_minimal.dir/default_config/C_/Users/ACER/SimplicityStudio/SDKs/simplicity_sdk_2/util/plugin/security_manager/security_manager.c.obj
LOAD CMakeFiles/slc_zigbee_minimal.dir/default_config/C_/Users/ACER/SimplicityStudio/SDKs/simplicity_sdk_2/util/third_party/mbedtls/library/cipher.c.obj
LOAD CMakeFiles/slc_zigbee_minimal.dir/default_config/C_/Users/ACER/SimplicityStudio/SDKs/simplicity_sdk_2/util/third_party/mbedtls/library/cipher_wrap.c.obj
LOAD CMakeFiles/slc_zigbee_minimal.dir/default_config/C_/Users/ACER/SimplicityStudio/SDKs/simplicity_sdk_2/util/third_party/mbedtls/library/constant_time.c.obj
LOAD CMakeFiles/slc_zigbee_minimal.dir/default_config/C_/Users/ACER/SimplicityStudio/SDKs/simplicity_sdk_2/util/third_party/mbedtls/library/platform.c.obj
LOAD CMakeFiles/slc_zigbee_minimal.dir/default_config/C_/Users/ACER/SimplicityStudio/SDKs/simplicity_sdk_2/util/third_party/mbedtls/library/platform_util.c.obj
LOAD CMakeFiles/slc_zigbee_minimal.dir/default_config/C_/Users/ACER/SimplicityStudio/SDKs/simplicity_sdk_2/util/third_party/mbedtls/library/psa_crypto.c.obj
LOAD CMakeFiles/slc_zigbee_minimal.dir/default_config/C_/Users/ACER/SimplicityStudio/SDKs/simplicity_sdk_2/util/third_party/mbedtls/library/psa_crypto_aead.c.obj
LOAD CMakeFiles/slc_zigbee_minimal.dir/default_config/C_/Users/ACER/SimplicityStudio/SDKs/simplicity_sdk_2/util/third_party/mbedtls/library/psa_crypto_cipher.c.obj
LOAD CMakeFiles/slc_zigbee_minimal.dir/default_config/C_/Users/ACER/SimplicityStudio/SDKs/simplicity_sdk_2/util/third_party/mbedtls/library/psa_crypto_client.c.obj
LOAD CMakeFiles/slc_zigbee_minimal.dir/default_config/C_/Users/ACER/SimplicityStudio/SDKs/simplicity_sdk_2/util/third_party/mbedtls/library/psa_crypto_driver_wrappers_no_static.c.obj
LOAD CMakeFiles/slc_zigbee_minimal.dir/default_config/C_/Users/ACER/SimplicityStudio/SDKs/simplicity_sdk_2/util/third_party/mbedtls/library/psa_crypto_ecp.c.obj
LOAD CMakeFiles/slc_zigbee_minimal.dir/default_config/C_/Users/ACER/SimplicityStudio/SDKs/simplicity_sdk_2/util/third_party/mbedtls/library/psa_crypto_ffdh.c.obj
LOAD CMakeFiles/slc_zigbee_minimal.dir/default_config/C_/Users/ACER/SimplicityStudio/SDKs/simplicity_sdk_2/util/third_party/mbedtls/library/psa_crypto_hash.c.obj
LOAD CMakeFiles/slc_zigbee_minimal.dir/default_config/C_/Users/ACER/SimplicityStudio/SDKs/simplicity_sdk_2/util/third_party/mbedtls/library/psa_crypto_mac.c.obj
LOAD CMakeFiles/slc_zigbee_minimal.dir/default_config/C_/Users/ACER/SimplicityStudio/SDKs/simplicity_sdk_2/util/third_party/mbedtls/library/psa_crypto_pake.c.obj
LOAD CMakeFiles/slc_zigbee_minimal.dir/default_config/C_/Users/ACER/SimplicityStudio/SDKs/simplicity_sdk_2/util/third_party/mbedtls/library/psa_crypto_rsa.c.obj
LOAD CMakeFiles/slc_zigbee_minimal.dir/default_config/C_/Users/ACER/SimplicityStudio/SDKs/simplicity_sdk_2/util/third_party/mbedtls/library/psa_crypto_se.c.obj
LOAD CMakeFiles/slc_zigbee_minimal.dir/default_config/C_/Users/ACER/SimplicityStudio/SDKs/simplicity_sdk_2/util/third_party/mbedtls/library/psa_crypto_slot_management.c.obj
LOAD CMakeFiles/slc_zigbee_minimal.dir/default_config/C_/Users/ACER/SimplicityStudio/SDKs/simplicity_sdk_2/util/third_party/mbedtls/library/psa_crypto_storage.c.obj
LOAD CMakeFiles/slc_zigbee_minimal.dir/default_config/C_/Users/ACER/SimplicityStudio/SDKs/simplicity_sdk_2/util/third_party/mbedtls/library/psa_util.c.obj
LOAD CMakeFiles/slc_zigbee_minimal.dir/default_config/C_/Users/ACER/SimplicityStudio/SDKs/simplicity_sdk_2/util/third_party/mbedtls/library/threading.c.obj
LOAD CMakeFiles/slc_zigbee_minimal.dir/default_config/C_/Users/ACER/SimplicityStudio/SDKs/simplicity_sdk_2/util/third_party/printf/printf.c.obj
LOAD CMakeFiles/slc_zigbee_minimal.dir/default_config/C_/Users/ACER/SimplicityStudio/SDKs/simplicity_sdk_2/util/third_party/printf/src/iostream_printf.c.obj
LOAD CMakeFiles/slc_zigbee_minimal.dir/default_config/E_/Silab/v5_workspace/zigbee_minimal/autogen/sl_board_default_init.c.obj
LOAD CMakeFiles/slc_zigbee_minimal.dir/default_config/E_/Silab/v5_workspace/zigbee_minimal/autogen/sl_cli_command_table.c.obj
LOAD CMakeFiles/slc_zigbee_minimal.dir/default_config/E_/Silab/v5_workspace/zigbee_minimal/autogen/sl_cli_instances.c.obj
LOAD CMakeFiles/slc_zigbee_minimal.dir/default_config/E_/Silab/v5_workspace/zigbee_minimal/autogen/sl_cluster_service_gen.c.obj
LOAD CMakeFiles/slc_zigbee_minimal.dir/default_config/E_/Silab/v5_workspace/zigbee_minimal/autogen/sl_event_handler.c.obj
LOAD CMakeFiles/slc_zigbee_minimal.dir/default_config/E_/Silab/v5_workspace/zigbee_minimal/autogen/sl_iostream_handles.c.obj
LOAD CMakeFiles/slc_zigbee_minimal.dir/default_config/E_/Silab/v5_workspace/zigbee_minimal/autogen/sl_iostream_init_usart_instances.c.obj
LOAD CMakeFiles/slc_zigbee_minimal.dir/default_config/E_/Silab/v5_workspace/zigbee_minimal/autogen/sl_power_manager_handler.c.obj
LOAD CMakeFiles/slc_zigbee_minimal.dir/default_config/E_/Silab/v5_workspace/zigbee_minimal/autogen/sl_rail_util_ieee802154_phy_select.c.obj
LOAD CMakeFiles/slc_zigbee_minimal.dir/default_config/E_/Silab/v5_workspace/zigbee_minimal/autogen/sl_rail_util_ieee802154_stack_event.c.obj
LOAD CMakeFiles/slc_zigbee_minimal.dir/default_config/E_/Silab/v5_workspace/zigbee_minimal/autogen/sl_simple_led_instances.c.obj
LOAD CMakeFiles/slc_zigbee_minimal.dir/default_config/E_/Silab/v5_workspace/zigbee_minimal/autogen/sl_spidrv_init.c.obj
LOAD CMakeFiles/slc_zigbee_minimal.dir/default_config/E_/Silab/v5_workspace/zigbee_minimal/autogen/sli_cli_hooks.c.obj
LOAD CMakeFiles/slc_zigbee_minimal.dir/default_config/E_/Silab/v5_workspace/zigbee_minimal/autogen/zap-cli.c.obj
LOAD CMakeFiles/slc_zigbee_minimal.dir/default_config/E_/Silab/v5_workspace/zigbee_minimal/autogen/zap-cluster-command-parser.c.obj
LOAD CMakeFiles/slc_zigbee_minimal.dir/default_config/E_/Silab/v5_workspace/zigbee_minimal/autogen/zap-event.c.obj
LOAD CMakeFiles/slc_zigbee_minimal.dir/default_config/E_/Silab/v5_workspace/zigbee_minimal/autogen/zigbee_common_callback_dispatcher.c.obj
LOAD CMakeFiles/slc_zigbee_minimal.dir/default_config/E_/Silab/v5_workspace/zigbee_minimal/autogen/zigbee_stack_callback_dispatcher.c.obj
LOAD CMakeFiles/slc_zigbee_minimal.dir/default_config/E_/Silab/v5_workspace/zigbee_minimal/autogen/zigbee_zcl_callback_dispatcher.c.obj
LOAD CMakeFiles/slc_zigbee_minimal.dir/default_config/E_/Silab/v5_workspace/zigbee_minimal/main.c.obj
START GROUP
LOAD d:/si/developer/toolchains/gnu_arm/12.2.rel1_2023.7/bin/../lib/gcc/arm-none-eabi/12.2.1/thumb/v8-m.main+fp/hard\libgcc.a
LOAD d:/si/developer/toolchains/gnu_arm/12.2.rel1_2023.7/bin/../lib/gcc/arm-none-eabi/12.2.1/thumb/v8-m.main+fp/hard\libc_nano.a
LOAD d:/si/developer/toolchains/gnu_arm/12.2.rel1_2023.7/bin/../lib/gcc/arm-none-eabi/12.2.1/thumb/v8-m.main+fp/hard\libm.a
LOAD d:/si/developer/toolchains/gnu_arm/12.2.rel1_2023.7/bin/../lib/gcc/arm-none-eabi/12.2.1/thumb/v8-m.main+fp/hard\libnosys.a
LOAD C:/Users/ACER/SimplicityStudio/SDKs/simplicity_sdk_2/platform/radio/rail_lib/autogen/librail_release/librail_efr32xg26_gcc_release.a
LOAD C:/Users/ACER/SimplicityStudio/SDKs/simplicity_sdk_2/protocol/zigbee/build/gcc/cortex-m33/zigbee-debug-basic/release_singlenetwork/libzigbee-debug-basic.a
LOAD C:/Users/ACER/SimplicityStudio/SDKs/simplicity_sdk_2/protocol/zigbee/build/gcc/cortex-m33/zigbee-pro-stack/release_singlenetwork/libzigbee-pro-stack.a
LOAD C:/Users/ACER/SimplicityStudio/SDKs/simplicity_sdk_2/protocol/zigbee/build/gcc/cortex-m33/zigbee-source-route/release_singlenetwork/libzigbee-source-route.a
END GROUP
START GROUP
LOAD d:/si/developer/toolchains/gnu_arm/12.2.rel1_2023.7/bin/../lib/gcc/arm-none-eabi/12.2.1/thumb/v8-m.main+fp/hard\libgcc.a
LOAD d:/si/developer/toolchains/gnu_arm/12.2.rel1_2023.7/bin/../lib/gcc/arm-none-eabi/12.2.1/thumb/v8-m.main+fp/hard\libc_nano.a
END GROUP
START GROUP
LOAD d:/si/developer/toolchains/gnu_arm/12.2.rel1_2023.7/bin/../lib/gcc/arm-none-eabi/12.2.1/thumb/v8-m.main+fp/hard\libgcc.a
LOAD d:/si/developer/toolchains/gnu_arm/12.2.rel1_2023.7/bin/../lib/gcc/arm-none-eabi/12.2.1/thumb/v8-m.main+fp/hard\libc_nano.a
END GROUP
LOAD d:/si/developer/toolchains/gnu_arm/12.2.rel1_2023.7/bin/../lib/gcc/arm-none-eabi/12.2.1/thumb/v8-m.main+fp/hard/crtend.o
LOAD d:/si/developer/toolchains/gnu_arm/12.2.rel1_2023.7/bin/../lib/gcc/arm-none-eabi/12.2.1/thumb/v8-m.main+fp/hard/crtn.o

.vectors        0x08006000      0x1b4
                0x08006000                linker_vectors_begin = .
 *(.vectors)
 .vectors       0x08006000      0x1b4 C:\Users\ACER\AppData\Local\Temp\cc2iiqTY.ltrans0.ltrans.o
                0x08006000                __Vectors
                0x080061b4                linker_vectors_end = .
                0x080061b4                __Vectors_End = .
                0x080061b4                __Vectors_Size = (__Vectors_End - __Vectors)
                0x080061b4                __lma_ramfuncs_start__ = .

.bootloader_reset_section
                0x20000000        0x4
                0x20000000                __ResetReasonStart__ = .
                0x20000004                . = (. + 0x4)
 *fill*         0x20000000        0x4 
                0x20000004                . = ALIGN (0x4)
                0x20000004                __ResetReasonEnd__ = .

.stack          0x20000008     0x1000
                0x20000008                . = ALIGN (0x8)
                0x20000008                __StackLimit = .
 *(.stack*)
 .stack         0x20000008     0x1000 C:\Users\ACER\AppData\Local\Temp\cc2iiqTY.ltrans5.ltrans.o
                0x20001008                . = ALIGN (0x4)
                0x20001008                __StackTop = .
                0x20001008                PROVIDE (__stack = __StackTop)

.bss            0x20001008     0x2e70
                0x20001008                . = ALIGN (0x4)
                0x20001008                __bss_start__ = .
 *(SORT_BY_ALIGNMENT(.bss*))
 .bss           0x20001008      0xb20 C:\Users\ACER\AppData\Local\Temp\cc2iiqTY.ltrans0.ltrans.o
                0x20001170                chTable.lto_priv.0
                0x200011f0                dmaXfer.lto_priv.0
                0x20001334                eusart_handle_list
                0x20001338                initialized.lto_priv.0
                0x20001339                null_byte.lto_priv.0
                0x2000133c                irqState
                0x20001398                nvm3_internalObjectHandleA
                0x200013f8                powerCurvesState.lto_priv.0
                0x20001418                nvm3_defaultHandleData
                0x20001484                sli_iostream_default.lto_priv.0
                0x20001488                timer_frequency.lto_priv.0
                0x2000148c                hfxo_startup_time_tc_initial.lto_priv.0
                0x20001490                hfxo_measurement_on.lto_priv.0
                0x20001491                current_em.lto_priv.0
                0x20001492                is_sleeping_waiting_for_clock_restore.lto_priv.0
                0x20001493                sleep_on_isr_exit.lto_priv.1
                0x2000149c                hfxo_startup_time_sum_average.lto_priv.0
                0x200014a0                hfxo_startup_time_table.lto_priv.0
                0x200014c8                hfxo_startup_time_tick.lto_priv.0
                0x200014d8                sl_iostream_debug.lto_priv.0
 .bss           0x20001b28      0x518 C:\Users\ACER\AppData\Local\Temp\cc2iiqTY.ltrans2.ltrans.o
                0x20001bb0                zb_sm_context_psa_key_id.lto_priv.0
                0x20001bc0                currentOutgoingPacket.lto_priv.0
                0x20001bc4                macRetries.lto_priv.0
                0x20001bd0                current_force_tx_after_failed_cca_attempts.lto_priv.0
                0x20001bda                pollQueueHead.lto_priv.0
                0x20001bdb                submitCount.lto_priv.0
                0x20001bdc                delayCount.lto_priv.0
                0x20001bde                sli_802154mac_to_network_queue
                0x20001be0                sli_zigbee_network_to_application_queue
                0x20001be2                storedKeysList.lto_priv.0
                0x20001be4                keyCount.lto_priv.0
                0x20001be8                zb_sec_man_derived_key_psa_id.lto_priv.0
                0x20001bec                nextApsFrameCounter.lto_priv.0
                0x20001bf0                sli_zigbee_incoming_tc_link_key_frame_counter
                0x20001bf4                sli_zigbee_neighbor_data
                0x20001d26                sli_zigbee_route_table
                0x20001db8                lastAgingTime.lto_priv.0
                0x20001dba                sli_zigbee_in_initial_broadcast_timeout
                0x20001dbc                sli_zigbee_broadcast_age_cutoff_indices
                0x20001dc4                sli_zigbee_discovery_table
                0x20001dee                sli_zigbee_current_lqi
                0x20001def                sli_zigbee_current_rssi
                0x20001df0                sli_zigbee_current_channel
                0x20001df4                sli_zigbee_current_mac_timestamp
                0x20001df8                sli_zigbee_current_sender
                0x20001dfa                sli_zigbee_current_aps_struct
                0x20001e08                sli_zigbee_current_sender_eui64
                0x20001e0c                sli_zigbee_current_zdo_request_status
                0x20001e0d                sli_zigbee_current_binding_index
                0x20001e10                sli_zigbee_aps_unicast_message_data
                0x20001eb0                pendingAckedCount.lto_priv.0
                0x20001eb1                sli_zigbee_request_link_key_update
                0x20001eb2                requestKeyBuffer.lto_priv.0
                0x20001eb4                sli_zigbee_frame_counters_table
                0x20001f10                sli_zigbee_child_status_data
                0x20001f20                sli_zigbee_last_child_age_time_ms
                0x20001f24                sli_zigbee_ms_since_last_poll
                0x20001f28                sli_zigbee_child_timers_data
                0x20001f44                sli_zigbee_end_device_timeout_data
                0x20001f50                childPolledBitField.lto_priv.0
                0x20001f58                childIsExpectingMessageBitField.lto_priv.0
                0x20001f60                sli_mac_child_status
                0x20001f64                lastEventTimeMs.lto_priv.0
 .bss           0x20002040      0x299 C:\Users\ACER\AppData\Local\Temp\cc2iiqTY.ltrans3.ltrans.o
                0x20002041                sli_zigbee_neighbor_count
                0x20002043                sli_zigbee_security_key_sequence_number
                0x20002044                sli_zigbee_next_nwk_frame_counter
                0x2000204c                sli_zigbee_retry_queue
                0x2000214c                beaconList.lto_priv.0
                0x20002154                scanResults.lto_priv.0
                0x200021d8                sli_zigbee_sleepy_broadcast_header
                0x200021da                sleepyBroadcastInfo.lto_priv.0
                0x200021de                current_tag.lto_priv.0
                0x200021e4                jitOrRetryTxBusy
                0x200021e5                sli_zigbee_fast_link_status_count
                0x200021e8                sli_zigbee_end_device_child_count
                0x200021e9                sli_zigbee_total_initial_children
                0x200021ec                sl_mac_active_response_callback
                0x200021f0                sl_mac_scan_complete_callback
                0x200021f4                sli_mac_energy_scan_complete_callback
                0x200021f8                sl_mac_energy_response_callback
                0x200021fc                sli_zigbee_tree_depth
                0x200021fe                newChannel.lto_priv.0
                0x20002200                sli_zigbee_unicast_tx_attempts
                0x20002202                sli_zigbee_unicast_tx_failures
                0x20002204                sli_zigbee_route_record_table_data
                0x20002218                sli_zigbee_child_table_data
                0x200022c4                sli_zigbee_child_lqi_data
                0x200022d8                sli_zigbee_current_message_status
 *fill*         0x200022d9        0x7 
 .bss.sli_rail_9fd4b577a88245688a41c225ff145d2d
                0x200022e0       0x80 C:/Users/ACER/SimplicityStudio/SDKs/simplicity_sdk_2/platform/radio/rail_lib/autogen/librail_release/librail_efr32xg26_gcc_release.a(rail_data.o)
 .bss.sli_rail_639739279e8d3d2b15a09f3a35c0cf79
                0x20002360        0x8 C:/Users/ACER/SimplicityStudio/SDKs/simplicity_sdk_2/platform/radio/rail_lib/autogen/librail_release/librail_efr32xg26_gcc_release.a(generic_phy.o)
 .bss.sli_rail_f5d6bd4b87b830444924423a67685a3c
                0x20002368      0x1b0 C:/Users/ACER/SimplicityStudio/SDKs/simplicity_sdk_2/platform/radio/rail_lib/autogen/librail_release/librail_efr32xg26_gcc_release.a(rail_rf.o)
 .bss.object.0  0x20002518       0x18 d:/si/developer/toolchains/gnu_arm/12.2.rel1_2023.7/bin/../lib/gcc/arm-none-eabi/12.2.1/thumb/v8-m.main+fp/hard/crtbegin.o
 .bss           0x20002530     0x13c4 C:\Users\ACER\AppData\Local\Temp\cc2iiqTY.ltrans1.ltrans.o
                0x20002534                sl_zigbee_af_aps_retry_override.lto_priv.0
                0x20002535                sli_zigbee_trust_center_link_key_request_policies
                0x20002536                sli_zigbee_app_link_key_request_policies
                0x20002537                sl_zigbee_af_response_type
                0x2000253a                network_cache.lto_priv.0
                0x20002540                sli_zigbee_state
                0x20002548                vScaleEM01Config.lto_priv.0
                0x20002559                is_hf_x_oscillator_used.lto_priv.0
                0x2000255a                sli_802154mac_local_eui64
                0x20002575                zigDevRequestSequence.lto_priv.0
                0x2000257c                tokensActive.lto_priv.0
                0x20002580                sli_general_purpose_heap
                0x200025ac                is_states_saved.lto_priv.0
                0x200025be                appZclBuffer
                0x20002612                appZclBufferLen
                0x20002614                count.lto_priv.0
                0x20002618                handlerQueue.lto_priv.0
                0x200026b8                head.lto_priv.0
                0x200026bc                scanNetworkEvents.lto_priv.0
                0x200026dc                sli_zigbee_af_endpoints
                0x200026ec                sl_zigbee_endpoint_count
                0x200026f2                appResponseLength
                0x200026f4                appResponseData
                0x20002748                states.lto_priv.0
                0x20002790                is_hf_x_oscillator_not_preserved.lto_priv.0
                0x20002791                error_flag.lto_priv.0
                0x20002794                emPhyRailHandle
                0x20002798                sli_zigbee_permit_joining
                0x2000279c                sli_zigbee_permit_joining_events
                0x200027bc                sli_zigbee_af_cli_network_index
                0x200027be                sli_zigbee_what_i_support_as_a_parent
                0x200027c2                sli_zigbee_af_syncing_time
                0x200027e0                sli_zigbee_node_type
                0x200027e1                sli_zigbee_network_security_level
                0x200027e4                sli_zigbee_security_state_bitmask
                0x200027e8                joinState
                0x20002804                sli_mac_upper_mac_state
                0x200028b0                sli_zigbee_allow_rejoins_with_well_known_key
                0x200028d4                zigDevRequestSequence.lto_priv.1
                0x200028d6                sli_zigbee_counters
                0x2000292a                sli_zigbee_counters_thresholds
                0x200029e0                emHeapBase.lto_priv.0
                0x200029e4                emHeapLimit
                0x200029e8                heapPointer.lto_priv.0
                0x20002aac                global_data.lto_priv.0
                0x20002ac4                sl_cli_example.lto_priv.0
                0x20002d80                global_data.lto_priv.1
                0x20003374                sli_zigbee_stack_event_queue
                0x20003384                outgoing_flat_packet.lto_priv.0
                0x20003404                mac_outgoing_sequence_number.lto_priv.0
                0x20003405                sli_mac_network_poll_queue
                0x20003406                miscInternalFlags.lto_priv.0
                0x20003408                sli_802154mac_lower_mac_state
                0x2000340c                csmaParams.lto_priv.0
                0x20003418                longIndirectPool.lto_priv.0
                0x2000341a                shortIndirectPool.lto_priv.0
                0x2000341c                indirectTimeoutMs.lto_priv.0
                0x2000341e                sl_mac_stack_filter_list_length
                0x20003420                sli_zigbee_address_table
                0x200034e0                sli_zigbee_beacon_events
                0x20003500                sli_zigbee_network_management_events
                0x20003520                sli_zigbee_neighbor_exchange_events
                0x20003540                sli_zigbee_send_parent_announce_events
                0x20003560                sli_zigbee_transient_link_key_events
                0x20003580                sli_zigbee_source_route_update_events
                0x200035a0                sli_zigbee_request_key_events
                0x200035c0                sli_zigbee_sequence_number
                0x200035c1                sli_zigbee_aps_sequence_number
                0x200035c2                receivedTimeoutResponse
                0x200035c3                responseTimeoutRemaining
                0x200035c4                parentNwkInformation
                0x200035c6                sourceRouteTableEntryCount
                0x200035c7                sourceRouteTableNewestIndex
                0x200035c8                sli_zigbee_source_route_table_data
                0x200035e4                sourceRouteUpdateRouteErrorCount
                0x200035e5                sourceRouteUpdateDeliveryFailureCount
                0x200035e6                sourceRouteUpdateNodeIdWithBrokenRoute
                0x200035e8                sourceRouteUpdateSendAddressDiscoveryNextEvent
                0x200035e9                sourceRouteUpdateActiveEvent
                0x200035ea                delayCount.lto_priv.1
                0x200035eb                submitCount.lto_priv.1
                0x200035ec                sli_zigbee_store_and_forward_queue
                0x20003620                sli_transient_entry_present.lto_priv.0
                0x20003624                sli_zigbee_aps_duplicate_rejection_entries
                0x20003638                sli_zigbee_af_app_event_queue
                0x20003648                sli_zigbee_af_service_discovery_events
                0x200036c8                sl_zigbee_af_network_steering_finish_steering_event
                0x200036e8                beginTcLinkKeyUpdateEvents.lto_priv.0
                0x20003708                messageSentCallbacks.lto_priv.0
                0x20003758                addressCacheStartIndex.lto_priv.0
                0x20003759                addressCacheSize
                0x2000375a                nextIndex.lto_priv.0
                0x2000375b                afDeviceEnabled
                0x2000375c                networkInitData.lto_priv.0
                0x20003770                keys_failed
                0x20003775                keys_passed
                0x200037ce                beacon.lto_priv.0
                0x200037eb                sli_zigbee_af_network_steering_state
                0x200037ed                updateTcLinkKeyState.lto_priv.0
                0x200037ee                bdbTcLinkKeyExchangeAttempts.lto_priv.0
                0x200037ff                beacon_number.lto_priv.0
                0x20003800                global_beacon.lto_priv.0
                0x20003816                purgeBeaconsAfterJoinSuccess.lto_priv.0
                0x20003817                beaconListCount.lto_priv.0
                0x20003818                sli_zigbee_af_network_steering_options_mask
                0x20003822                sli_zigbee_binding_remote_node
                0x20003838                avgParentRssi
                0x2000383c                sl_iostream_vcom.lto_priv.0
                0x20003864                sl_mac_stack_filter_list
                0x200038a4                sl_mac_custom_filter_list_length
                0x200038a6                sl_mac_custom_filter_list
                0x200038e6                sli_zigbee_descriptor_capability
                0x200038e8                sl_zigbee_af_response_aps_frame
 .bss           0x200038f4       0x70 C:\Users\ACER\AppData\Local\Temp\cc2iiqTY.ltrans4.ltrans.o
                0x20003918                sli_zigbee_binding_flags
                0x20003948                sli_mac_child_table
                0x2000394c                sli_zigbee_child_power
                0x20003962                nwkSequenceNumber.lto_priv.0
 .bss           0x20003964       0x4c C:\Users\ACER\AppData\Local\Temp\cc2iiqTY.ltrans5.ltrans.o
 .bss.__sf      0x200039b0      0x138 d:/si/developer/toolchains/gnu_arm/12.2.rel1_2023.7/bin/../lib/gcc/arm-none-eabi/12.2.1/thumb/v8-m.main+fp/hard\libc_nano.a(libc_a-findfp.o)
                0x200039b0                __sf
 .bss.__stdio_exit_handler
                0x20003ae8        0x4 d:/si/developer/toolchains/gnu_arm/12.2.rel1_2023.7/bin/../lib/gcc/arm-none-eabi/12.2.1/thumb/v8-m.main+fp/hard\libc_nano.a(libc_a-findfp.o)
                0x20003ae8                __stdio_exit_handler
 .bss.sli_rail_b2d4e2f0808167209d1dba530e0bb939
                0x20003aec      0x200 C:/Users/ACER/SimplicityStudio/SDKs/simplicity_sdk_2/platform/radio/rail_lib/autogen/librail_release/librail_efr32xg26_gcc_release.a(rail_data.o)
 .bss.sli_rail_c136c888d348bae01d46584776a71a85
                0x20003cec        0x8 C:/Users/ACER/SimplicityStudio/SDKs/simplicity_sdk_2/platform/radio/rail_lib/autogen/librail_release/librail_efr32xg26_gcc_release.a(rail_power_manager.o)
 .bss.sli_rail_9173f051b55c13a908edffee1745cddf
                0x20003cf4        0x8 C:/Users/ACER/SimplicityStudio/SDKs/simplicity_sdk_2/platform/radio/rail_lib/autogen/librail_release/librail_efr32xg26_gcc_release.a(rail_power_manager.o)
 .bss.sli_rail_1a9485a7c6b38dd70de7ee0102aa7aaf
                0x20003cfc       0x20 C:/Users/ACER/SimplicityStudio/SDKs/simplicity_sdk_2/platform/radio/rail_lib/autogen/librail_release/librail_efr32xg26_gcc_release.a(rail_power_manager.o)
 .bss.sli_rail_54d89e3959a4bbc543e302fea6710f95
                0x20003d1c        0x4 C:/Users/ACER/SimplicityStudio/SDKs/simplicity_sdk_2/platform/radio/rail_lib/autogen/librail_release/librail_efr32xg26_gcc_release.a(rail_power_manager.o)
                0x20003d1c                sli_rail_54d89e3959a4bbc543e302fea6710f95
 .bss.sli_rail_07aed9c96fdcaccc2e6f95e40d8fb12c
                0x20003d20        0x4 C:/Users/ACER/SimplicityStudio/SDKs/simplicity_sdk_2/platform/radio/rail_lib/autogen/librail_release/librail_efr32xg26_gcc_release.a(rail_power_manager.o)
 .bss.sli_rail_e869e9276015a189cecac6019fc3c018
                0x20003d24        0x4 C:/Users/ACER/SimplicityStudio/SDKs/simplicity_sdk_2/platform/radio/rail_lib/autogen/librail_release/librail_efr32xg26_gcc_release.a(rail_power_manager.o)
 .bss.sli_rail_4b8dfbaedea31d7cbf1e1ce30323b341
                0x20003d28        0x4 C:/Users/ACER/SimplicityStudio/SDKs/simplicity_sdk_2/platform/radio/rail_lib/autogen/librail_release/librail_efr32xg26_gcc_release.a(rail_power_manager.o)